
[>The East BBS<] [2:»CoMmOdOrE aMiGa«] Menu (41 mins. left): what

.----------------------------------------------------------------------------.
|    WHAT: Upload Activities (Version 1.0) - Coded in 1994 by Bobo/Mystic    |
|--v-------------------------v--------------------v--------------v-----------|
|Nd| Username (Handle)       | File Status        | File(s)      | Filesize  |
|--+-------------------------+--------------------+--------------+-----------|
| 1| CJ XFADE                | File Received - OK | SC-XL502.ZIP | 1.245.593 |
| 1| CJ XFADE                | File Received - OK | SC-XL503.ZIP | 1.290.960 |
| 1| CJ XFADE                | File Received - OK | SC-XL504.ZIP | 1.088.451 |
| 1| CJ XFADE                | File Received - OK | SC-XL505.ZIP | 1.442.508 |
| 1| CJ XFADE                | File Received - OK | SC-XL506.ZIP | 1.459.279 |
| 1| CJ XFADE                | File Received - OK | SC-XL507.ZIP | 1.169.284 |
| 1| CJ XFADE                | File Received - OK | SC-XL508.ZIP | 1.453.924 |
| 1| CJ XFADE                | File Received - OK | SC-XL509.ZIP | 1.333.893 |
| 1| CJ XFADE                |*Recieving file.... | SC-XL510.ZIP | Recieving |
|--+-------------------------+--------------------+--------------+-----------|
| 2| SCREWBALL               |#Beginning Upload.. |              |           |
|--+-------------------------+--------------------+--------------+-----------|
| 3| bOOZER                  |*Recieving file.... | DMS20.LHA    | Recieving |
|--^-------------------------^--------------------^--------------^-----------|
| Upload Activities -> Total files: [      8 ]  Total bytes: [  10.483.892 ] |
`----------------------------------------------------------------------------'

[>The East BBS<] [2:»CoMmOdOrE aMiGa«] Menu (21 mins. left): what

.----------------------------------------------------------------------------.
|    WHAT: Upload Activities (Version 1.0) - Coded in 1994 by Bobo/Mystic    |
|--v-------------------------v--------------------v--------------v-----------|
|Nd| Username (Handle)       | File Status        | File(s)      | Filesize  |
|--+-------------------------+--------------------+--------------+-----------|
| 1| SCREWBALL               | File Received - OK | DC2D602A.ZIP |   301.757 |
| 1| SCREWBALL               | File Received - OK | DC2D602B.ZIP |   304.644 |
| 1| SCREWBALL               |*Recieving file.... | DC2D602C.ZIP | Recieving |
|--+-------------------------+--------------------+--------------+-----------|
| 3| MR GANG                 |*Recieving file.... | PSH251-3.ZIP | Recieving |
|--^-------------------------^--------------------^--------------^-----------|
| Upload Activities -> Total files: [      2 ]  Total bytes: [     606.401 ] |
`----------------------------------------------------------------------------'
