  MacOS script /tmp/debug.log
Script started, output file is /tmp/debug.log
➜  MacOS ./fs-uae ../../../../Users/spot/Documents/FS-UAE/Configurations/Amiga\ 1200.fs-uae --log-debugger --console-debugger=1
FS-UAE 3.1.66 (Built for macOS ?)
Copyright 1995-2002 Bernd Schmidt, 1999-2017 Toni Wilen,
2003-2007 Richard Drummond, 2006-2011 Mustafa 'GnoStiC' Tufan,
2011-2017 Frode Solheim, and contributors.

This is free software; see the file COPYING for copying conditions. There
is NO warranty; not even for MERCHANTABILITY or FITNESS FOR A PARTICULAR
PURPOSE. See the README for more copyright info, and the source code for
a full list of contributors

UAE: Initializing core derived from WinUAE 3300b2
LOG: /Users/spot/Documents/FS-UAE/Cache/Logs/fs-uae.log.txt
# Keyboards path: /Users/spot/Documents/FS-UAE/Data/Devs/Keyboards
UAE: KS ROM v3.0 (A1200) rev 39.106 (512k)
 -- stub -- my_resolvesoftlink
res_initcode context = 0x0

WARNING: Activated debugger
 -- stub -- activate_console
  D0 00000000   D1 02BC20FF   D2 40000000   D3 00008000
  D4 00000000   D5 00000000   D6 80000000   D7 C0000000
  A0 0020099A   A1 002094E2   A2 00FE7350   A3 0020099E
  A4 00F813F4   A5 0020A4EE   A6 00200804   A7 00202276
USP  0020A530 ISP  00202276 SFC  00000000 DFC  00000000
CACR 00000001 VBR  00000000 CAAR 00000000 MSP  00000000
T=00 S=1 M=0 X=0 N=0 Z=0 V=0 C=0 IMASK=3 STP=0
00F81128 48e7 c0c6                MOVEM.L D0-D1/A0-A1/A5-A6,-(A7)
Next PC: 00f8112c
>>f 0x00F82368
Breakpoint added
>f 0x00F856DC
Breakpoint added
>g
WARNING: Activated debugger
 -- stub -- activate_console
  D0 00000000   D1 03CB2AFF   D2 40000000   D3 00008000
  D4 00000000   D5 00000000   D6 80000000   D7 C0000000
  A0 0020099A   A1 002094E2   A2 00FE7350   A3 0020099E
  A4 00F813F4   A5 0020A4EE   A6 00200804   A7 00202276
USP  0020A530 ISP  00202276 SFC  00000000 DFC  00000000
CACR 00000001 VBR  00000000 CAAR 00000000 MSP  00000000
T=00 S=1 M=0 X=0 N=0 Z=0 V=0 C=0 IMASK=3 STP=0
00F81128 48e7 c0c6                MOVEM.L D0-D1/A0-A1/A5-A6,-(A7)
Next PC: 00f8112c
>r
  D0 00000000   D1 03CB2AFF   D2 40000000   D3 00008000
  D4 00000000   D5 00000000   D6 80000000   D7 C0000000
  A0 0020099A   A1 002094E2   A2 00FE7350   A3 0020099E
  A4 00F813F4   A5 0020A4EE   A6 00200804   A7 00202276
USP  0020A530 ISP  00202276 SFC  00000000 DFC  00000000
CACR 00000001 VBR  00000000 CAAR 00000000 MSP  00000000
T=00 S=1 M=0 X=0 N=0 Z=0 V=0 C=0 IMASK=3 STP=0
00F81128 48e7 c0c6                MOVEM.L D0-D1/A0-A1/A5-A6,-(A7)
Next PC: 00f8112c
>m d0 64
000000D0 00F8 0AC0 00F8 0AC2 00F8 0AC4 00F8 0AC6  ................
000000E0 00F8 0AC8 00F8 0ACA 00F8 0ACC 00F8 0ACE  ................
000000F0 00F8 0AD0 00F8 0AD2 00F8 0AD4 00F8 0AD6  ................
00000100 0000 0000 0000 0000 0000 0000 0000 0000  ................
00000110 0000 0000 0000 0000 0000 0000 0000 0000  ................
00000120 0000 0000 0000 0000 0000 0000 0000 0000  ................
00000130 0000 0000 0000 0000 0000 0000 0000 0000  ................
00000140 0000 0000 0000 0000 0000 0000 0000 0000  ................
00000150 0000 0000 0000 0000 0000 0000 0000 0000  ................
00000160 0000 0000 0000 0000 0000 0000 0000 0000  ................
00000170 0000 0000 0000 0000 0000 0000 0000 0000  ................
00000180 0000 0000 0000 0000 0000 0000 0000 0000  ................
00000190 0000 0000 0000 0000 0000 0000 0000 0000  ................
000001A0 0000 0000 0000 0000 0000 0000 0000 0000  ................
000001B0 0000 0000 0000 0000 0000 0000 0000 0000  ................
000001C0 0000 0000 0000 0000 0000 0000 0000 0000  ................
000001D0 0000 0000 0000 0000 0000 0000 0000 0000  ................
000001E0 0000 0000 0000 0000 0000 0000 0000 0000  ................
000001F0 0000 0000 0000 0000 0000 0000 0000 0000  ................
00000200 0000 0000 0000 0000 0000 0000 0000 0000  ................
00000210 0000 0000 0000 0000 0000 0000 0000 0000  ................
00000220 0000 0000 0000 0000 0000 0000 0000 0000  ................
00000230 0000 0000 0000 0000 0000 0000 0000 0000  ................
00000240 0000 0000 0000 0000 0000 0000 0000 0000  ................
00000250 0000 0000 0000 0000 0000 0000 0000 0000  ................
00000260 0000 0000 0000 0000 0000 0000 0000 0000  ................
00000270 0000 0000 0000 0000 0000 0000 0000 0000  ................
00000280 0000 0000 0000 0000 0000 0000 0000 0000  ................
00000290 0000 0000 0000 0000 0000 0000 0000 0000  ................
000002A0 0000 0000 0000 0000 0000 0000 0000 0000  ................
000002B0 0000 0000 0000 0000 0000 0000 0000 0000  ................
000002C0 0000 0000 0000 0000 0000 0000 0000 0000  ................
000002D0 0000 0000 0000 0000 0000 0000 0000 0000  ................
000002E0 0000 0000 0000 0000 0000 0000 0000 0000  ................
000002F0 0000 0000 0000 0000 0000 0000 0000 0000  ................
00000300 0000 0000 0000 0000 0000 0000 0000 0000  ................
00000310 0000 0000 0000 0000 0000 0000 0000 0000  ................
00000320 0000 0000 0000 0000 0000 0000 0000 0000  ................
00000330 0000 0000 0000 0000 0000 0000 0000 0000  ................
00000340 0000 0000 0000 0000 0000 0000 0000 0000  ................
00000350 0000 0000 0000 0000 0000 0000 0000 0000  ................
00000360 0000 0000 0000 0000 0000 0000 0000 0000  ................
00000370 0000 0000 0000 0000 0000 0000 0000 0000  ................
00000380 0000 0000 0000 0000 0000 0000 03C2 00F8  ................
00000390 035A 00F8 1DDA 0000 03C2 00F8 0366 00F8  .Z...........f..
000003A0 1DDA 0000 0002 0000 0000 00F8 1D96 0020  ...............
000003B0 0428 0020 04D4 00F8 1C78 00F8 0E34 00F8  .(. .....x...4..
000003C0 0D3A 0020 0020 097E 0000 08C6 00F8 1DDA  .:. . .~........
000003D0 0000 1800 0000 0000 00F8 1D96 0000 1800  ................
000003E0 0001 0004 0020 0000 00F8 050C 00F8 0F44  ..... .........D
000003F0 0000 0000 0000 0000 00C4 0000 00F8 0348  ...............H
00000400 0020 094A 0020 0000 0AF6 00F8 0366 0703  . .J. .......f..
00000410 0000 0788 0000 0420 0020 0000 001D 0048  ....... . .....H
00000420 00E0 0000 0100 8201 0106 0C40 0180 0000  ...........@....
00000430 0106 0E40 0180 0000 0106 0C40 01FC 0000  ...@.......@....
00000440 008E 0181 0090 0281 01E4 0000 0092 0018  ................
00000450 0094 0020 0104 0024 0140 0000 0148 0000  ... ...$.@...H..
00000460 0150 0000 0158 0000 0160 0000 0168 0000  .P...X...`...h..
00000470 0170 0000 0178 0000 0120 0000 0122 07DC  .p...x... ..."..
00000480 0124 0000 0126 04CC 0128 0000 012A 04CC  .$...&...(...*..
00000490 012C 0000 012E 04CC 0130 0000 0132 04CC  .,.......0...2..
000004A0 0134 0000 0136 04CC 0138 0000 013A 04CC  .4...6...8...:..
000004B0 013C 0000 013E 04CC 0C01 FFFE 0C01 FFFE  .<...>..........
000004C0 008A 0000 FFFF FFFE 0000 0000 0000 0000  ................
000004D0 0000 0000 0000 0000 0000 0000 0000 0000  ................
000004E0 0000 0010 0000 04E8 2C3D 2C00 0000 0000  ........,=,.....
000004F0 0000 0014 FFF1 FFE7 FFCF FF9F 0F3F C67F  .............?..
00000500 E0FF F1FF 0000 0000 0000 0014 FE7F FDFF  ................
00000510 FDFF FBFF 13FF 97FF C7FF CFFF 0000 0000  ................
00000520 0000 0024 C000 07FF 0003 C1FF 000F C1FF  ...$............
00000530 0039 C1FF 00E1 C1FF 03FF C1FF 1F83 F1FF  .9..............
00000540 C000 07FF 0000 0000 0000 0014 800F 00E3  ................
00000550 01E3 0363 0663 0FE3 3CF3 C007 0000 0000  ...c.c..<.......
00000560 0000 0018 0009 25BF 0030 566E 7872 562C  ......%..0VnxrV,
00000570 FFD3 AC8F 8490 ACD1 0000 0050 000A B0B7  ...........P....
00000580 0000 0000 0400 07C0 0000 07C0 0100 0380  ................
00000590 0000 07E0 07C0 1FF8 1FF0 3FEC 3FF8 7FDE  ..........?.?...
000005A0 3FF8 7FBE 7FFC FF7F 7EFC FFFF 7FFC FFFF  ?.......~.......
000005B0 3FF8 7FFE 3FF8 7FFE 1FF0 3FFC 07C0 1FF8  ?...?.....?.....
000005C0 0000 07E0 0000 0000 0000 0044 000E 0018  ...........D....
000005D0 0030 0060 F0C0 3980 1F00 0E00 FFF1 FFE7  .0.`..9.........
000005E0 FFCF FF9F 0F3F C67F E0FF F1FF 0000 0000  .....?..........
000005F0 0000 0000 0000 0000 0000 0000 0000 0000  ................
00000600 0000 0000 0000 0000 0000 0000 0000 0000  ................
00000610 0000 0018 0000 0000 001E 3C5F 7F5F 3C1E  ..........<_._<.
00000620 00E2 C4A1 81A1 C4E2 0000 0090 0000 0000  ................
00000630 0000 0000 0000 0100 0100 0280 0380 0440  ...............@
00000640 0100 0280 0100 0EE0 0000 2828 2008 5834  ..........(( .X4
00000650 783C 8002 2008 5834 0000 2828 0100 0EE0  x<.. .X4..((....
00000660 0100 0280 0380 0440 0100 0280 0000 0100  .......@........
00000670 0000 0000 0000 0000 0000 0000 0000 0000  ................
00000680 0000 0000 0000 0000 0000 0000 0000 0000  ................
00000690 0000 0000 0000 0000 0000 0000 0000 0000  ................
000006A0 0000 0000 0000 0000 0000 0000 0000 0000  ................
000006B0 0000 0000 0000 0000 0000 0084 3FFF F800  ............?...
000006C0 FFFC 3E00 FFF0 3E00 FFC6 3E00 FF1E 3E00  ..>...>...>...>.
000006D0 FC00 3E00 E07C 0E00 3FFF F800 C000 07FF  ..>..|..?.......
000006E0 0003 C1FF 000F C1FF 0039 C1FF 00E1 C1FF  .........9......
000006F0 03FF C1FF 1F83 F1FF C000 07FF 0000 0000  ................
00000700 0000 0000 0000 0000 0000 0000 0000 0000  ................
>m a4+0x6c20 128
00006CC4 0ED6 00E0 8000 0101 00E0 96ED 8470 60E0  .............p`.
00006CD4 8000 0855 0060 9BB0 71F3 7860 8000 04BF  ...U.`..q.x`....
00006CE4 6A20 9AB6 37D0 64A0 8000 2E80 1D00 9750  j ..7.d........P
00006CF4 279F 9C80 8002 066F EBA0 96D8 7AF3 F360  '......o....z..`
00006D04 BFF7 9DD7 FAE0 A008 65BB F9E0 BFF7 72E7  ........e.....r.
00006D14 F8E0 A020 7BDB FCE0 BFFC 03FF E0E0 A102  ... {...........
00006D24 C2AF 98E0 BFFA 7BFF 7DE0 A008 25FE FEE0  ......{.}...%...
00006D34 BFF7 01FC 3E60 A020 7CFA 1CE0 BFFC 397B  ....>`. |.....9{
00006D44 0CE0 A00A 931B 8AC0 BFFD 0B00 C5F0 BFFE  ................
00006D54 068E C3E0 BFFF 4570 07E0 0001 E781 B880  ......Ep........
00006D64 0000 0000 0000 0000 0000 0000 0000 0000  ................
00006D74 0000 0000 0000 0000 0000 0000 0000 0A28  ...............(
00006D84 A28A 0000 1659 6596 0000 0E38 E38E 0000  .....Ye....8....
00006D94 0000 0000 0000 0000 0000 0000 0000 0000  ................
00006DA4 0000 0000 0011 0000 0000 0113 2000 0000  ............ ...
00006DB4 009B 6200 0000 00D0 6400 0000 0C80 1C00  ..b.....d.......
00006DC4 0000 0700 0800 0000 0200 0380 0000 3800  ..............8.
00006DD4 0300 0000 1C00 0200 0000 0000 0000 0000  ................
00006DE4 0000 0000 0000 7800 0000 0000 0000 0000  ......x.........
00006DF4 0000 0000 0000 0000 3800 0000 0000 2000  ........8..... .
00006E04 0000 0000 0000 0000 0000 0C00 0000 0000  ................
00006E14 1800 0000 0000 0300 0000 0000 0300 0000  ................
00006E24 0000 0600 0000 0000 0400 0000 0000 0000  ................
00006E34 0000 0000 0000 0000 0000 77FF FFFF F770  ..........w....p
00006E44 77FF FFFF F770 7FFF FFFF FFF0 4000 0000  w....p......@...
00006E54 0000 4104 1041 0070 4104 1041 0070 4104  ..A..A.pA..A.pA.
00006E64 1061 0070 7FFF FFFF 4870 4000 05BF DA70  .a.p....Hp@....p
00006E74 4902 07FE FE70 4000 1BFD ECF0 4440 7FF7  I....p@.....D@..
00006E84 FFF0 7FFF FEFF FFF0 6101 FFD0 7DF0 7FFF  ........a...}...
00006E94 FFBF DFF0 600F FFFF FFB0 7FFF FFE3 FBF0  ....`...........
00006EA4 6107 FBC3 FBF0 7FFF FF93 FF70 600F F723  a..........p`..#
00006EB4 FF70 7FFF F643 FE70 6023 7E83 FE70 7FFD  .p...C.p`#~..p..
00006EC4 E6AF FE70 6103 F6AF E670 7FFB FFFF C370  ...pa....p.....p
00006ED4 600B 27FF 81F0 7FF7 F3FE 00F0 6020 FDFE  `.'.........` ..
00006EE4 C170 7FFD F9FC E270 600A DFFE 6670 7FFD  .p.....p`...fp..
00006EF4 FF7E 0D10 7FFE 3F8F 9370 0000 7F00 E070  .~....?..p.....p
00006F04 7FFF FFFF FFF0 EFFF FFFF EEE0 EFFF FFFF  ................
00006F14 EEE0 EFFF FFFF EEE0 0800 0000 0880 BEFB  ................
00006F24 EFBE 00E0 A082 0820 00E0 A082 0801 00E0  ....... ........
00006F34 A082 0840 00E0 A082 0ED6 00E0 8000 0101  ...@............
00006F44 00E0 96ED 8470 60E0 8000 0855 0060 9BB0  .....p`....U.`..
00006F54 71F3 7860 BFFF C4BF 6A20 A101 F7D0 64A0  q.x`....j ....d.
00006F64 BFFF 2E80 1D00 A00F A79F 9C80 BFFE 066F  ...............o
00006F74 EBA0 A107 7AF3 F360 BFFF 9DD7 FAE0 A00C  ....z..`........
00006F84 65BB F9E0 BFFF 72E7 F8E0 A020 7BDB FCE0  e.....r.... {...
00006F94 BFFC 03FF E0E0 A102 C2AF 98E0 BFFA 7BFF  ..............{.
00006FA4 7DE0 A008 25FE FEE0 BFF7 01FC 3E60 A020  }...%.......>`.
00006FB4 7CFA 1CE0 BFFC 397B 0CE0 A00A 931B 8AC0  |.....9{........
00006FC4 BFFD 0B00 C5F0 BFFE 068E C3E0 BFFF 4570  ..............Ep
00006FD4 07E0 0001 E781 B880 0000 0000 0000 0000  ................
00006FE4 0000 0000 0000 0000 0000 0000 0000 0000  ................
00006FF4 0000 0000 0000 0A28 A28A 0000 1659 6596  .......(.....Ye.
00007004 0000 0E38 E38E 0000 0000 0000 0000 0000  ...8............
00007014 0000 0000 0000 0000 0000 0000 0011 0000  ................
00007024 0000 0113 2000 0000 009B 6200 0000 00D0  .... .....b.....
00007034 6400 0000 0C80 1C00 0000 0700 0800 0000  d...............
00007044 0200 0380 0000 3800 0300 0000 1C00 0200  ......8.........
00007054 0000 0000 0000 0000 0000 0000 0000 7800  ..............x.
00007064 0000 0000 0000 0000 0000 0000 0000 0000  ................
00007074 3800 0000 0000 2000 0000 0000 0000 0000  8..... .........
00007084 0000 0C00 0000 0000 1800 0000 0000 0300  ................
00007094 0000 0000 0300 0000 0000 0600 0000 0000  ................
000070A4 0400 0000 0000 0000 0000 0000 0000 0000  ................
000070B4 0000 77FF FFFF F770 77FF FFFF F770 7FFF  ..w....pw....p..
000070C4 FFFF F7F0 4000 0000 0010 4104 1041 0070  ....@.....A..A.p
000070D4 4104 1041 0070 4104 1061 0070 5F7D F7FF  A..A.pA..a.p_}..
000070E4 4870 4000 05BF DA70 4000 07FE FE70 4000  Hp@....p@....p@.
000070F4 1BFD ECF0 5FFF FFF7 FFF0 5000 FEFF FFF0  ...._.....P.....
00007104 5001 FFD0 7DF0 53FF FFBF DFF0 53FF FFFF  P...}.S.....S...
00007114 FFB0 53FF FFE3 FBF0 53FF FBC3 FBF0 53FF  ..S.....S.....S.
00007124 FF93 FF70 53FF F723 FF70 53FF F643 FE70  ...pS..#.pS..C.p
00007134 53FF 7E83 FE70 53FD E6AF FE70 53FF F6AF  S.~..pS....pS...
00007144 E670 53FF FFFF C370 53FF 27FF 81F0 57FF  .pS....pS.'...W.
00007154 F3FE 00F0 5FFC FDFE C1F0 4005 F9FC E270  ...._.....@....p
00007164 4002 DFFE 6670 4001 FF7E 0D10 4000 3F8F  @...fp@..~..@.?.
00007174 9370 0000 7F00 E070 7FFF FFFF FFF0 EFFF  .p.....p........
00007184 FFFF EEE0 EFFF FFFF EEE0 EFFF FFFF EEE0  ................
00007194 0800 0000 0080 AAAA AAAA 00F0 8104 1041  ...............A
000071A4 00E0 A186 1861 00E0 8104 1040 00E0 9F7D  .....a.....@...}
000071B4 F6D6 00E0 8000 0101 00E0 8000 0470 6060  .............p``
000071C4 8000 0855 0060 9FFF F1F3 7860 9FFF 44BF  ...U.`....x`..D.
000071D4 6A20 9FFE 77D0 64A0 9C00 2E80 1D00 9C30  j ..w.d........0
000071E4 279F 9C80 9C86 066F EBA0 9C10 7AF3 F360  '......o....z..`
000071F4 9CD3 9DD7 FAE0 9C20 65BB F9E0 9C07 72E7  ....... e.....r.
00007204 F8E0 9C00 7BDB FCE0 9C04 03FF E0E0 9C02  ....{...........
00007214 C2AF 98E0 9C06 7BFF 7DE0 9800 25FE FEE0  ......{.}...%...
00007224 9003 01FC 3E60 9FF8 7CFA 1CE0 8004 397B  ....>`..|.....9{
00007234 0CE0 8002 931B 8AC0 8001 0B00 C5F0 8000  ................
00007244 068E C3E0 BFFF 4570 07E0 0001 E781 B880  ......Ep........
00007254 0000 0000 0000 0000 0000 0000 0000 0000  ................
00007264 0000 0000 0000 0000 0000 0000 0000 0A28  ...............(
00007274 A28A 0000 1659 6596 0000 0E38 E38E 0000  .....Ye....8....
00007284 0000 0000 0000 0000 0000 0000 0000 0000  ................
00007294 0000 0000 0011 0000 0000 0113 2000 0000  ............ ...
000072A4 809B 6200 0001 80D0 6400 03FF 0C80 1C00  ..b.....d.......
000072B4 03CF 8700 0800 0300 0200 0380 0323 3800  .............#8.
000072C4 0300 0320 1C00 0200 03C4 0000 0000 03C8  ... ............
000072D4 0000 0000 03FC 7800 0000 03C8 0000 0000  ......x.........
000072E4 03CC 0000 0000 03F8 3800 0000 0000 2000  ........8..... .
000072F4 0000 0000 0000 0000 0000 0C00 0000 0000  ................
00007304 1800 0000 0000 0300 0000 0000 0300 0000  ................
00007314 0000 0600 0000 0000 0400 0000 0000 0000  ................
00007324 0000 0000 0000 0000 0000 77FF FFFF F770  ..........w....p
00007334 77FF FFFF F770 7FFF FFFF F7F0 4000 0000  w....p......@...
00007344 0010 4104 1041 0070 4104 1041 0070 4104  ..A..A.pA..A.pA.
00007354 1061 0070 5F7D F7FF 4870 4000 05BF DA70  .a.p_}..Hp@....p
00007364 4000 07FE FE70 4000 1BFD ECF0 5FFF FFF7  @....p@....._...
00007374 FFF0 5FFF 7EFF FFF0 5FFE 7FD0 7FF0 5C00  .._.~..._.....\.
00007384 FFBF DFF0 5C30 7FFF FFB0 5CFF FFE3 FBF0  ....\0....\.....
00007394 5CDC FBC3 FBB0 5CDF FF93 FF70 5C3B F723  \.....\....p\;.#
000073A4 FF70 5C37 F643 FE70 5C03 7E83 FE70 5C35  .p\7.C.p\.~..p\5
000073B4 E6AF FE70 5C33 F6AF E670 5C07 FFFF C370  ...p\3...p\....p
000073C4 5803 27FF 81F0 5007 F3FE 00F0 5FF4 FDFE  X.'...P....._...
000073D4 C1F0 4005 F9FC E270 4002 DFFE 6630 4001  ..@....p@...f0@.
000073E4 FF7E 0D10 4000 3F8F 9370 0000 7F00 E070  .~..@.?..p.....p
000073F4 7FFF FFFF FFF0 EFFF FFFF EEE0 EFFF FFFF  ................
00007404 EEE0 EFFF FFFF EEE0 0800 0000 0080 AAAA  ................
00007414 AAAA 00F0 8104 1041 00E0 A186 1861 00E0  .......A.....a..
00007424 8104 1040 00E0 9F7D F6D6 00E0 8000 0101  ...@...}........
00007434 00E0 8000 0470 6060 8000 0855 0060 9FFF  .....p``...U.`..
00007444 F1F3 7860 9000 44BF 6A20 9000 77D0 66A0  ..x`..D.j ..w.f.
00007454 9000 2E80 1D00 9030 279F 9C80 9086 066F  .......0'......o
00007464 EBA0 9010 7AF3 F320 90D3 9DD7 FAE0 9020  ....z.. .......
00007474 65BB F9E0 9007 72E7 F8E0 9000 7BDB FCE0  e.....r.....{...
00007484 9004 03FF E0E0 9002 C2AF 98E0 9006 7BFF  ..............{.
00007494 7DE0 93F8 25FE FEE0 97F3 01FC 3E60 9FF0  }...%.......>`..
000074A4 7CFA 1CE0 8004 397B 0CE0 8002 931B 8A80  |.....9{........
000074B4 8001 0B00 C5F0 8000 068E C3E0 BFFF 4570  ..............Ep
000074C4 07E0 0001 E781 B880 0000 0000 0000 0000  ................
000074D4 0000 0000 0000 0000 0000 0000 0000 0000  ................
000074E4 0000 0000 0000 0A28 A28A 0000 1659 6596  .......(.....Ye.
000074F4 0000 0E38 E38E 0000 0000 0000 0000 0000  ...8............
00007504 0000 0000 0000 0000 0000 0000 0011 0000  ................
00007514 0000 0113 2000 0000 809B 6200 0001 80D0  .... .....b.....
00007524 6600 03FF 0C80 1C00 03CF 8700 0800 0300  f...............
00007534 0200 0380 0323 3800 0300 0320 1C00 0200  .....#8.... ....
00007544 03C4 0000 0000 03C8 0000 0000 03FC 7800  ..............x.
00007554 0000 03CA 0000 0000 03CC 0000 0000 03F8  ................
00007564 3800 0000 0000 2000 0000 0000 0000 0000  8..... .........
00007574 0000 0C00 0000 0000 1800 0000 0000 0300  ................
00007584 0000 0000 0300 0000 0000 0600 0000 0000  ................
00007594 0400 0000 0000 0000 0000 0000 7F80 001F  ................
000075A4 8000 FF80 071F E000 FF80 071F E000 FF80  ................
000075B4 071F E000 FF80 071F E000 FFC0 003F E000  .............?..
000075C4 FFFF FFFF E000 FFFF FFFF E000 F800 0003  ................
000075D4 E000 F000 0001 E000 F000 06C1 E000 F000  ................
000075E4 0D81 E000 F000 1B01 E000 F01B 3601 E000  ............6...
000075F4 F00D EC01 E000 9006 D801 E000 F000 0001  ................
00007604 E000 007F FFE0 0000 007F F8E0 0000 007F  ................
00007614 F8E0 0000 007F F8E0 0000 007F F8E0 0000  ................
00007624 003F FFC0 0000 0000 0000 0000 0000 0000  .?..............
00007634 0000 07FF FFFC 0000 0FFF FFFE 0000 0FFF  ................
00007644 F93E 0000 0FFF F27E 0000 0FFF E4FE 0000  .>.....~........
00007654 0FE4 C9FE 0000 0FF2 13FE 0000 0FF9 27FE  ..............'.
00007664 0000 0FFF FFFE 0000 0000 0000 0000 006A  ...............j
00007674 7FFF FFFF 8000 FFFF FFFF E000 FFFF FFFF  ................
00007684 E000 FFFF FFFF E000 FFFF FFFF E000 FFFF  ................
00007694 FFFF E000 FFFF FFFF E000 FFFF FFFF E000  ................
000076A4 FFFF FFFF E000 FFFF FFFF E000 FFFF FFFF  ................
000076B4 E000 FFFF FFFF E000 FFFF FFFF E000 FFFF  ................
000076C4 FFFF E000 FFFF FFFF E000 FFFF FFFF E000  ................
000076D4 FFFF FFFF E000 0000 0000 0000 0000 0084  ................
000076E4 0000 0000 0000 0000 0000 0000 0000 0000  ................
000076F4 0000 0000 0000 0000 0000 0000 FFFF FFFE  ................
00007704 FFFF FFFF FFFF FFFF FFFF FFFF FFFF FFFF  ................
00007714 FFFF FFFF FFFF FFFF FFFF FFFF FFFF FFFF  ................
00007724 FFFF FFFE FFFF FFFF FFFF FFFF FFFF FFFF  ................
00007734 FFFF FFFF FFFF FFFF FFFF FFFF FFFF FFFF  ................
00007744 FFFF FFFF FFFF FFFF FFFF FFFF FFFF FFFF  ................
00007754 FFFF FFFF FFFF FFFF FFFF FFFF 7FFF FFFE  ................
00007764 0000 0000 0000 0084 0000 0000 0000 0000  ................
00007774 0000 0000 0000 0000 0000 0000 0000 0000  ................
00007784 0000 0000 FFFF FFFE FFFF FFFF FFFF FFFF  ................
00007794 FFFF FFFF FFFF FFFF FFFF FFFF FFFF FFFF  ................
000077A4 FFFF FFFF FFFF FFFF FFFF FFFE FFFF FFFF  ................
000077B4 FFFF FFFF FFFF FFFF FFFF FFFF FFFF FFFF  ................
000077C4 FFFF FFFF FFFF FFFF FFFF FFFF FFFF FFFF  ................
000077D4 FFFF FFFF FFFF FFFF FFFF FFFF FFFF FFFF  ................
000077E4 FFFF FFFF 7FFF FFFE 0000 0000 0000 007C  ...............|
000077F4 0000 0000 0000 0000 0000 0000 0000 0000  ................
00007804 0000 0000 0000 0000 0000 0000 01EF FFC0  ................
00007814 01EF FFE0 01EF FFF0 0FEF FFF8 0FEF FFF8  ................
00007824 0FEF FFF8 0FEF FFF8 0FEF FFF8 0FEF FFF8  ................
00007834 0FEF FFF8 0FEF FFF8 0FEF FFF8 0FEF FFF8  ................
00007844 0FEF FFF8 0FFF FFF8 0FFF FFF0 0FFF FFE0  ................
00007854 0FFF FFC0 0FFF FC00 0FFF FC00 07FF FC00  ................
00007864 03FF BC00 01FE 3C00 0000 0000 0000 0034  ......<........4
00007874 000E 0018 0030 0060 F0C0 3980 1F00 0E00  .....0.`..9.....
00007884 0000 0000 0000 0000 0000 0000 0000 0000  ................
00007894 FFF1 FFE7 FFCF FF9F 0F3F C67F E0FF F1FF  .........?......
000078A4 0000 0000 0000 7B70 0000 0038 0000 0000  ......{p...8....
000078B4 0000 0000 0000 0000 0000 0000 0000 0000  ................
000078C4 0000 0000 0000 0000 0000 0000 0000 0000  ................
000078D4 0000 0000 0000 7B70 0000 0008 0000 0104  ......{p........
000078E4 0000 0000 0000 0000 0000 0000 0000 0000  ................
000078F4 0000 0000 0000 0000 0000 0000 FFFF FFFE  ................
00007904 8000 0003 BFFF FFFB 8000 0003 BFFF FFFB  ................
00007914 8000 0003 BFFF FFFB 8000 654B 8000 ED93  ..........eK....
00007924 8000 A572 FFFF FFFF 8000 0001 8000 001D  ...r............
00007934 8000 0001 BFFF E1FD AAAA A155 BFFF EFFD  ...........U....
00007944 AAAA BB55 BFFF F1FD AAAA BB55 BFFF EFFD  ...U.......U....
00007954 8401 0001 87FF 0001 8000 0001 7FFF FFFE  ................
00007964 0000 0000 0000 0000 0000 0000 0000 0000  ................
00007974 0000 0000 0000 0000 0000 0000 0000 0000  ................
00007984 7FFF FFFC 4000 0004 7FFF FFFC 4000 0004  ....@.......@...
00007994 7FFF FFFC 4000 0004 7FFF 9AB4 7FFF 126C  ....@..........l
000079A4 7FFF 5A8C 0000 0000 7FFF FFFE 7FFF FFE2  ..Z.............
000079B4 7FFF FFFE 4000 1E02 5555 5EAA 4000 1002  ....@...UU^.@...
000079C4 5555 44AA 4000 0E02 5555 44AA 4000 1002  UUD.@...UUD.@...
000079D4 7BFE FFFE 7800 FFFE 7FFF FFFE 0000 0000  {...x...........
000079E4 0000 0000 0000 0104 0000 0000 0000 0000  ................
000079F4 0000 0000 0000 0000 0000 0000 0000 0000  ................
00007A04 0000 0000 FFFF FFFE 8000 0003 BFFF FFFB  ................
00007A14 8000 0003 BFFF FFFB 8000 0003 BFFF FFFB  ................
00007A24 8000 654B 8000 ED93 8000 A572 FFFF FFFF  ..eK.......r....
00007A34 8000 0001 8000 001D 8000 0001 BFFF E1FD  ................
00007A44 AAAA A155 BFFF EFFD AAAA BB55 BFFF F1FD  ...U.......U....
00007A54 AAAA BB55 BFFF EFFD 8401 0001 87FF 0001  ...U............
00007A64 8000 0001 7FFF FFFE 0000 0000 0000 0000  ................
00007A74 0000 0000 0000 0000 0000 0000 0000 0000  ................
00007A84 0000 0000 0000 0000 7FFF FFFC 4000 0004  ............@...
00007A94 7FFF FFFC 4000 0004 7FFF FFFC 4000 0004  ....@.......@...
00007AA4 7FFF 9AB4 7FFF 126C 7FFF 5A8C 0000 0000  .......l..Z.....
00007AB4 7FFF FFFE 7FFF FFE2 7FFF FFFE 4000 1E02  ............@...
00007AC4 5555 5EAA 4000 1002 5555 44AA 4000 0E02  UU^.@...UUD.@...
00007AD4 5555 44AA 4000 1002 7BFE FFFE 7800 FFFE  UUD.@...{...x...
00007AE4 7FFF FFFE 0000 0000 0000 0000 0000 007C  ...............|
00007AF4 0000 0000 0000 0000 0000 0000 0000 0000  ................
00007B04 0000 0000 0000 0000 0000 0000 01EF FFC0  ................
00007B14 01EF FFE0 01EF FFF0 0FEF FFF8 0FEF FFF8  ................
00007B24 0FEF FFF8 0FEF FFF8 0FEF FFF8 0FEF FFF8  ................
00007B34 0FEF FFF8 0FEF FFF8 0FEF FFF8 0FEF FFF8  ................
00007B44 0FEF FFF8 0FFF FFF8 0FFF FFF0 0FFF FFE0  ................
00007B54 0FFF FFC0 0FFF FC00 0FFF FC00 07FF FC00  ................
00007B64 03FF BC00 01FE 3C00 0000 0000 0000 7BD8  ......<.......{.
00007B74 0000 0008 0000 0016 0000 0300 0600 0C00  ................
00007B84 1800 3000 6000 0000 0000 0000 0000 0016  ..0.`...........
00007B94 E000 E000 E000 E000 E000 E000 E000 E000  ................
00007BA4 E000 0000 0000 0016 FFE0 FCE0 F9E0 F3E0  ................
00007BB4 E7E0 CFE0 9FE0 FFE0 FFE0 0000 0000 0016  ................
00007BC4 0000 0400 09C0 1380 2700 4E00 9C00 1800  ........'.N.....
00007BD4 0000 0000 0000 8310 0000 0008 0000 00F4  ................
00007BE4 0000 0000 0000 0000 0000 0000 0000 0000  ................
00007BF4 0000 0000 0000 0000 0000 0000 01EF FFC0  ................
00007C04 0128 0020 0128 0010 0F29 FF88 0929 00C8  .(. .(...)...)..
00007C14 0929 0048 0929 3E48 0929 2648 0929 2648  .).H.)>H.)&H.)&H
00007C24 0929 2648 0929 2048 0929 20C8 0929 3F88  .)&H.) H.) ..)?.
00007C34 0929 2018 0939 2038 0901 27F0 0983 27E0  .) ..9 8..'...'.
00007C44 08FE 27C0 0C00 6400 0E01 E400 07FF FC00  ..'...d.........
00007C54 03FF BC00 01FE 3C00 0000 0000 0000 0000  ......<.........
00007C64 0000 0000 0000 0000 0000 0000 0000 0000  ................
00007C74 0000 0000 0000 0000 00C7 FFC0 00C7 FFE0  ................
00007C84 00C6 0070 06C6 FF30 06C6 FFB0 06C6 C1B0  ...p...0........
00007C94 06C6 D9B0 06C6 D9B0 06C6 D9B0 06C6 DFB0  ................
00007CA4 06C6 DF30 06C6 C070 06C6 DFE0 06C6 DFC0  ...0...p........
00007CB4 06FE D800 067C D800 0701 D800 03FF 9800  .....|..........
00007CC4 01FE 1800 0000 0000 0000 0000 0000 0000  ................
00007CD4 0000 0000 0000 00F4 0000 0000 0000 0000  ................
00007CE4 0000 0000 0000 0000 0000 0000 0000 0000  ................
00007CF4 0000 0000 01EF FFC0 0128 0020 0128 0010  .........(. .(..
00007D04 0F29 FF88 0929 00C8 0929 0048 0929 3E48  .)...)...).H.)>H
00007D14 0929 2648 0929 2648 0929 2648 0929 2048  .)&H.)&H.)&H.) H
00007D24 0929 20C8 0929 3F88 0929 2018 0939 2038  .) ..)?..) ..9 8
00007D34 0901 27F0 0983 27E0 08FE 27C0 0C00 6400  ..'...'...'...d.
00007D44 0E01 E400 07FF FC00 03FF BC00 01FE 3C00  ..............<.
00007D54 0000 0000 0000 0000 0000 0000 0000 0000  ................
00007D64 0000 0000 0000 0000 0000 0000 0000 0000  ................
00007D74 00C7 FFC0 00C7 FFE0 00C6 0070 06C6 FF30  ...........p...0
00007D84 06C6 FFB0 06C6 C1B0 06C6 D9B0 06C6 D9B0  ................
00007D94 06C6 D9B0 06C6 DFB0 06C6 DF30 06C6 C070  ...........0...p
00007DA4 06C6 DFE0 06C6 DFC0 06FE D800 067C D800  .............|..
00007DB4 0701 D800 03FF 9800 01FE 1800 0000 0000  ................
00007DC4 0000 0000 0000 0000 0000 0000 0000 0044  ...............D
00007DD4 0000 0000 0000 0100 01FF 8100 07FF F500  ................
00007DE4 0DFF 3900 1BFF F900 1FFF F900 1FFF FF00  ..9.............
00007DF4 1F73 FB00 02E7 F700 027E 6B00 027F FF00  .s.......~k.....
00007E04 03FF EF00 03FF FF00 000A FF00 7FFF FF00  ................
00007E14 0000 0000 0000 0044 FFFF FE00 8000 0000  .......D........
00007E24 81FF 8000 8700 F400 8FBD 3800 9BAB F800  ..........8.....
00007E34 9C6B 8800 99FF CE00 9F73 FA00 82EF B600  .k.......s......
00007E44 837E 2A00 827F BE00 8380 EE00 8355 7E00  .~*..........U~.
00007E54 800A FE00 0000 0000 0000 0000 0000 0044  ...............D
00007E64 FFFF FE00 87FF F000 8DFF 3800 9BFF FC00  ..........8.....
00007E74 9FC3 F800 9F95 F800 9F7E F800 81FF 1600  .........~......
00007E84 81F3 EA00 82E7 F600 827E 6A00 827F FE00  .........~j.....
00007E94 83FF EE00 83FF FE00 800A FE00 0000 0000  ................
00007EA4 0000 0000 0000 0044 0000 0000 0000 0000  .......D........
00007EB4 0000 0000 0000 0000 0000 0000 0000 0000  ................
00007EC4 0000 0000 0000 0000 0010 0000 0000 0000  ................
00007ED4 0000 0000 0200 0000 0000 0000 0000 0000  ................
00007EE4 0000 0000 0000 0000 0000 0000 0000 0044  ...............D
00007EF4 0000 0000 0752 F100 0FBD 3900 1BBF FD00  .....R....9.....
00007F04 1C43 8900 1981 C900 1F6A F900 01FF 1700  .C.......j......
00007F14 01F3 EB00 02EF B700 037E 2B00 027F BF00  .........~+.....
00007F24 0380 EF00 0355 7F00 000A FF00 7FFF FF00  .....U..........
00007F34 0000 0000 0000 0016 0000 0180 0300 0600  ................
>g
WARNING: Activated debugger
 -- stub -- activate_console
  D0 00000000   D1 044654FF   D2 40000000   D3 00008000
  D4 00000000   D5 00000000   D6 80000000   D7 C0000000
  A0 0020099A   A1 002094E2   A2 00FE7350   A3 0020099E
  A4 00F813F4   A5 0020A4EE   A6 00200804   A7 00202276
USP  0020A530 ISP  00202276 SFC  00000000 DFC  00000000
CACR 00000001 VBR  00000000 CAAR 00000000 MSP  00000000
T=00 S=1 M=0 X=0 N=0 Z=0 V=0 C=0 IMASK=3 STP=0
00F81128 48e7 c0c6                MOVEM.L D0-D1/A0-A1/A5-A6,-(A7)
Next PC: 00f8112c
>r
  D0 00000000   D1 044654FF   D2 40000000   D3 00008000
  D4 00000000   D5 00000000   D6 80000000   D7 C0000000
  A0 0020099A   A1 002094E2   A2 00FE7350   A3 0020099E
  A4 00F813F4   A5 0020A4EE   A6 00200804   A7 00202276
USP  0020A530 ISP  00202276 SFC  00000000 DFC  00000000
CACR 00000001 VBR  00000000 CAAR 00000000 MSP  00000000
T=00 S=1 M=0 X=0 N=0 Z=0 V=0 C=0 IMASK=3 STP=0
00F81128 48e7 c0c6                MOVEM.L D0-D1/A0-A1/A5-A6,-(A7)
Next PC: 00f8112c
> m d0 64
000000D0 00F8 0AC0 00F8 0AC2 00F8 0AC4 00F8 0AC6  ................
000000E0 00F8 0AC8 00F8 0ACA 00F8 0ACC 00F8 0ACE  ................
000000F0 00F8 0AD0 00F8 0AD2 00F8 0AD4 00F8 0AD6  ................
00000100 0000 0000 0000 0000 0000 0000 0000 0000  ................
00000110 0000 0000 0000 0000 0000 0000 0000 0000  ................
00000120 0000 0000 0000 0000 0000 0000 0000 0000  ................
00000130 0000 0000 0000 0000 0000 0000 0000 0000  ................
00000140 0000 0000 0000 0000 0000 0000 0000 0000  ................
00000150 0000 0000 0000 0000 0000 0000 0000 0000  ................
00000160 0000 0000 0000 0000 0000 0000 0000 0000  ................
00000170 0000 0000 0000 0000 0000 0000 0000 0000  ................
00000180 0000 0000 0000 0000 0000 0000 0000 0000  ................
00000190 0000 0000 0000 0000 0000 0000 0000 0000  ................
000001A0 0000 0000 0000 0000 0000 0000 0000 0000  ................
000001B0 0000 0000 0000 0000 0000 0000 0000 0000  ................
000001C0 0000 0000 0000 0000 0000 0000 0000 0000  ................
000001D0 0000 0000 0000 0000 0000 0000 0000 0000  ................
000001E0 0000 0000 0000 0000 0000 0000 0000 0000  ................
000001F0 0000 0000 0000 0000 0000 0000 0000 0000  ................
00000200 0000 0000 0000 0000 0000 0000 0000 0000  ................
00000210 0000 0000 0000 0000 0000 0000 0000 0000  ................
00000220 0000 0000 0000 0000 0000 0000 0000 0000  ................
00000230 0000 0000 0000 0000 0000 0000 0000 0000  ................
00000240 0000 0000 0000 0000 0000 0000 0000 0000  ................
00000250 0000 0000 0000 0000 0000 0000 0000 0000  ................
00000260 0000 0000 0000 0000 0000 0000 0000 0000  ................
00000270 0000 0000 0000 0000 0000 0000 0000 0000  ................
00000280 0000 0000 0000 0000 0000 0000 0000 0000  ................
00000290 0000 0000 0000 0000 0000 0000 0000 0000  ................
000002A0 0000 0000 0000 0000 0000 0000 0000 0000  ................
000002B0 0000 0000 0000 0000 0000 0000 0000 0000  ................
000002C0 0000 0000 0000 0000 0000 0000 0000 0000  ................
000002D0 0000 0000 0000 0000 0000 0000 0000 0000  ................
000002E0 0000 0000 0000 0000 0000 0000 0000 0000  ................
000002F0 0000 0000 0000 0000 0000 0000 0000 0000  ................
00000300 0000 0000 0000 0000 0000 0000 0000 0000  ................
00000310 0000 0000 0000 0000 0000 0000 0000 0000  ................
00000320 0000 0000 0000 0000 0000 0000 0000 0000  ................
00000330 0000 0000 0000 0000 0000 0000 0000 0000  ................
00000340 0000 0000 0000 0000 0000 0000 0000 0000  ................
00000350 0000 0000 0000 0000 0000 0000 0000 0000  ................
00000360 0000 0000 0000 0000 0000 0000 0000 0000  ................
00000370 0000 0000 0000 0000 0000 0000 0000 0000  ................
00000380 0000 0000 0000 0000 0000 0000 03C2 00F8  ................
00000390 035A 00F8 1DDA 0000 03C2 00F8 0366 00F8  .Z...........f..
000003A0 1DDA 0000 0002 0000 0000 00F8 1D96 0020  ...............
000003B0 0428 0020 04D4 00F8 1C78 00F8 0E34 00F8  .(. .....x...4..
000003C0 0D3A 0020 0020 097E 0000 08C6 00F8 1DDA  .:. . .~........
000003D0 0000 1800 0000 0000 00F8 1D96 0000 1800  ................
000003E0 0001 0004 0020 0000 00F8 050C 00F8 0F44  ..... .........D
000003F0 0000 0000 0000 0000 00C4 0000 00F8 0348  ...............H
00000400 0020 094A 0020 0000 0AF6 00F8 0366 0703  . .J. .......f..
00000410 0000 0788 0000 0420 0020 0000 001D 0048  ....... . .....H
00000420 00E0 0000 0100 8201 0106 0C40 0180 0000  ...........@....
00000430 0106 0E40 0180 0000 0106 0C40 01FC 0000  ...@.......@....
00000440 008E 0181 0090 0281 01E4 0000 0092 0018  ................
00000450 0094 0020 0104 0024 0140 0000 0148 0000  ... ...$.@...H..
00000460 0150 0000 0158 0000 0160 0000 0168 0000  .P...X...`...h..
00000470 0170 0000 0178 0000 0120 0000 0122 07DC  .p...x... ..."..
00000480 0124 0000 0126 04CC 0128 0000 012A 04CC  .$...&...(...*..
00000490 012C 0000 012E 04CC 0130 0000 0132 04CC  .,.......0...2..
000004A0 0134 0000 0136 04CC 0138 0000 013A 04CC  .4...6...8...:..
000004B0 013C 0000 013E 04CC 0C01 FFFE 0C01 FFFE  .<...>..........
000004C0 008A 0000 FFFF FFFE 0000 0000 0000 0000  ................
000004D0 0000 0000 0000 0000 0000 0000 0000 0000  ................
000004E0 0000 0010 0000 04E8 2C3D 2C00 0000 0000  ........,=,.....
000004F0 0000 0014 FFF1 FFE7 FFCF FF9F 0F3F C67F  .............?..
00000500 E0FF F1FF 0000 0000 0000 0014 FE7F FDFF  ................
00000510 FDFF FBFF 13FF 97FF C7FF CFFF 0000 0000  ................
00000520 0000 0024 C000 07FF 0003 C1FF 000F C1FF  ...$............
00000530 0039 C1FF 00E1 C1FF 03FF C1FF 1F83 F1FF  .9..............
00000540 C000 07FF 0000 0000 0000 0014 800F 00E3  ................
00000550 01E3 0363 0663 0FE3 3CF3 C007 0000 0000  ...c.c..<.......
00000560 0000 0018 0009 25BF 0030 566E 7872 562C  ......%..0VnxrV,
00000570 FFD3 AC8F 8490 ACD1 0000 0050 000A B0B7  ...........P....
00000580 0000 0000 0400 07C0 0000 07C0 0100 0380  ................
00000590 0000 07E0 07C0 1FF8 1FF0 3FEC 3FF8 7FDE  ..........?.?...
000005A0 3FF8 7FBE 7FFC FF7F 7EFC FFFF 7FFC FFFF  ?.......~.......
000005B0 3FF8 7FFE 3FF8 7FFE 1FF0 3FFC 07C0 1FF8  ?...?.....?.....
000005C0 0000 07E0 0000 0000 0000 0044 000E 0018  ...........D....
000005D0 0030 0060 F0C0 3980 1F00 0E00 FFF1 FFE7  .0.`..9.........
000005E0 FFCF FF9F 0F3F C67F E0FF F1FF 0000 0000  .....?..........
000005F0 0000 0000 0000 0000 0000 0000 0000 0000  ................
00000600 0000 0000 0000 0000 0000 0000 0000 0000  ................
00000610 0000 0018 0000 0000 001E 3C5F 7F5F 3C1E  ..........<_._<.
00000620 00E2 C4A1 81A1 C4E2 0000 0090 0000 0000  ................
00000630 0000 0000 0000 0100 0100 0280 0380 0440  ...............@
00000640 0100 0280 0100 0EE0 0000 2828 2008 5834  ..........(( .X4
00000650 783C 8002 2008 5834 0000 2828 0100 0EE0  x<.. .X4..((....
00000660 0100 0280 0380 0440 0100 0280 0000 0100  .......@........
00000670 0000 0000 0000 0000 0000 0000 0000 0000  ................
00000680 0000 0000 0000 0000 0000 0000 0000 0000  ................
00000690 0000 0000 0000 0000 0000 0000 0000 0000  ................
000006A0 0000 0000 0000 0000 0000 0000 0000 0000  ................
000006B0 0000 0000 0000 0000 0000 0084 3FFF F800  ............?...
000006C0 FFFC 3E00 FFF0 3E00 FFC6 3E00 FF1E 3E00  ..>...>...>...>.
000006D0 FC00 3E00 E07C 0E00 3FFF F800 C000 07FF  ..>..|..?.......
000006E0 0003 C1FF 000F C1FF 0039 C1FF 00E1 C1FF  .........9......
000006F0 03FF C1FF 1F83 F1FF C000 07FF 0000 0000  ................
00000700 0000 0000 0000 0000 0000 0000 0000 0000  ................
>m a4+0x6c20 128
00006CC4 0ED6 00E0 8000 0101 00E0 96ED 8470 60E0  .............p`.
00006CD4 8000 0855 0060 9BB0 71F3 7860 8000 04BF  ...U.`..q.x`....
00006CE4 6A20 9AB6 37D0 64A0 8000 2E80 1D00 9750  j ..7.d........P
00006CF4 279F 9C80 8002 066F EBA0 96D8 7AF3 F360  '......o....z..`
00006D04 BFF7 9DD7 FAE0 A008 65BB F9E0 BFF7 72E7  ........e.....r.
00006D14 F8E0 A020 7BDB FCE0 BFFC 03FF E0E0 A102  ... {...........
00006D24 C2AF 98E0 BFFA 7BFF 7DE0 A008 25FE FEE0  ......{.}...%...
00006D34 BFF7 01FC 3E60 A020 7CFA 1CE0 BFFC 397B  ....>`. |.....9{
00006D44 0CE0 A00A 931B 8AC0 BFFD 0B00 C5F0 BFFE  ................
00006D54 068E C3E0 BFFF 4570 07E0 0001 E781 B880  ......Ep........
00006D64 0000 0000 0000 0000 0000 0000 0000 0000  ................
00006D74 0000 0000 0000 0000 0000 0000 0000 0A28  ...............(
00006D84 A28A 0000 1659 6596 0000 0E38 E38E 0000  .....Ye....8....
00006D94 0000 0000 0000 0000 0000 0000 0000 0000  ................
00006DA4 0000 0000 0011 0000 0000 0113 2000 0000  ............ ...
00006DB4 009B 6200 0000 00D0 6400 0000 0C80 1C00  ..b.....d.......
00006DC4 0000 0700 0800 0000 0200 0380 0000 3800  ..............8.
00006DD4 0300 0000 1C00 0200 0000 0000 0000 0000  ................
00006DE4 0000 0000 0000 7800 0000 0000 0000 0000  ......x.........
00006DF4 0000 0000 0000 0000 3800 0000 0000 2000  ........8..... .
00006E04 0000 0000 0000 0000 0000 0C00 0000 0000  ................
00006E14 1800 0000 0000 0300 0000 0000 0300 0000  ................
00006E24 0000 0600 0000 0000 0400 0000 0000 0000  ................
00006E34 0000 0000 0000 0000 0000 77FF FFFF F770  ..........w....p
00006E44 77FF FFFF F770 7FFF FFFF FFF0 4000 0000  w....p......@...
00006E54 0000 4104 1041 0070 4104 1041 0070 4104  ..A..A.pA..A.pA.
00006E64 1061 0070 7FFF FFFF 4870 4000 05BF DA70  .a.p....Hp@....p
00006E74 4902 07FE FE70 4000 1BFD ECF0 4440 7FF7  I....p@.....D@..
00006E84 FFF0 7FFF FEFF FFF0 6101 FFD0 7DF0 7FFF  ........a...}...
00006E94 FFBF DFF0 600F FFFF FFB0 7FFF FFE3 FBF0  ....`...........
00006EA4 6107 FBC3 FBF0 7FFF FF93 FF70 600F F723  a..........p`..#
00006EB4 FF70 7FFF F643 FE70 6023 7E83 FE70 7FFD  .p...C.p`#~..p..
00006EC4 E6AF FE70 6103 F6AF E670 7FFB FFFF C370  ...pa....p.....p
00006ED4 600B 27FF 81F0 7FF7 F3FE 00F0 6020 FDFE  `.'.........` ..
00006EE4 C170 7FFD F9FC E270 600A DFFE 6670 7FFD  .p.....p`...fp..
00006EF4 FF7E 0D10 7FFE 3F8F 9370 0000 7F00 E070  .~....?..p.....p
00006F04 7FFF FFFF FFF0 EFFF FFFF EEE0 EFFF FFFF  ................
00006F14 EEE0 EFFF FFFF EEE0 0800 0000 0880 BEFB  ................
00006F24 EFBE 00E0 A082 0820 00E0 A082 0801 00E0  ....... ........
00006F34 A082 0840 00E0 A082 0ED6 00E0 8000 0101  ...@............
00006F44 00E0 96ED 8470 60E0 8000 0855 0060 9BB0  .....p`....U.`..
00006F54 71F3 7860 BFFF C4BF 6A20 A101 F7D0 64A0  q.x`....j ....d.
00006F64 BFFF 2E80 1D00 A00F A79F 9C80 BFFE 066F  ...............o
00006F74 EBA0 A107 7AF3 F360 BFFF 9DD7 FAE0 A00C  ....z..`........
00006F84 65BB F9E0 BFFF 72E7 F8E0 A020 7BDB FCE0  e.....r.... {...
00006F94 BFFC 03FF E0E0 A102 C2AF 98E0 BFFA 7BFF  ..............{.
00006FA4 7DE0 A008 25FE FEE0 BFF7 01FC 3E60 A020  }...%.......>`.
00006FB4 7CFA 1CE0 BFFC 397B 0CE0 A00A 931B 8AC0  |.....9{........
00006FC4 BFFD 0B00 C5F0 BFFE 068E C3E0 BFFF 4570  ..............Ep
00006FD4 07E0 0001 E781 B880 0000 0000 0000 0000  ................
00006FE4 0000 0000 0000 0000 0000 0000 0000 0000  ................
00006FF4 0000 0000 0000 0A28 A28A 0000 1659 6596  .......(.....Ye.
00007004 0000 0E38 E38E 0000 0000 0000 0000 0000  ...8............
00007014 0000 0000 0000 0000 0000 0000 0011 0000  ................
00007024 0000 0113 2000 0000 009B 6200 0000 00D0  .... .....b.....
00007034 6400 0000 0C80 1C00 0000 0700 0800 0000  d...............
00007044 0200 0380 0000 3800 0300 0000 1C00 0200  ......8.........
00007054 0000 0000 0000 0000 0000 0000 0000 7800  ..............x.
00007064 0000 0000 0000 0000 0000 0000 0000 0000  ................
00007074 3800 0000 0000 2000 0000 0000 0000 0000  8..... .........
00007084 0000 0C00 0000 0000 1800 0000 0000 0300  ................
00007094 0000 0000 0300 0000 0000 0600 0000 0000  ................
000070A4 0400 0000 0000 0000 0000 0000 0000 0000  ................
000070B4 0000 77FF FFFF F770 77FF FFFF F770 7FFF  ..w....pw....p..
000070C4 FFFF F7F0 4000 0000 0010 4104 1041 0070  ....@.....A..A.p
000070D4 4104 1041 0070 4104 1061 0070 5F7D F7FF  A..A.pA..a.p_}..
000070E4 4870 4000 05BF DA70 4000 07FE FE70 4000  Hp@....p@....p@.
000070F4 1BFD ECF0 5FFF FFF7 FFF0 5000 FEFF FFF0  ...._.....P.....
00007104 5001 FFD0 7DF0 53FF FFBF DFF0 53FF FFFF  P...}.S.....S...
00007114 FFB0 53FF FFE3 FBF0 53FF FBC3 FBF0 53FF  ..S.....S.....S.
00007124 FF93 FF70 53FF F723 FF70 53FF F643 FE70  ...pS..#.pS..C.p
00007134 53FF 7E83 FE70 53FD E6AF FE70 53FF F6AF  S.~..pS....pS...
00007144 E670 53FF FFFF C370 53FF 27FF 81F0 57FF  .pS....pS.'...W.
00007154 F3FE 00F0 5FFC FDFE C1F0 4005 F9FC E270  ...._.....@....p
00007164 4002 DFFE 6670 4001 FF7E 0D10 4000 3F8F  @...fp@..~..@.?.
00007174 9370 0000 7F00 E070 7FFF FFFF FFF0 EFFF  .p.....p........
00007184 FFFF EEE0 EFFF FFFF EEE0 EFFF FFFF EEE0  ................
00007194 0800 0000 0080 AAAA AAAA 00F0 8104 1041  ...............A
000071A4 00E0 A186 1861 00E0 8104 1040 00E0 9F7D  .....a.....@...}
000071B4 F6D6 00E0 8000 0101 00E0 8000 0470 6060  .............p``
000071C4 8000 0855 0060 9FFF F1F3 7860 9FFF 44BF  ...U.`....x`..D.
000071D4 6A20 9FFE 77D0 64A0 9C00 2E80 1D00 9C30  j ..w.d........0
000071E4 279F 9C80 9C86 066F EBA0 9C10 7AF3 F360  '......o....z..`
000071F4 9CD3 9DD7 FAE0 9C20 65BB F9E0 9C07 72E7  ....... e.....r.
00007204 F8E0 9C00 7BDB FCE0 9C04 03FF E0E0 9C02  ....{...........
00007214 C2AF 98E0 9C06 7BFF 7DE0 9800 25FE FEE0  ......{.}...%...
00007224 9003 01FC 3E60 9FF8 7CFA 1CE0 8004 397B  ....>`..|.....9{
00007234 0CE0 8002 931B 8AC0 8001 0B00 C5F0 8000  ................
00007244 068E C3E0 BFFF 4570 07E0 0001 E781 B880  ......Ep........
00007254 0000 0000 0000 0000 0000 0000 0000 0000  ................
00007264 0000 0000 0000 0000 0000 0000 0000 0A28  ...............(
00007274 A28A 0000 1659 6596 0000 0E38 E38E 0000  .....Ye....8....
00007284 0000 0000 0000 0000 0000 0000 0000 0000  ................
00007294 0000 0000 0011 0000 0000 0113 2000 0000  ............ ...
000072A4 809B 6200 0001 80D0 6400 03FF 0C80 1C00  ..b.....d.......
000072B4 03CF 8700 0800 0300 0200 0380 0323 3800  .............#8.
000072C4 0300 0320 1C00 0200 03C4 0000 0000 03C8  ... ............
000072D4 0000 0000 03FC 7800 0000 03C8 0000 0000  ......x.........
000072E4 03CC 0000 0000 03F8 3800 0000 0000 2000  ........8..... .
000072F4 0000 0000 0000 0000 0000 0C00 0000 0000  ................
00007304 1800 0000 0000 0300 0000 0000 0300 0000  ................
00007314 0000 0600 0000 0000 0400 0000 0000 0000  ................
00007324 0000 0000 0000 0000 0000 77FF FFFF F770  ..........w....p
00007334 77FF FFFF F770 7FFF FFFF F7F0 4000 0000  w....p......@...
00007344 0010 4104 1041 0070 4104 1041 0070 4104  ..A..A.pA..A.pA.
00007354 1061 0070 5F7D F7FF 4870 4000 05BF DA70  .a.p_}..Hp@....p
00007364 4000 07FE FE70 4000 1BFD ECF0 5FFF FFF7  @....p@....._...
00007374 FFF0 5FFF 7EFF FFF0 5FFE 7FD0 7FF0 5C00  .._.~..._.....\.
00007384 FFBF DFF0 5C30 7FFF FFB0 5CFF FFE3 FBF0  ....\0....\.....
00007394 5CDC FBC3 FBB0 5CDF FF93 FF70 5C3B F723  \.....\....p\;.#
000073A4 FF70 5C37 F643 FE70 5C03 7E83 FE70 5C35  .p\7.C.p\.~..p\5
000073B4 E6AF FE70 5C33 F6AF E670 5C07 FFFF C370  ...p\3...p\....p
000073C4 5803 27FF 81F0 5007 F3FE 00F0 5FF4 FDFE  X.'...P....._...
000073D4 C1F0 4005 F9FC E270 4002 DFFE 6630 4001  ..@....p@...f0@.
000073E4 FF7E 0D10 4000 3F8F 9370 0000 7F00 E070  .~..@.?..p.....p
000073F4 7FFF FFFF FFF0 EFFF FFFF EEE0 EFFF FFFF  ................
00007404 EEE0 EFFF FFFF EEE0 0800 0000 0080 AAAA  ................
00007414 AAAA 00F0 8104 1041 00E0 A186 1861 00E0  .......A.....a..
00007424 8104 1040 00E0 9F7D F6D6 00E0 8000 0101  ...@...}........
00007434 00E0 8000 0470 6060 8000 0855 0060 9FFF  .....p``...U.`..
00007444 F1F3 7860 9000 44BF 6A20 9000 77D0 66A0  ..x`..D.j ..w.f.
00007454 9000 2E80 1D00 9030 279F 9C80 9086 066F  .......0'......o
00007464 EBA0 9010 7AF3 F320 90D3 9DD7 FAE0 9020  ....z.. .......
00007474 65BB F9E0 9007 72E7 F8E0 9000 7BDB FCE0  e.....r.....{...
00007484 9004 03FF E0E0 9002 C2AF 98E0 9006 7BFF  ..............{.
00007494 7DE0 93F8 25FE FEE0 97F3 01FC 3E60 9FF0  }...%.......>`..
000074A4 7CFA 1CE0 8004 397B 0CE0 8002 931B 8A80  |.....9{........
000074B4 8001 0B00 C5F0 8000 068E C3E0 BFFF 4570  ..............Ep
000074C4 07E0 0001 E781 B880 0000 0000 0000 0000  ................
000074D4 0000 0000 0000 0000 0000 0000 0000 0000  ................
000074E4 0000 0000 0000 0A28 A28A 0000 1659 6596  .......(.....Ye.
000074F4 0000 0E38 E38E 0000 0000 0000 0000 0000  ...8............
00007504 0000 0000 0000 0000 0000 0000 0011 0000  ................
00007514 0000 0113 2000 0000 809B 6200 0001 80D0  .... .....b.....
00007524 6600 03FF 0C80 1C00 03CF 8700 0800 0300  f...............
00007534 0200 0380 0323 3800 0300 0320 1C00 0200  .....#8.... ....
00007544 03C4 0000 0000 03C8 0000 0000 03FC 7800  ..............x.
00007554 0000 03CA 0000 0000 03CC 0000 0000 03F8  ................
00007564 3800 0000 0000 2000 0000 0000 0000 0000  8..... .........
00007574 0000 0C00 0000 0000 1800 0000 0000 0300  ................
00007584 0000 0000 0300 0000 0000 0600 0000 0000  ................
00007594 0400 0000 0000 0000 0000 0000 7F80 001F  ................
000075A4 8000 FF80 071F E000 FF80 071F E000 FF80  ................
000075B4 071F E000 FF80 071F E000 FFC0 003F E000  .............?..
000075C4 FFFF FFFF E000 FFFF FFFF E000 F800 0003  ................
000075D4 E000 F000 0001 E000 F000 06C1 E000 F000  ................
000075E4 0D81 E000 F000 1B01 E000 F01B 3601 E000  ............6...
000075F4 F00D EC01 E000 9006 D801 E000 F000 0001  ................
00007604 E000 007F FFE0 0000 007F F8E0 0000 007F  ................
00007614 F8E0 0000 007F F8E0 0000 007F F8E0 0000  ................
00007624 003F FFC0 0000 0000 0000 0000 0000 0000  .?..............
00007634 0000 07FF FFFC 0000 0FFF FFFE 0000 0FFF  ................
00007644 F93E 0000 0FFF F27E 0000 0FFF E4FE 0000  .>.....~........
00007654 0FE4 C9FE 0000 0FF2 13FE 0000 0FF9 27FE  ..............'.
00007664 0000 0FFF FFFE 0000 0000 0000 0000 006A  ...............j
00007674 7FFF FFFF 8000 FFFF FFFF E000 FFFF FFFF  ................
00007684 E000 FFFF FFFF E000 FFFF FFFF E000 FFFF  ................
00007694 FFFF E000 FFFF FFFF E000 FFFF FFFF E000  ................
000076A4 FFFF FFFF E000 FFFF FFFF E000 FFFF FFFF  ................
000076B4 E000 FFFF FFFF E000 FFFF FFFF E000 FFFF  ................
000076C4 FFFF E000 FFFF FFFF E000 FFFF FFFF E000  ................
000076D4 FFFF FFFF E000 0000 0000 0000 0000 0084  ................
000076E4 0000 0000 0000 0000 0000 0000 0000 0000  ................
000076F4 0000 0000 0000 0000 0000 0000 FFFF FFFE  ................
00007704 FFFF FFFF FFFF FFFF FFFF FFFF FFFF FFFF  ................
00007714 FFFF FFFF FFFF FFFF FFFF FFFF FFFF FFFF  ................
00007724 FFFF FFFE FFFF FFFF FFFF FFFF FFFF FFFF  ................
00007734 FFFF FFFF FFFF FFFF FFFF FFFF FFFF FFFF  ................
00007744 FFFF FFFF FFFF FFFF FFFF FFFF FFFF FFFF  ................
00007754 FFFF FFFF FFFF FFFF FFFF FFFF 7FFF FFFE  ................
00007764 0000 0000 0000 0084 0000 0000 0000 0000  ................
00007774 0000 0000 0000 0000 0000 0000 0000 0000  ................
00007784 0000 0000 FFFF FFFE FFFF FFFF FFFF FFFF  ................
00007794 FFFF FFFF FFFF FFFF FFFF FFFF FFFF FFFF  ................
000077A4 FFFF FFFF FFFF FFFF FFFF FFFE FFFF FFFF  ................
000077B4 FFFF FFFF FFFF FFFF FFFF FFFF FFFF FFFF  ................
000077C4 FFFF FFFF FFFF FFFF FFFF FFFF FFFF FFFF  ................
000077D4 FFFF FFFF FFFF FFFF FFFF FFFF FFFF FFFF  ................
000077E4 FFFF FFFF 7FFF FFFE 0000 0000 0000 007C  ...............|
000077F4 0000 0000 0000 0000 0000 0000 0000 0000  ................
00007804 0000 0000 0000 0000 0000 0000 01EF FFC0  ................
00007814 01EF FFE0 01EF FFF0 0FEF FFF8 0FEF FFF8  ................
00007824 0FEF FFF8 0FEF FFF8 0FEF FFF8 0FEF FFF8  ................
00007834 0FEF FFF8 0FEF FFF8 0FEF FFF8 0FEF FFF8  ................
00007844 0FEF FFF8 0FFF FFF8 0FFF FFF0 0FFF FFE0  ................
00007854 0FFF FFC0 0FFF FC00 0FFF FC00 07FF FC00  ................
00007864 03FF BC00 01FE 3C00 0000 0000 0000 0034  ......<........4
00007874 000E 0018 0030 0060 F0C0 3980 1F00 0E00  .....0.`..9.....
00007884 0000 0000 0000 0000 0000 0000 0000 0000  ................
00007894 FFF1 FFE7 FFCF FF9F 0F3F C67F E0FF F1FF  .........?......
000078A4 0000 0000 0000 7B70 0000 0038 0000 0000  ......{p...8....
000078B4 0000 0000 0000 0000 0000 0000 0000 0000  ................
000078C4 0000 0000 0000 0000 0000 0000 0000 0000  ................
000078D4 0000 0000 0000 7B70 0000 0008 0000 0104  ......{p........
000078E4 0000 0000 0000 0000 0000 0000 0000 0000  ................
000078F4 0000 0000 0000 0000 0000 0000 FFFF FFFE  ................
00007904 8000 0003 BFFF FFFB 8000 0003 BFFF FFFB  ................
00007914 8000 0003 BFFF FFFB 8000 654B 8000 ED93  ..........eK....
00007924 8000 A572 FFFF FFFF 8000 0001 8000 001D  ...r............
00007934 8000 0001 BFFF E1FD AAAA A155 BFFF EFFD  ...........U....
00007944 AAAA BB55 BFFF F1FD AAAA BB55 BFFF EFFD  ...U.......U....
00007954 8401 0001 87FF 0001 8000 0001 7FFF FFFE  ................
00007964 0000 0000 0000 0000 0000 0000 0000 0000  ................
00007974 0000 0000 0000 0000 0000 0000 0000 0000  ................
00007984 7FFF FFFC 4000 0004 7FFF FFFC 4000 0004  ....@.......@...
00007994 7FFF FFFC 4000 0004 7FFF 9AB4 7FFF 126C  ....@..........l
000079A4 7FFF 5A8C 0000 0000 7FFF FFFE 7FFF FFE2  ..Z.............
000079B4 7FFF FFFE 4000 1E02 5555 5EAA 4000 1002  ....@...UU^.@...
000079C4 5555 44AA 4000 0E02 5555 44AA 4000 1002  UUD.@...UUD.@...
000079D4 7BFE FFFE 7800 FFFE 7FFF FFFE 0000 0000  {...x...........
000079E4 0000 0000 0000 0104 0000 0000 0000 0000  ................
000079F4 0000 0000 0000 0000 0000 0000 0000 0000  ................
00007A04 0000 0000 FFFF FFFE 8000 0003 BFFF FFFB  ................
00007A14 8000 0003 BFFF FFFB 8000 0003 BFFF FFFB  ................
00007A24 8000 654B 8000 ED93 8000 A572 FFFF FFFF  ..eK.......r....
00007A34 8000 0001 8000 001D 8000 0001 BFFF E1FD  ................
00007A44 AAAA A155 BFFF EFFD AAAA BB55 BFFF F1FD  ...U.......U....
00007A54 AAAA BB55 BFFF EFFD 8401 0001 87FF 0001  ...U............
00007A64 8000 0001 7FFF FFFE 0000 0000 0000 0000  ................
00007A74 0000 0000 0000 0000 0000 0000 0000 0000  ................
00007A84 0000 0000 0000 0000 7FFF FFFC 4000 0004  ............@...
00007A94 7FFF FFFC 4000 0004 7FFF FFFC 4000 0004  ....@.......@...
00007AA4 7FFF 9AB4 7FFF 126C 7FFF 5A8C 0000 0000  .......l..Z.....
00007AB4 7FFF FFFE 7FFF FFE2 7FFF FFFE 4000 1E02  ............@...
00007AC4 5555 5EAA 4000 1002 5555 44AA 4000 0E02  UU^.@...UUD.@...
00007AD4 5555 44AA 4000 1002 7BFE FFFE 7800 FFFE  UUD.@...{...x...
00007AE4 7FFF FFFE 0000 0000 0000 0000 0000 007C  ...............|
00007AF4 0000 0000 0000 0000 0000 0000 0000 0000  ................
00007B04 0000 0000 0000 0000 0000 0000 01EF FFC0  ................
00007B14 01EF FFE0 01EF FFF0 0FEF FFF8 0FEF FFF8  ................
00007B24 0FEF FFF8 0FEF FFF8 0FEF FFF8 0FEF FFF8  ................
00007B34 0FEF FFF8 0FEF FFF8 0FEF FFF8 0FEF FFF8  ................
00007B44 0FEF FFF8 0FFF FFF8 0FFF FFF0 0FFF FFE0  ................
00007B54 0FFF FFC0 0FFF FC00 0FFF FC00 07FF FC00  ................
00007B64 03FF BC00 01FE 3C00 0000 0000 0000 7BD8  ......<.......{.
00007B74 0000 0008 0000 0016 0000 0300 0600 0C00  ................
00007B84 1800 3000 6000 0000 0000 0000 0000 0016  ..0.`...........
00007B94 E000 E000 E000 E000 E000 E000 E000 E000  ................
00007BA4 E000 0000 0000 0016 FFE0 FCE0 F9E0 F3E0  ................
00007BB4 E7E0 CFE0 9FE0 FFE0 FFE0 0000 0000 0016  ................
00007BC4 0000 0400 09C0 1380 2700 4E00 9C00 1800  ........'.N.....
00007BD4 0000 0000 0000 8310 0000 0008 0000 00F4  ................
00007BE4 0000 0000 0000 0000 0000 0000 0000 0000  ................
00007BF4 0000 0000 0000 0000 0000 0000 01EF FFC0  ................
00007C04 0128 0020 0128 0010 0F29 FF88 0929 00C8  .(. .(...)...)..
00007C14 0929 0048 0929 3E48 0929 2648 0929 2648  .).H.)>H.)&H.)&H
00007C24 0929 2648 0929 2048 0929 20C8 0929 3F88  .)&H.) H.) ..)?.
00007C34 0929 2018 0939 2038 0901 27F0 0983 27E0  .) ..9 8..'...'.
00007C44 08FE 27C0 0C00 6400 0E01 E400 07FF FC00  ..'...d.........
00007C54 03FF BC00 01FE 3C00 0000 0000 0000 0000  ......<.........
00007C64 0000 0000 0000 0000 0000 0000 0000 0000  ................
00007C74 0000 0000 0000 0000 00C7 FFC0 00C7 FFE0  ................
00007C84 00C6 0070 06C6 FF30 06C6 FFB0 06C6 C1B0  ...p...0........
00007C94 06C6 D9B0 06C6 D9B0 06C6 D9B0 06C6 DFB0  ................
00007CA4 06C6 DF30 06C6 C070 06C6 DFE0 06C6 DFC0  ...0...p........
00007CB4 06FE D800 067C D800 0701 D800 03FF 9800  .....|..........
00007CC4 01FE 1800 0000 0000 0000 0000 0000 0000  ................
00007CD4 0000 0000 0000 00F4 0000 0000 0000 0000  ................
00007CE4 0000 0000 0000 0000 0000 0000 0000 0000  ................
00007CF4 0000 0000 01EF FFC0 0128 0020 0128 0010  .........(. .(..
00007D04 0F29 FF88 0929 00C8 0929 0048 0929 3E48  .)...)...).H.)>H
00007D14 0929 2648 0929 2648 0929 2648 0929 2048  .)&H.)&H.)&H.) H
00007D24 0929 20C8 0929 3F88 0929 2018 0939 2038  .) ..)?..) ..9 8
00007D34 0901 27F0 0983 27E0 08FE 27C0 0C00 6400  ..'...'...'...d.
00007D44 0E01 E400 07FF FC00 03FF BC00 01FE 3C00  ..............<.
00007D54 0000 0000 0000 0000 0000 0000 0000 0000  ................
00007D64 0000 0000 0000 0000 0000 0000 0000 0000  ................
00007D74 00C7 FFC0 00C7 FFE0 00C6 0070 06C6 FF30  ...........p...0
00007D84 06C6 FFB0 06C6 C1B0 06C6 D9B0 06C6 D9B0  ................
00007D94 06C6 D9B0 06C6 DFB0 06C6 DF30 06C6 C070  ...........0...p
00007DA4 06C6 DFE0 06C6 DFC0 06FE D800 067C D800  .............|..
00007DB4 0701 D800 03FF 9800 01FE 1800 0000 0000  ................
00007DC4 0000 0000 0000 0000 0000 0000 0000 0044  ...............D
00007DD4 0000 0000 0000 0100 01FF 8100 07FF F500  ................
00007DE4 0DFF 3900 1BFF F900 1FFF F900 1FFF FF00  ..9.............
00007DF4 1F73 FB00 02E7 F700 027E 6B00 027F FF00  .s.......~k.....
00007E04 03FF EF00 03FF FF00 000A FF00 7FFF FF00  ................
00007E14 0000 0000 0000 0044 FFFF FE00 8000 0000  .......D........
00007E24 81FF 8000 8700 F400 8FBD 3800 9BAB F800  ..........8.....
00007E34 9C6B 8800 99FF CE00 9F73 FA00 82EF B600  .k.......s......
00007E44 837E 2A00 827F BE00 8380 EE00 8355 7E00  .~*..........U~.
00007E54 800A FE00 0000 0000 0000 0000 0000 0044  ...............D
00007E64 FFFF FE00 87FF F000 8DFF 3800 9BFF FC00  ..........8.....
00007E74 9FC3 F800 9F95 F800 9F7E F800 81FF 1600  .........~......
00007E84 81F3 EA00 82E7 F600 827E 6A00 827F FE00  .........~j.....
00007E94 83FF EE00 83FF FE00 800A FE00 0000 0000  ................
00007EA4 0000 0000 0000 0044 0000 0000 0000 0000  .......D........
00007EB4 0000 0000 0000 0000 0000 0000 0000 0000  ................
00007EC4 0000 0000 0000 0000 0010 0000 0000 0000  ................
00007ED4 0000 0000 0200 0000 0000 0000 0000 0000  ................
00007EE4 0000 0000 0000 0000 0000 0000 0000 0044  ...............D
00007EF4 0000 0000 0752 F100 0FBD 3900 1BBF FD00  .....R....9.....
00007F04 1C43 8900 1981 C900 1F6A F900 01FF 1700  .C.......j......
00007F14 01F3 EB00 02EF B700 037E 2B00 027F BF00  .........~+.....
00007F24 0380 EF00 0355 7F00 000A FF00 7FFF FF00  .....U..........
00007F34 0000 0000 0000 0016 0000 0180 0300 0600  ................
>g
WARNING: Activated debugger
 -- stub -- activate_console
  D0 00000000   D1 048613FF   D2 40000000   D3 00008000
  D4 00000000   D5 00000000   D6 80000000   D7 C0000000
  A0 0020099A   A1 002094E2   A2 00FE7350   A3 0020099E
  A4 00F813F4   A5 0020A4EE   A6 00200804   A7 00202276
USP  0020A530 ISP  00202276 SFC  00000000 DFC  00000000
CACR 00000001 VBR  00000000 CAAR 00000000 MSP  00000000
T=00 S=1 M=0 X=0 N=0 Z=0 V=0 C=0 IMASK=3 STP=0
00F81128 48e7 c0c6                MOVEM.L D0-D1/A0-A1/A5-A6,-(A7)
Next PC: 00f8112c
>