@305001 Origin: Last! Amiga BBS - (305) 456-0126 - Public Domain & Fred Fish Online
@305002 Origin: The 4 Am Club! - (305) 966-0154 - Where The Elite Meet!
@305003 Origin: Silent Achievers - (305) 964-4263 - /X Support
@416001 Origin: Kickstart BBS - (416) 279-0907 (416) 566-8198 - Canada's #1 BBS
@416002 Origin: Midnight Magic - (416) 796-2931 - Are you gonna go my way?
@416003 Origin: Great Barrier BBS - (416) 841-5343 - Star Trek: TNG atmosphere
@416004 Origin: Toon Town BBS - (416) 612-0769 - Home of the Sex Shop
@416006 Origin: BEYOND iNFiNiTY - CRYSTAL CHQ - 416 461-67o2/91o1/5113
@416007 Origin: Time Contimuum
@519001 Origin: Lost Shadows BBS (519) 748-5784
@703001 Origin: LightSpeed Technologies - (703) 639-6114 - /X Developement 
@716001 Origin:- There's only one.... The Edge! BBS -
@DK0001 Origin: Dux Denmark
@DK0002 Origin: Lector DenMark
@GR0001 Origin: Foxx's Den BBS ¤v¤ TsL +49-2735852 GhQ ¤v¤ Convenient immortal
@GR0002 Origin: Synergy ** Console/Amiga/Cbm64 3 Nodes ** +49-573-141-982
@GR0003 
@GR0004 Origin: The Bird
@IT0001 Origin: PaRaDiSe DReaMS - ++39 (573) 479575 - Italy's #1 BBS
@NL0001 Origin: Sleep City bbs  +31-79-219299 - If you got it ,I want it!!
@NL0002 Origin: .:7Th Heaven BBS:.[You write it, We spread it!]
@SF0001 Origin: ThunderStruck BBS

