
> backend@1.0.0 dev
> npx tsx src/index.ts

[UserFileManager] Initialized
  BBS root: /Users/spot/Code/amiexpress-web
  user.data: /Users/spot/Code/amiexpress-web/user.data
  user.keys: /Users/spot/Code/amiexpress-web/user.keys
  user.misc: /Users/spot/Code/amiexpress-web/user.misc
[dotenv@17.2.3] injecting env (0) from .env -- tip: ⚙️  load multiple .env files with { path: ['.env.local', '.env'] }
Configuration loaded from: amiexpress.conf
[ConfigManager] Initialized with dataDir: /Users/spot/Code/amiexpress-web
[ConfigManager] process.cwd(): /Users/spot/Code/amiexpress-web/web/backend
[ConfigManager] BBS_DATA_DIR env: (not set)
[CONFIG_DEBUG] dataDir=/Users/spot/Code/amiexpress-web
Initializing SQLite database connection...
Database directory: /Users/spot/Code/amiexpress-web/web/backend/data
Database file: amiexpress.db
Full path: /Users/spot/Code/amiexpress-web/web/backend/data/amiexpress.db
✓ Directory exists: /Users/spot/Code/amiexpress-web/web/backend/data
Opening SQLite database...
✓ Database opened
Setting WAL mode...
✓ WAL mode set
Enabling foreign keys...
✓ Foreign keys enabled
✅ Connected to SQLite database
[CallersLogManager] Initialized
  BBS root: /Users/spot/Code/amiexpress-web
[DoorDropFile] Initialized
  BBS root: /Users/spot/Code/amiexpress-web
Loaded 0 AREXX scripts
node:internal/modules/run_main:107
    triggerUncaughtException(
    ^

Error: Transform failed with 1 error:
/Users/spot/Code/amiexpress-web/web/backend/src/handlers/command.handler.ts:3261:0: ERROR: Unexpected "}"
    at failureErrorWithLog (/Users/spot/Code/amiexpress-web/web/backend/node_modules/esbuild/lib/main.js:1467:15)
    at /Users/spot/Code/amiexpress-web/web/backend/node_modules/esbuild/lib/main.js:736:50
    at responseCallbacks.<computed> (/Users/spot/Code/amiexpress-web/web/backend/node_modules/esbuild/lib/main.js:603:9)
    at handleIncomingPacket (/Users/spot/Code/amiexpress-web/web/backend/node_modules/esbuild/lib/main.js:658:12)
    at Socket.readFromStdout (/Users/spot/Code/amiexpress-web/web/backend/node_modules/esbuild/lib/main.js:581:7)
    at Socket.emit (node:events:508:28)
    at addChunk (node:internal/streams/readable:559:12)
    at readableAddChunkPushByteMode (node:internal/streams/readable:510:3)
    at Readable.push (node:internal/streams/readable:390:5)
    at Pipe.onStreamRead (node:internal/stream_base_commons:189:23) {
  name: 'TransformError'
}

Node.js v24.10.0
