[     255ms] [LOG] [Font Preload] Loading all fonts... @ http://localhost:3001/assets/index-BCiVtKwL.js:54
[     281ms] [LOG] [BBSTerminal] Window resize listener attached @ http://localhost:3001/assets/index-BCiVtKwL.js:73
[     281ms] [LOG] [BBSTerminal] ResizeObserver attached @ http://localhost:3001/assets/index-BCiVtKwL.js:73
[     281ms] [LOG] [Terminal] Connecting to: http://localhost:3001 @ http://localhost:3001/assets/index-BCiVtKwL.js:73
[     328ms] [LOG] [BBSTerminal] Fixed mode - ignoring resize, staying at 80x25 @ http://localhost:3001/assets/index-BCiVtKwL.js:73
[     336ms] [LOG] [Font Preload] Loaded: mosoul @ http://localhost:3001/assets/index-BCiVtKwL.js:54
[     336ms] [LOG] [Font Preload] Loaded: Topaz_a500 @ http://localhost:3001/assets/index-BCiVtKwL.js:54
[     336ms] [LOG] [Font Preload] Loaded: TopazPlus_a500 @ http://localhost:3001/assets/index-BCiVtKwL.js:54
[     337ms] [LOG] [Font Preload] Loaded: TopazPlus_a1200 @ http://localhost:3001/assets/index-BCiVtKwL.js:54
[     337ms] [LOG] [Font Preload] Loaded: Topaz_a1200 @ http://localhost:3001/assets/index-BCiVtKwL.js:54
[     337ms] [LOG] [Font Preload] All fonts loaded @ http://localhost:3001/assets/index-BCiVtKwL.js:54
[     343ms] [LOG] [Terminal] Connected to BBS backend @ http://localhost:3001/assets/index-BCiVtKwL.js:82
[     344ms] [LOG] [Terminal] Sent initial size: 80x25 @ http://localhost:3001/assets/index-BCiVtKwL.js:82
[     344ms] [LOG] [GamepadManager] Starting gamepad polling... @ http://localhost:3001/assets/index-BCiVtKwL.js:54
[     345ms] [LOG] [Gamepad] Gamepad support initialized @ http://localhost:3001/assets/index-BCiVtKwL.js:82
[     428ms] [LOG] [BBSTerminal] Fixed mode - ignoring resize, staying at 80x25 @ http://localhost:3001/assets/index-BCiVtKwL.js:73
[    3879ms] [LOG] Login successful: {user: Object, token: eyJhbGciOiJIUzI1NiIsInR5cCI6IkpXVCJ9.eyJ1c2VySWQiO…1NDR9.LvS2WxvuKQrNPcG2id7kMCkmHLVtJ_Out6ocGIiTdeo, refreshToken: eyJhbGciOiJIUzI1NiIsInR5cCI6IkpXVCJ9.eyJ1c2VySWQiO…1NDR9.LUVJbzSXZ1degnZ5CNnBl-Vb-NPmO2zvm19la1_7S2o} @ http://localhost:3001/assets/index-BCiVtKwL.js:88
[    3880ms] [LOG] [Session Persistence] Session state saved: {userId: 7ddd39a4-9a2b-485e-ba5a-8cfec20813dd, username: sysop, nodeId: undefined, socketId: eVqPRx86K4HIUcmnAAAB, currentConf: undefined} @ http://localhost:3001/assets/index-BCiVtKwL.js:54
[    3881ms] [LOG] [Font Preference] Received saved preference: TopazPlus_a1200 @ http://localhost:3001/assets/index-BCiVtKwL.js:99
[    3889ms] [LOG] [Font Preference] Applied saved font: TopazPlus_a1200 size: 16 lineHeight: 1 @ http://localhost:3001/assets/index-BCiVtKwL.js:99
[    5358ms] [LOG] [BBSTerminal] door-active received: true @ http://localhost:3001/assets/index-BCiVtKwL.js:92
[    5388ms] [LOG] [ModemEmulator] Speed changed to 56000 bps @ http://localhost:3001/assets/index-BCiVtKwL.js:88
[    5388ms] [LOG] [ModemEmulator] Enabled at 56000 bps (5600 bytes/sec) @ http://localhost:3001/assets/index-BCiVtKwL.js:54
[    6201ms] [LOG] [BBSTerminal] door-active received: false @ http://localhost:3001/assets/index-BCiVtKwL.js:92
[   53598ms] [LOG] [DISCONNECT] Client disconnected, reason: transport close @ http://localhost:3001/assets/index-BCiVtKwL.js:88
[   53601ms] [LOG] [DISCONNECT] Disconnect details: {reason: transport close, socketId: undefined, loginState: loggedin, forcedDisconnect: false, timestamp: 2026-05-26T17:49:54.057Z} @ http://localhost:3001/assets/index-BCiVtKwL.js:88
[   53601ms] [LOG] [DISCONNECT] Network disconnect - preserving session state for reconnection @ http://localhost:3001/assets/index-BCiVtKwL.js:88
[   54409ms] [ERROR] WebSocket connection to 'ws://localhost:3001/socket.io/?EIO=4&transport=websocket' failed: Error in connection establishment: net::ERR_CONNECTION_REFUSED @ http://localhost:3001/assets/index-BCiVtKwL.js:54
[   54410ms] [ERROR] [Terminal] Connection error: websocket error @ http://localhost:3001/assets/index-BCiVtKwL.js:82
[   57211ms] [ERROR] WebSocket connection to 'ws://localhost:3001/socket.io/?EIO=4&transport=websocket' failed: Error in connection establishment: net::ERR_CONNECTION_REFUSED @ http://localhost:3001/assets/index-BCiVtKwL.js:54
[   57211ms] [ERROR] [Terminal] Connection error: websocket error @ http://localhost:3001/assets/index-BCiVtKwL.js:82
[   60221ms] [ERROR] WebSocket connection to 'ws://localhost:3001/socket.io/?EIO=4&transport=websocket' failed: Error in connection establishment: net::ERR_CONNECTION_REFUSED @ http://localhost:3001/assets/index-BCiVtKwL.js:54
[   60221ms] [ERROR] [Terminal] Connection error: websocket error @ http://localhost:3001/assets/index-BCiVtKwL.js:82
[   63228ms] [ERROR] WebSocket connection to 'ws://localhost:3001/socket.io/?EIO=4&transport=websocket' failed: Error in connection establishment: net::ERR_CONNECTION_REFUSED @ http://localhost:3001/assets/index-BCiVtKwL.js:54
[   63228ms] [ERROR] [Terminal] Connection error: websocket error @ http://localhost:3001/assets/index-BCiVtKwL.js:82
[   66238ms] [ERROR] WebSocket connection to 'ws://localhost:3001/socket.io/?EIO=4&transport=websocket' failed: Error in connection establishment: net::ERR_CONNECTION_REFUSED @ http://localhost:3001/assets/index-BCiVtKwL.js:54
[   66238ms] [ERROR] [Terminal] Connection error: websocket error @ http://localhost:3001/assets/index-BCiVtKwL.js:82
