[    2736ms] [ERROR] Failed to load resource: the server responded with a status of 429 () @ https://www.soundcraft.com/ui-demo/img2x/FADERO-FX2.png:0
[    2737ms] [ERROR] Failed to load resource: the server responded with a status of 429 () @ https://www.soundcraft.com/ui-demo/img2x/EDT-OFF.png:0
[    2738ms] [ERROR] Failed to load resource: the server responded with a status of 429 () @ https://www.soundcraft.com/ui-demo/img2x/MIXG-GAIN.png:0
[    2738ms] [ERROR] Failed to load resource: the server responded with a status of 429 () @ https://www.soundcraft.com/ui-demo/img2x/M-LABEL.png:0
[    2738ms] [ERROR] Failed to load resource: the server responded with a status of 429 () @ https://www.soundcraft.com/ui-demo/img2x/RECS-OFF.png:0
[    2738ms] [ERROR] Failed to load resource: the server responded with a status of 429 () @ https://www.soundcraft.com/ui-demo/img2x/M-MUTE-OFF_F.png:0
[    2739ms] [ERROR] Failed to load resource: the server responded with a status of 429 () @ https://www.soundcraft.com/ui-demo/img2x/PEAK-OFF.png:0
[    2739ms] [ERROR] Failed to load resource: the server responded with a status of 429 () @ https://www.soundcraft.com/ui-demo/img2x/F1-OFF.png:0
[    2741ms] [ERROR] Failed to load resource: the server responded with a status of 429 () @ https://www.soundcraft.com/ui-demo/img2x/FXRET-BTN-ON.png:0
[    2741ms] [ERROR] Failed to load resource: the server responded with a status of 429 () @ https://www.soundcraft.com/ui-demo/img2x/MUTE-SC-OFF_F.png:0
[    2742ms] [ERROR] Failed to load resource: the server responded with a status of 429 () @ https://www.soundcraft.com/ui-demo/img2x/FXS-OFF.png:0
[    2743ms] [ERROR] Failed to load resource: the server responded with a status of 429 () @ https://www.soundcraft.com/ui-demo/img2x/FADER-RED2.png:0
[    2743ms] [ERROR] Failed to load resource: the server responded with a status of 429 () @ https://www.soundcraft.com/ui-demo/img2x/MIXG-OFF.png:0
[    2746ms] [ERROR] Failed to load resource: the server responded with a status of 429 () @ https://www.soundcraft.com/ui-demo/img2x/TOPNAV-LED.png:0
[    2768ms] [ERROR] Failed to load resource: the server responded with a status of 429 () @ https://www.soundcraft.com/ui-demo/img2x/48V-OFF.png:0
[    2774ms] [ERROR] Failed to load resource: the server responded with a status of 429 () @ https://www.soundcraft.com/ui-demo/img2x/CMIX-OFF.png:0
[    2774ms] [ERROR] Failed to load resource: the server responded with a status of 429 () @ https://www.soundcraft.com/ui-demo/img2x/AUXM-BTN-ON2.png:0
[    2774ms] [ERROR] Failed to load resource: the server responded with a status of 429 () @ https://www.soundcraft.com/ui-demo/img2x/RESET-OFF.png:0
[    2775ms] [ERROR] Failed to load resource: the server responded with a status of 429 () @ https://www.soundcraft.com/ui-demo/img2x/TOPNAV-L.png:0
[    2777ms] [ERROR] Failed to load resource: the server responded with a status of 429 () @ https://www.soundcraft.com/ui-demo/img2x/POST-ON_g.png:0
[    2794ms] [ERROR] Failed to load resource: the server responded with a status of 429 () @ https://www.soundcraft.com/ui-demo/img2x/PRE-OFF_y.png:0
[    2795ms] [ERROR] Failed to load resource: the server responded with a status of 429 () @ https://www.soundcraft.com/ui-demo/img2x/PI-OFF.png:0
[    2795ms] [ERROR] Failed to load resource: the server responded with a status of 429 () @ https://www.soundcraft.com/ui-demo/img2x/VIEWGR-BTN-ON.png:0
[    2795ms] [ERROR] Failed to load resource: the server responded with a status of 429 () @ https://www.soundcraft.com/ui-demo/img2x/FXS-ON.png:0
[    2796ms] [ERROR] Failed to load resource: the server responded with a status of 429 () @ https://www.soundcraft.com/ui-demo/img2x/M-SOLO-OFF.png:0
[    2814ms] [ERROR] Failed to load resource: the server responded with a status of 429 () @ https://www.soundcraft.com/ui-demo/img2x/48V-ON.png:0
[    2815ms] [ERROR] Failed to load resource: the server responded with a status of 429 () @ https://www.soundcraft.com/ui-demo/img2x/FADERG-FX2.png:0
[    2818ms] [ERROR] Failed to load resource: the server responded with a status of 429 () @ https://www.soundcraft.com/ui-demo/img2x/CHORUS-OFF.png:0
[    2821ms] [ERROR] Failed to load resource: the server responded with a status of 429 () @ https://www.soundcraft.com/ui-demo/img2x/REVERB-OFF.png:0
[    2822ms] [ERROR] Failed to load resource: the server responded with a status of 429 () @ https://www.soundcraft.com/ui-demo/img2x/ROOM-GR-ON.png:0
[    2832ms] [ERROR] Failed to load resource: the server responded with a status of 429 () @ https://www.soundcraft.com/ui-demo/img2x/SLIDER_GREEN.png:0
[    2834ms] [ERROR] Failed to load resource: the server responded with a status of 429 () @ https://www.soundcraft.com/ui-demo/img2x/TV-ON.png:0
[    2844ms] [ERROR] Failed to load resource: the server responded with a status of 429 () @ https://www.soundcraft.com/ui-demo/img2x/PLAYS-OFF.png:0
[    2845ms] [ERROR] Failed to load resource: the server responded with a status of 429 () @ https://www.soundcraft.com/ui-demo/img2x/F1-ON.png:0
[    2845ms] [ERROR] Failed to load resource: the server responded with a status of 429 () @ https://www.soundcraft.com/ui-demo/img2x/SC-TOP.png:0
[    2845ms] [ERROR] Failed to load resource: the server responded with a status of 429 () @ https://www.soundcraft.com/ui-demo/img2x/AUXS-OFF.png:0
[    2845ms] [ERROR] Failed to load resource: the server responded with a status of 429 () @ https://www.soundcraft.com/ui-demo/img2x/DELAY-OFF.png:0
[    2846ms] [ERROR] Failed to load resource: the server responded with a status of 429 () @ https://www.soundcraft.com/ui-demo/img2x/EDT-ON_T.png:0
[    2856ms] [ERROR] Failed to load resource: the server responded with a status of 429 () @ https://www.soundcraft.com/ui-demo/img2x/SETTINGS-ON.png:0
[    2856ms] [ERROR] Failed to load resource: the server responded with a status of 429 () @ https://www.soundcraft.com/ui-demo/img2x/ROOM-OFF.png:0
[    2857ms] [ERROR] Failed to load resource: the server responded with a status of 429 () @ https://www.soundcraft.com/ui-demo/img2x/PLAYS-STOP.png:0
[    2857ms] [ERROR] Failed to load resource: the server responded with a status of 429 () @ https://www.soundcraft.com/ui-demo/img2x/MUTEGR-BTN-ON.png:0
[    2857ms] [ERROR] Failed to load resource: the server responded with a status of 429 () @ https://www.soundcraft.com/ui-demo/img2x/HARD-KNEE-OFF.png:0
[    2858ms] [ERROR] Failed to load resource: the server responded with a status of 429 () @ https://www.soundcraft.com/ui-demo/img2x/SC-BOTTOM.png:0
[    2876ms] [ERROR] Failed to load resource: the server responded with a status of 429 () @ https://www.soundcraft.com/ui-demo/img2x/FADERB-FX2.png:0
[    2877ms] [ERROR] Failed to load resource: the server responded with a status of 429 () @ https://www.soundcraft.com/ui-demo/img2x/SC-TILE.png:0
[    2896ms] [ERROR] Failed to load resource: the server responded with a status of 429 () @ https://www.soundcraft.com/ui-demo/img2x/CHORUS-ON.png:0
[    2899ms] [ERROR] Failed to load resource: the server responded with a status of 429 () @ https://www.soundcraft.com/ui-demo/img2x/F2-ON.png:0
[    2899ms] [ERROR] Failed to load resource: the server responded with a status of 429 () @ https://www.soundcraft.com/ui-demo/img2x/M%20VU%20TILE5.png:0
[    2901ms] [ERROR] Failed to load resource: the server responded with a status of 429 () @ https://www.soundcraft.com/ui-demo/img2x/DELAY-OR-ON.png:0
[    2964ms] [ERROR] Failed to load resource: the server responded with a status of 429 () @ https://www.soundcraft.com/ui-demo/img2x/DELAY-GR-ON.png:0
[    3060ms] [ERROR] Failed to load resource: the server responded with a status of 429 () @ https://www.soundcraft.com/ui-demo/img2x/SAVE-ON.png:0
[    3070ms] [ERROR] Failed to load resource: the server responded with a status of 429 () @ https://www.soundcraft.com/ui-demo/img2x/FAQ-OFF.png:0
[    3070ms] [ERROR] Failed to load resource: the server responded with a status of 429 () @ https://www.soundcraft.com/ui-demo/img2x/MEDIA-PREV-ON.png:0
[    3095ms] [ERROR] Failed to load resource: the server responded with a status of 429 () @ https://www.soundcraft.com/ui-demo/img2x/SPKR-GREY.png:0
[    3108ms] [ERROR] Failed to load resource: the server responded with a status of 429 () @ https://www.soundcraft.com/ui-demo/img2x/FX-S-LED.png:0
[    3110ms] [ERROR] Failed to load resource: the server responded with a status of 429 () @ https://www.soundcraft.com/ui-demo/img2x/LEX-RM.png:0
[    3110ms] [ERROR] Failed to load resource: the server responded with a status of 429 () @ https://www.soundcraft.com/ui-demo/img2x/YOUTUBE-ON.png:0
[    3125ms] [ERROR] Failed to load resource: the server responded with a status of 429 () @ https://www.soundcraft.com/ui-demo/img2x/TV-OFF.png:0
[    3125ms] [ERROR] Failed to load resource: the server responded with a status of 429 () @ https://www.soundcraft.com/ui-demo/fonts/opensans_bold/OpenSans-Bold-webfont.woff:0
[    3126ms] [ERROR] Failed to load resource: the server responded with a status of 429 () @ https://www.soundcraft.com/ui-demo/img2x/MUTE-L-BTN-OFF.png:0
[    3128ms] [ERROR] Failed to load resource: the server responded with a status of 429 () @ https://www.soundcraft.com/ui-demo/img2x/YOUTUBE-OFF.png:0
[    3132ms] [ERROR] Failed to load resource: the server responded with a status of 429 () @ https://www.soundcraft.com/ui-demo/img2x/picto_gr2.png:0
[    3137ms] [ERROR] Failed to load resource: the server responded with a status of 429 () @ https://www.soundcraft.com/ui-demo/img2x/SAVE-OFF.png:0
[    3167ms] [ERROR] Failed to load resource: the server responded with a status of 429 () @ https://www.soundcraft.com/ui-demo/img2x/AFS-ON.png:0
[    3174ms] [ERROR] Failed to load resource: the server responded with a status of 429 () @ https://www.soundcraft.com/ui-demo/img2x/FAQ-ON.png:0
[    3189ms] [ERROR] Failed to load resource: the server responded with a status of 429 () @ https://www.soundcraft.com/ui-demo/img2x/dbx_logo.png:0
[    3190ms] [ERROR] Failed to load resource: the server responded with a status of 429 () @ https://www.soundcraft.com/ui-demo/img2x/SCLOGO_B.png:0
[    3190ms] [ERROR] Failed to load resource: the server responded with a status of 429 () @ https://www.soundcraft.com/ui-demo/img2x/AFSON-ON2.png:0
[    3193ms] [ERROR] Failed to load resource: the server responded with a status of 429 () @ https://www.soundcraft.com/ui-demo/img2x/VIEWGR-BTN-OFF.png:0
[    3194ms] [ERROR] Failed to load resource: the server responded with a status of 429 () @ https://www.soundcraft.com/ui-demo/img2x/PI-ON.png:0
[    3239ms] [ERROR] Failed to load resource: the server responded with a status of 429 () @ https://www.soundcraft.com/ui-demo/img2x/ADOBE-OFF.png:0
[    3243ms] [ERROR] Failed to load resource: the server responded with a status of 429 () @ https://www.soundcraft.com/ui-demo/img2x/MUTE-L-BTN-ON.png:0
[    3266ms] [ERROR] Failed to load resource: the server responded with a status of 429 () @ https://www.soundcraft.com/ui-demo/img2x/RTA_OFF.png:0
[    3415ms] [ERROR] Failed to load resource: the server responded with a status of 429 () @ https://www.soundcraft.com/ui-demo/img2x/MUTEGR-BTN-OFF.png:0
[    3416ms] [ERROR] Failed to load resource: the server responded with a status of 429 () @ https://www.soundcraft.com/ui-demo/img2x/SUBGR-BTN-ON.png:0
[    3434ms] [ERROR] Failed to load resource: the server responded with a status of 429 () @ https://www.soundcraft.com/ui-demo/img2x/RESET-ON.png:0
[    3440ms] [ERROR] Failed to load resource: the server responded with a status of 429 () @ https://www.soundcraft.com/ui-demo/img2x/MEDIA-PAUSE.png:0
[    3443ms] [ERROR] Failed to load resource: the server responded with a status of 429 () @ https://www.soundcraft.com/ui-demo/img2x/FX-B-LED.png:0
[    3444ms] [ERROR] Failed to load resource: the server responded with a status of 429 () @ https://www.soundcraft.com/ui-demo/img2x/AMP-GREY.png:0
[    3456ms] [ERROR] Failed to load resource: the server responded with a status of 429 () @ https://www.soundcraft.com/ui-demo/img2x/dbx.png:0
[    3457ms] [ERROR] Failed to load resource: the server responded with a status of 429 () @ https://www.soundcraft.com/ui-demo/img2x/AFS-OFF-B.png:0
[    3462ms] [ERROR] Failed to load resource: the server responded with a status of 429 () @ https://www.soundcraft.com/ui-demo/fonts/opensans_bold/OpenSans-Bold-webfont.ttf:0
[    3462ms] [ERROR] Failed to load resource: the server responded with a status of 429 () @ https://www.soundcraft.com/ui-demo/img2x/nr/NR2-OFF.png:0
[    3462ms] [ERROR] Failed to load resource: the server responded with a status of 429 () @ https://www.soundcraft.com/ui-demo/img2x/CL_BTN_ON.png:0
[    3463ms] [ERROR] Failed to load resource: the server responded with a status of 429 () @ https://www.soundcraft.com/ui-demo/img2x/FX_BTN_BLU.png:0
[    3463ms] [ERROR] Failed to load resource: the server responded with a status of 429 () @ https://www.soundcraft.com/ui-demo/img2x/BOLT_ICON.png:0
[    3465ms] [ERROR] Failed to load resource: the server responded with a status of 429 () @ https://www.soundcraft.com/ui-demo/img2x/FX_BTN_OR.png:0
[    3493ms] [ERROR] Failed to load resource: the server responded with a status of 429 () @ https://www.soundcraft.com/ui-demo/img2x/LEX-DA.png:0
[    3497ms] [ERROR] Failed to load resource: the server responded with a status of 429 () @ https://www.soundcraft.com/ui-demo/img2x/MEDIA-STOP-OFF.png:0
[    3497ms] [ERROR] Failed to load resource: the server responded with a status of 429 () @ https://www.soundcraft.com/ui-demo/img2x/LEX_TAP_ON.png:0
[    3498ms] [ERROR] Failed to load resource: the server responded with a status of 429 () @ https://www.soundcraft.com/ui-demo/img2x/AFS2LOGO.png:0
[    3500ms] [ERROR] Failed to load resource: the server responded with a status of 429 () @ https://www.soundcraft.com/ui-demo/img2x/MEDIA-NEXT-ON.png:0
[    3500ms] [ERROR] Failed to load resource: the server responded with a status of 429 () @ https://www.soundcraft.com/ui-demo/img2x/DES-OFF.png:0
[    3501ms] [ERROR] Failed to load resource: the server responded with a status of 429 () @ https://www.soundcraft.com/ui-demo/img2x/REVERB-ON.png:0
[    3501ms] [ERROR] Failed to load resource: the server responded with a status of 429 () @ https://www.soundcraft.com/ui-demo/img2x/LEX_TAP_OFF.png:0
[    3658ms] [ERROR] Failed to load resource: the server responded with a status of 429 () @ https://www.soundcraft.com/ui-demo/img2x/SLIDER_YELLOW.png:0
[    3738ms] [ERROR] Failed to load resource: the server responded with a status of 429 () @ https://www.soundcraft.com/ui-demo/img2x/nr/NR3-BLUE-ON.png:0
[    3739ms] [ERROR] Failed to load resource: the server responded with a status of 429 () @ https://www.soundcraft.com/ui-demo/img2x/SLIDER_RED.png:0
[    3740ms] [ERROR] Failed to load resource: the server responded with a status of 429 () @ https://www.soundcraft.com/ui-demo/img2x/nr/NR1-BLUE-ON.png:0
[    3741ms] [ERROR] Failed to load resource: the server responded with a status of 429 () @ https://www.soundcraft.com/ui-demo/img2x/AFSON-OFF2.png:0
[    3741ms] [ERROR] Failed to load resource: the server responded with a status of 429 () @ https://www.soundcraft.com/ui-demo/img2x/FX_BTN_GR.png:0
[    3741ms] [ERROR] Failed to load resource: the server responded with a status of 429 () @ https://www.soundcraft.com/ui-demo/img2x/lock_3.png:0
[    3742ms] [ERROR] Failed to load resource: the server responded with a status of 429 () @ https://www.soundcraft.com/ui-demo/img2x/OFF-ON.png:0
[    3744ms] [ERROR] Failed to load resource: the server responded with a status of 429 () @ https://www.soundcraft.com/ui-demo/img2x/nr/NR2-RED-ON.png:0
[    3744ms] [ERROR] Failed to load resource: the server responded with a status of 429 () @ https://www.soundcraft.com/ui-demo/img2x/MEDIA-PLAY.png:0
[    3744ms] [ERROR] Failed to load resource: the server responded with a status of 429 () @ https://www.soundcraft.com/ui-demo/img2x/nr/NR5-OFF.png:0
[    3744ms] [ERROR] Failed to load resource: the server responded with a status of 429 () @ https://www.soundcraft.com/ui-demo/fonts/umix_led/umix_led.woff:0
[    3745ms] [ERROR] Failed to load resource: the server responded with a status of 429 () @ https://www.soundcraft.com/ui-demo/img2x/nr/NR1-RED-ON.png:0
[    3753ms] [ERROR] Failed to load resource: the server responded with a status of 429 () @ https://www.soundcraft.com/ui-demo/img2x/SLIDER_SILVER_H.png:0
[   48326ms] [ERROR] Failed to load resource: the server responded with a status of 429 () @ https://www.soundcraft.com/ui-demo/img2x/YOUTUBE-OFF.png:0
[   48326ms] [ERROR] Failed to load resource: the server responded with a status of 429 () @ https://www.soundcraft.com/ui-demo/img2x/OFF-ON.png:0
[   48326ms] [ERROR] Failed to load resource: the server responded with a status of 429 () @ https://www.soundcraft.com/ui-demo/img2x/VIEWGR-BTN-OFF.png:0
[   48326ms] [ERROR] Failed to load resource: the server responded with a status of 429 () @ https://www.soundcraft.com/ui-demo/img2x/CHORUS-OFF.png:0
[   48326ms] [ERROR] Failed to load resource: the server responded with a status of 429 () @ https://www.soundcraft.com/ui-demo/img2x/MEDIA-PLAY.png:0
[   48326ms] [ERROR] Failed to load resource: the server responded with a status of 429 () @ https://www.soundcraft.com/ui-demo/img2x/CHORUS-ON.png:0
[   48326ms] [ERROR] Failed to load resource: the server responded with a status of 429 () @ https://www.soundcraft.com/ui-demo/img2x/HARD-KNEE-OFF.png:0
[   48326ms] [ERROR] Failed to load resource: the server responded with a status of 429 () @ https://www.soundcraft.com/ui-demo/img2x/AFS-OFF-B.png:0
[   48326ms] [ERROR] Failed to load resource: the server responded with a status of 429 () @ https://www.soundcraft.com/ui-demo/img2x/AMP-GREY.png:0
[   48326ms] [ERROR] Failed to load resource: the server responded with a status of 429 () @ https://www.soundcraft.com/ui-demo/img2x/nr/NR2-OFF.png:0
[   48326ms] [ERROR] Failed to load resource: the server responded with a status of 429 () @ https://www.soundcraft.com/ui-demo/img2x/MEDIA-STOP-OFF.png:0
[   48326ms] [ERROR] Failed to load resource: the server responded with a status of 429 () @ https://www.soundcraft.com/ui-demo/img2x/nr/NR1-RED-ON.png:0
[   48327ms] [ERROR] Failed to load resource: the server responded with a status of 429 () @ https://www.soundcraft.com/ui-demo/img2x/LEX-DA.png:0
[   48327ms] [ERROR] Failed to load resource: the server responded with a status of 429 () @ https://www.soundcraft.com/ui-demo/img2x/dbx.png:0
[   48327ms] [ERROR] Failed to load resource: the server responded with a status of 429 () @ https://www.soundcraft.com/ui-demo/img2x/LEX_TAP_ON.png:0
[   48327ms] [ERROR] Failed to load resource: the server responded with a status of 429 () @ https://www.soundcraft.com/ui-demo/img2x/AFS2LOGO.png:0
[   48327ms] [ERROR] Failed to load resource: the server responded with a status of 429 () @ https://www.soundcraft.com/ui-demo/img2x/FX_BTN_BLU.png:0
[   48327ms] [ERROR] Failed to load resource: the server responded with a status of 429 () @ https://www.soundcraft.com/ui-demo/fonts/opensans_bold/OpenSans-Bold-webfont.woff:0
[   48327ms] [ERROR] Failed to load resource: the server responded with a status of 429 () @ https://www.soundcraft.com/ui-demo/img2x/AFS-ON.png:0
[   48327ms] [ERROR] Failed to load resource: the server responded with a status of 429 () @ https://www.soundcraft.com/ui-demo/fonts/umix_led/umix_led.woff:0
[   48327ms] [ERROR] Failed to load resource: the server responded with a status of 429 () @ https://www.soundcraft.com/ui-demo/img2x/nr/NR3-BLUE-ON.png:0
[   48327ms] [ERROR] Failed to load resource: the server responded with a status of 429 () @ https://www.soundcraft.com/ui-demo/img2x/AFSON-OFF2.png:0
[   48327ms] [ERROR] Failed to load resource: the server responded with a status of 429 () @ https://www.soundcraft.com/ui-demo/img2x/REVERB-ON.png:0
[   48327ms] [ERROR] Failed to load resource: the server responded with a status of 429 () @ https://www.soundcraft.com/ui-demo/img2x/FX_BTN_OR.png:0
[   48328ms] [ERROR] Failed to load resource: the server responded with a status of 429 () @ https://www.soundcraft.com/ui-demo/img2x/picto_gr2.png:0
[   48328ms] [ERROR] Failed to load resource: the server responded with a status of 429 () @ https://www.soundcraft.com/ui-demo/img2x/FX_BTN_GR.png:0
[   48328ms] [ERROR] Failed to load resource: the server responded with a status of 429 () @ https://www.soundcraft.com/ui-demo/img2x/SCLOGO_B.png:0
[   48328ms] [ERROR] Failed to load resource: the server responded with a status of 429 () @ https://www.soundcraft.com/ui-demo/img2x/ADOBE-OFF.png:0
[   48328ms] [ERROR] Failed to load resource: the server responded with a status of 429 () @ https://www.soundcraft.com/ui-demo/img2x/FAQ-OFF.png:0
[   48328ms] [ERROR] Failed to load resource: the server responded with a status of 429 () @ https://www.soundcraft.com/ui-demo/img2x/MEDIA-NEXT-ON.png:0
[   61657ms] [ERROR] TypeError: Cannot read properties of null (reading 'sendMessage')
    at Fs.sendMessage (https://www.gstatic.com/og/_/js/k=og.asy.en_US.7NLpafgNJ_w.2019.O/rt=j/m=_ac,_awd,ada,lldp,qads/exm=/d=1/ed=1/rs=AA2YrTte-Kkrvd5vMX3FQPa0YvYR8eRgwg:449:474)
    at Fs.ff (https://www.gstatic.com/og/_/js/k=og.asy.en_US.7NLpafgNJ_w.2019.O/rt=j/m=_ac,_awd,ada,lldp,qads/exm=/d=1/ed=1/rs=AA2YrTte-Kkrvd5vMX3FQPa0YvYR8eRgwg:459:355)
    at X.C (https://www.gstatic.com/og/_/js/k=og.asy.en_US.7NLpafgNJ_w.2019.O/rt=j/m=_ac,_awd,ada,lldp,qads/exm=/d=1/ed=1/rs=AA2YrTte-Kkrvd5vMX3FQPa0YvYR8eRgwg:518:445)
    at sNd (https://www.google.com/xjs/_/js/k=xjs.s.en_GB.x1Cp5K4bQMw.2019.O/ck=xjs.s.lyL3idWzXxs.L.B1.O/am=AACEAAAgCAAAAAAAAAAAAAAEACAEAAAAAAAAAAAAAAAAAAAAAoAAAAABAAAAAAAACAAAAAAAAAAAAAAAAACAAAAAASAIgAAAoAQACABAJCACABMAAAAAAAAAUOgHEACgAQAAAAAAPAAAIEQAAAAAAAAAAAQECEAAAJAAAAAAAAAAEAAAAABAAAAAQAgAAAAABgAYAAACiIQAAACgUAAAgAAAAAEAAAAAAAAAAEAQAAAAABJKAADwb_sGGgAABAAAAAAAAACAAAAAAAAAEAAABiTSAAMAAAAAAAgDFgAQACAUBgAAAQBBAAQAAAAAAIAACRAAQMAAIAAAAAEAAAAAAAAAABgQQBCgEAACgAIQEAAAIAAcAAAAAAAAICAAAAAAAAABIACAgACEAAIAAAAAQAEAoAACAAAA5AAAAAAAAICACAAEIAAAjCADAJAoAIAIAAABADBAAIgAAAAAACCABH4AAAEQAAAAAAAAJwAAAAAQCAAAAEgAfBFhBAAAAwAAAACQA8DjARwiKAAAAAAAAAAAAAAAAAAAAAAAAAAIgAIYB5JfEAABAAAAAAAAAAAAAAAAAAAAAAAAAAAASBE2BQAAAAAA2BoAEA/d=0/dg=0/br=1/ujg=1/rs=ACT90oHtYP_VQAETLJslE8fBD-bMKdMYJA/cb=loaded_h_0/m=byfTOb,lsjVmc,LEikZe,sy95,kWgXee,ovKuLd,sgY6Zb,qafBPd,ebZ3mb,dowIGb,sy69s,sy3cj,DpX64d,uKlGbf,sy69t,EufiNb,sy621,syu8,syu1,sytr,sytw,syuv,XCToU,sy1kj,gHhSjd,sy1kt,uUzMF,kN1Sic,sy1kw,Zby8rf,sy9se,sy5np,zmptHf,sy3gk,w4UyN,syvi,syti,syrz,Mbif2,ipWLfe,syvl,QVaUhf,sy1o0,sy1nz,sy1ny,sy1nw,sy1nx,SJpD2c,eAR4Hf,sy6ac,nN2e1e,kQvlef,sy35w,WlNQGd,sy1st,syy2,sy1tp,Tia57b,KpRAue,X8jtef,sy6ad,OXpAmf,sy5qx,sy34n,sy11d,syx6,sywx,sy11j,sy11h,sy11l,sy5qw,nRwWne,sy4ao,sy4ah,sy4ab,sy4aa,sy4a9,UHgVpe,sy1sx,sy1t4,sy1t8,sy1tr,NyeqM,sy8sd,sy8sb,sy8sa,sy75x,syxi,syxn,O63OXd,sytl,sytk,sytm,L1AAkb,sy14l,sy14m,YjTCDb,sy14j,sy14k,q00IXe,syj8,sy149,BYwJlf,syy0,syy1,rtH1bd,PGyklf,sy14r,syy5,sy14q,sy14p,sy14n,sy14c,sy14u,Fh0l0,sy1ka,sy1kb,pzkXnb,sy16k,sy148,FRLJrd,sy1kd,sy1ke,eBYPP,sy9be,sy45m,sy45n,sy2o5,sy17k,sy17j,sy15v,sy17l,sy178,sy179,sy12q,sy45p,sy2fo,sy2hq,sy2hn,sy2hk,sy2he,sy2a1,sy1rs,syhb,bEGPrc,sy351,sy5z7,mBG1hd,sy6q8,mscaJf,sy765,sGwFce,HxbScf,sy766,h3zgVb,lRePd,sy6db,sy767,sy14w,IRJCef,sy6dc,scFHte,pr5okc,IFqxxc,sy9et,sy9es,sy18o,sy16x,sy8qo,sy76i,sy17n,sy177,sy170,sy171,sy16z,sy16y,sy17o,sy17p,sy175,sy176,sy172,syyx,syyy,syyt,syyz,syys,syz0,syyi,syyh,syyg,syyj,syz1,syz2,GElbSc,sy3gi,sy3gg,fcDBE,sy68x,HYSCof,sy6ap?cb=121509378&xjs=s3:269:362)
    at https://www.google.com/xjs/_/js/k=xjs.s.en_GB.x1Cp5K4bQMw.2019.O/ck=xjs.s.lyL3idWzXxs.L.B1.O/am=AACEAAAgCAAAAAAAAAAAAAAEACAEAAAAAAAAAAAAAAAAAAAAAoAAAAABAAAAAAAACAAAAAAAAAAAAAAAAACAAAAAASAIgAAAoAQACABAJCACABMAAAAAAAAAUOgHEACgAQAAAAAAPAAAIEQAAAAAAAAAAAQECEAAAJAAAAAAAAAAEAAAAABAAAAAQAgAAAAABgAYAAACiIQAAACgUAAAgAAAAAEAAAAAAAAAAEAQAAAAABJKAADwb_sGGgAABAAAAAAAAACAAAAAAAAAEAAABiTSAAMAAAAAAAgDFgAQACAUBgAAAQBBAAQAAAAAAIAACRAAQMAAIAAAAAEAAAAAAAAAABgQQBCgEAACgAIQEAAAIAAcAAAAAAAAICAAAAAAAAABIACAgACEAAIAAAAAQAEAoAACAAAA5AAAAAAAAICACAAEIAAAjCADAJAoAIAIAAABADBAAIgAAAAAACCABH4AAAEQAAAAAAAAJwAAAAAQCAAAAEgAfBFhBAAAAwAAAACQA8DjARwiKAAAAAAAAAAAAAAAAAAAAAAAAAAIgAIYB5JfEAABAAAAAAAAAAAAAAAAAAAAAAAAAAAASBE2BQAAAAAA2BoAEA/d=0/dg=0/br=1/ujg=1/rs=ACT90oHtYP_VQAETLJslE8fBD-bMKdMYJA/cb=loaded_h_0/m=byfTOb,lsjVmc,LEikZe,sy95,kWgXee,ovKuLd,sgY6Zb,qafBPd,ebZ3mb,dowIGb,sy69s,sy3cj,DpX64d,uKlGbf,sy69t,EufiNb,sy621,syu8,syu1,sytr,sytw,syuv,XCToU,sy1kj,gHhSjd,sy1kt,uUzMF,kN1Sic,sy1kw,Zby8rf,sy9se,sy5np,zmptHf,sy3gk,w4UyN,syvi,syti,syrz,Mbif2,ipWLfe,syvl,QVaUhf,sy1o0,sy1nz,sy1ny,sy1nw,sy1nx,SJpD2c,eAR4Hf,sy6ac,nN2e1e,kQvlef,sy35w,WlNQGd,sy1st,syy2,sy1tp,Tia57b,KpRAue,X8jtef,sy6ad,OXpAmf,sy5qx,sy34n,sy11d,syx6,sywx,sy11j,sy11h,sy11l,sy5qw,nRwWne,sy4ao,sy4ah,sy4ab,sy4aa,sy4a9,UHgVpe,sy1sx,sy1t4,sy1t8,sy1tr,NyeqM,sy8sd,sy8sb,sy8sa,sy75x,syxi,syxn,O63OXd,sytl,sytk,sytm,L1AAkb,sy14l,sy14m,YjTCDb,sy14j,sy14k,q00IXe,syj8,sy149,BYwJlf,syy0,syy1,rtH1bd,PGyklf,sy14r,syy5,sy14q,sy14p,sy14n,sy14c,sy14u,Fh0l0,sy1ka,sy1kb,pzkXnb,sy16k,sy148,FRLJrd,sy1kd,sy1ke,eBYPP,sy9be,sy45m,sy45n,sy2o5,sy17k,sy17j,sy15v,sy17l,sy178,sy179,sy12q,sy45p,sy2fo,sy2hq,sy2hn,sy2hk,sy2he,sy2a1,sy1rs,syhb,bEGPrc,sy351,sy5z7,mBG1hd,sy6q8,mscaJf,sy765,sGwFce,HxbScf,sy766,h3zgVb,lRePd,sy6db,sy767,sy14w,IRJCef,sy6dc,scFHte,pr5okc,IFqxxc,sy9et,sy9es,sy18o,sy16x,sy8qo,sy76i,sy17n,sy177,sy170,sy171,sy16z,sy16y,sy17o,sy17p,sy175,sy176,sy172,syyx,syyy,syyt,syyz,syys,syz0,syyi,syyh,syyg,syyj,syz1,syz2,GElbSc,sy3gi,sy3gg,fcDBE,sy68x,HYSCof,sy6ap?cb=121509378&xjs=s3:270:2
    at https://www.google.com/xjs/_/js/k=xjs.s.en_GB.x1Cp5K4bQMw.2019.O/ck=xjs.s.lyL3idWzXxs.L.B1.O/am=AACEAAAgCAAAAAAAAAAAAAAEACAEAAAAAAAAAAAAAAAAAAAAAoAAAAABAAAAAAAACAAAAAAAAAAAAAAAAACAAAAAASAIgAAAoAQACABAJCACABMAAAAAAAAAUOgHEACgAQAAAAAAPAAAIEQAAAAAAAAAAAQECEAAAJAAAAAAAAAAEAAAAABAAAAAQAgAAAAABgAYAAACiIQAAACgUAAAgAAAAAEAAAAAAAAAAEAQAAAAABJKAADwb_sGGgAABAAAAAAAAACAAAAAAAAAEAAABiTSAAMAAAAAAAgDFgAQACAUBgAAAQBBAAQAAAAAAIAACRAAQMAAIAAAAAEAAAAAAAAAABgQQBCgEAACgAIQEAAAIAAcAAAAAAAAICAAAAAAAAABIACAgACEAAIAAAAAQAEAoAACAAAA5AAAAAAAAICACAAEIAAAjCADAJAoAIAIAAABADBAAIgAAAAAACCABH4AAAEQAAAAAAAAJwAAAAAQCAAAAEgAfBFhBAAAAwAAAACQA8DjARwiKAAAAAAAAAAAAAAAAAAAAAAAAAAIgAIYB5JfEAABAAAAAAAAAAAAAAAAAAAAAAAAAAAASBE2BQAAAAAA2BoAEA/d=0/dg=0/br=1/ujg=1/rs=ACT90oHtYP_VQAETLJslE8fBD-bMKdMYJA/cb=loaded_h_0/m=byfTOb,lsjVmc,LEikZe,sy95,kWgXee,ovKuLd,sgY6Zb,qafBPd,ebZ3mb,dowIGb,sy69s,sy3cj,DpX64d,uKlGbf,sy69t,EufiNb,sy621,syu8,syu1,sytr,sytw,syuv,XCToU,sy1kj,gHhSjd,sy1kt,uUzMF,kN1Sic,sy1kw,Zby8rf,sy9se,sy5np,zmptHf,sy3gk,w4UyN,syvi,syti,syrz,Mbif2,ipWLfe,syvl,QVaUhf,sy1o0,sy1nz,sy1ny,sy1nw,sy1nx,SJpD2c,eAR4Hf,sy6ac,nN2e1e,kQvlef,sy35w,WlNQGd,sy1st,syy2,sy1tp,Tia57b,KpRAue,X8jtef,sy6ad,OXpAmf,sy5qx,sy34n,sy11d,syx6,sywx,sy11j,sy11h,sy11l,sy5qw,nRwWne,sy4ao,sy4ah,sy4ab,sy4aa,sy4a9,UHgVpe,sy1sx,sy1t4,sy1t8,sy1tr,NyeqM,sy8sd,sy8sb,sy8sa,sy75x,syxi,syxn,O63OXd,sytl,sytk,sytm,L1AAkb,sy14l,sy14m,YjTCDb,sy14j,sy14k,q00IXe,syj8,sy149,BYwJlf,syy0,syy1,rtH1bd,PGyklf,sy14r,syy5,sy14q,sy14p,sy14n,sy14c,sy14u,Fh0l0,sy1ka,sy1kb,pzkXnb,sy16k,sy148,FRLJrd,sy1kd,sy1ke,eBYPP,sy9be,sy45m,sy45n,sy2o5,sy17k,sy17j,sy15v,sy17l,sy178,sy179,sy12q,sy45p,sy2fo,sy2hq,sy2hn,sy2hk,sy2he,sy2a1,sy1rs,syhb,bEGPrc,sy351,sy5z7,mBG1hd,sy6q8,mscaJf,sy765,sGwFce,HxbScf,sy766,h3zgVb,lRePd,sy6db,sy767,sy14w,IRJCef,sy6dc,scFHte,pr5okc,IFqxxc,sy9et,sy9es,sy18o,sy16x,sy8qo,sy76i,sy17n,sy177,sy170,sy171,sy16z,sy16y,sy17o,sy17p,sy175,sy176,sy172,syyx,syyy,syyt,syyz,syys,syz0,syyi,syyh,syyg,syyj,syz1,syz2,GElbSc,sy3gi,sy3gg,fcDBE,sy68x,HYSCof,sy6ap?cb=121509378&xjs=s3:251:952
    at _.Hh.v (https://www.gstatic.com/og/_/js/k=og.asy.en_US.7NLpafgNJ_w.2019.O/rt=j/m=_ac,_awd,ada,lldp,qads/exm=/d=1/ed=1/rs=AA2YrTte-Kkrvd5vMX3FQPa0YvYR8eRgwg:129:285)
    at Array.forEach (<anonymous>)
    at _.Sd (https://www.gstatic.com/og/_/js/k=og.asy.en_US.7NLpafgNJ_w.2019.O/rt=j/m=_ac,_awd,ada,lldp,qads/exm=/d=1/ed=1/rs=AA2YrTte-Kkrvd5vMX3FQPa0YvYR8eRgwg:70:879)
    at Jh (https://www.gstatic.com/og/_/js/k=og.asy.en_US.7NLpafgNJ_w.2019.O/rt=j/m=_ac,_awd,ada,lldp,qads/exm=/d=1/ed=1/rs=AA2YrTte-Kkrvd5vMX3FQPa0YvYR8eRgwg:128:664) @ https://www.gstatic.com/og/_/js/k=og.asy.en_US.7NLpafgNJ_w.2019.O/rt=j/m=_ac,_awd,ada,lldp,qads/exm=/d=1/ed=1/rs=AA2YrTte-Kkrvd5vMX3FQPa0YvYR8eRgwg:127
