[      84ms] [LOG] [Font Preload] Loading all fonts... @ http://localhost:3001/assets/index-BCiVtKwL.js:54
[      90ms] [LOG] [BBSTerminal] Window resize listener attached @ http://localhost:3001/assets/index-BCiVtKwL.js:73
[      90ms] [LOG] [BBSTerminal] ResizeObserver attached @ http://localhost:3001/assets/index-BCiVtKwL.js:73
[      90ms] [LOG] [Terminal] Connecting to: http://localhost:3001 @ http://localhost:3001/assets/index-BCiVtKwL.js:73
[      95ms] [LOG] [Font Preload] Loaded: Topaz_a500 @ http://localhost:3001/assets/index-BCiVtKwL.js:54
[      95ms] [LOG] [Font Preload] Loaded: mosoul @ http://localhost:3001/assets/index-BCiVtKwL.js:54
[      98ms] [LOG] [Font Preload] Loaded: Topaz_a1200 @ http://localhost:3001/assets/index-BCiVtKwL.js:54
[      98ms] [LOG] [Font Preload] Loaded: TopazPlus_a500 @ http://localhost:3001/assets/index-BCiVtKwL.js:54
[      98ms] [LOG] [Font Preload] Loaded: TopazPlus_a1200 @ http://localhost:3001/assets/index-BCiVtKwL.js:54
[      98ms] [LOG] [Font Preload] All fonts loaded @ http://localhost:3001/assets/index-BCiVtKwL.js:54
[     103ms] [LOG] [BBSTerminal] Fixed mode - ignoring resize, staying at 80x25 @ http://localhost:3001/assets/index-BCiVtKwL.js:73
[     177ms] [LOG] [Terminal] Connected to BBS backend @ http://localhost:3001/assets/index-BCiVtKwL.js:82
[     178ms] [LOG] [Terminal] Sent initial size: 80x25 @ http://localhost:3001/assets/index-BCiVtKwL.js:82
[     178ms] [LOG] [GamepadManager] Starting gamepad polling... @ http://localhost:3001/assets/index-BCiVtKwL.js:54
[     178ms] [LOG] [Gamepad] Gamepad support initialized @ http://localhost:3001/assets/index-BCiVtKwL.js:82
[     211ms] [LOG] [BBSTerminal] Fixed mode - ignoring resize, staying at 80x25 @ http://localhost:3001/assets/index-BCiVtKwL.js:73
[    3298ms] [LOG] [BBSTerminal] door-active received: true @ http://localhost:3001/assets/index-BCiVtKwL.js:92
[    3952ms] [LOG] [BBSTerminal] door-active received: false @ http://localhost:3001/assets/index-BCiVtKwL.js:92
[   39255ms] [LOG] [DISCONNECT] Client disconnected, reason: transport close @ http://localhost:3001/assets/index-BCiVtKwL.js:88
[   39257ms] [LOG] [DISCONNECT] Disconnect details: {reason: transport close, socketId: undefined, loginState: waiting, forcedDisconnect: false, timestamp: 2026-05-26T17:38:15.040Z} @ http://localhost:3001/assets/index-BCiVtKwL.js:88
[   39258ms] [LOG] [DISCONNECT] Network disconnect - preserving session state for reconnection @ http://localhost:3001/assets/index-BCiVtKwL.js:88
[   39861ms] [ERROR] WebSocket connection to 'ws://localhost:3001/socket.io/?EIO=4&transport=websocket' failed: Error in connection establishment: net::ERR_CONNECTION_REFUSED @ http://localhost:3001/assets/index-BCiVtKwL.js:54
[   39861ms] [ERROR] [Terminal] Connection error: websocket error @ http://localhost:3001/assets/index-BCiVtKwL.js:82
[   42260ms] [ERROR] WebSocket connection to 'ws://localhost:3001/socket.io/?EIO=4&transport=websocket' failed: Error in connection establishment: net::ERR_CONNECTION_REFUSED @ http://localhost:3001/assets/index-BCiVtKwL.js:54
[   42260ms] [ERROR] [Terminal] Connection error: websocket error @ http://localhost:3001/assets/index-BCiVtKwL.js:82
[   45269ms] [ERROR] WebSocket connection to 'ws://localhost:3001/socket.io/?EIO=4&transport=websocket' failed: Error in connection establishment: net::ERR_CONNECTION_REFUSED @ http://localhost:3001/assets/index-BCiVtKwL.js:54
[   45269ms] [ERROR] [Terminal] Connection error: websocket error @ http://localhost:3001/assets/index-BCiVtKwL.js:82
[   48277ms] [ERROR] WebSocket connection to 'ws://localhost:3001/socket.io/?EIO=4&transport=websocket' failed: Error in connection establishment: net::ERR_CONNECTION_REFUSED @ http://localhost:3001/assets/index-BCiVtKwL.js:54
[   48277ms] [ERROR] [Terminal] Connection error: websocket error @ http://localhost:3001/assets/index-BCiVtKwL.js:82
[   51285ms] [ERROR] WebSocket connection to 'ws://localhost:3001/socket.io/?EIO=4&transport=websocket' failed: Error in connection establishment: net::ERR_CONNECTION_REFUSED @ http://localhost:3001/assets/index-BCiVtKwL.js:54
[   51285ms] [ERROR] [Terminal] Connection error: websocket error @ http://localhost:3001/assets/index-BCiVtKwL.js:82
