            _ __/\_________ _  _ __/\______. ___ ________/\___ _
           \\\\_ _   \_ _  \\\\\\\_ ______ | \_ )     ___ ___////
           :::/__/   /  |__/:::::/  _)__/  |_/  \\_/  |/  _)___::
           ::/ \____/   !  \::::/       /  |  \  \/   /       /::
           ::\___|::\_______\:::\____  /______/__/____\____  /:::
           >=========================\/================cgr=\/===<
                                                                             
Conference Top Uploaders (Version 2.3) Coded by Bobo/Mystic and Looby/Insane!

Conference: »0-DaY pC-sTuFf«                          Day (2/7 - 5 days left)

No# Username (Handle)         Location (Group)           Files Uploaded Bytes
===-=========================-==========================-=====-==============
 1. EAZ                       ----/CoRTeX\----               9      8.963.350
 2. Xavier                    ^HEADiNG^                     52      7.031.442
 3. iQUE                      (\(O)^(o)/)                    3      4.329.510
 4. toshi                     Kista, Sweden                  1      2.859.137
 5. PiLGRiM                   SEMPER IN PRIMIS!              5      2.031.775
 6. Bear                      ==> CONVUSiON <==              4      1.826.985
 7. Largo                     > > J A R F A L L A < <       53      1.475.919
 8. Jade                      **/\WASTELANDS/\**             1        502.906
 9.
10.

Total Uploaded Files: [   128 ]       Total Uploaded Bytes: [    29.021.024 ]
===-=========================-==========================-=====-==============
Top Uploader Last Period: Xavier               Bytes:  44.065.057 Files:   40
Top Uploader Record     : SNUSKBUSKE OF DUAL C Bytes: 156.474.125 Files:  128
