~~~~~~~~~~~~~~~~~~~~~~~~~~~~~~~~~~~~~~~~~~~~~~~~~~~~~~~~~
WiLDNeW questionaire answered by WiLDTHiNG
                              on Sun Jul 10 14:52:57 1994
~~~~~~~~~~~~~~~~~~~~~~~~~~~~~~~~~~~~~~~~~~~~~~~~~~~~~~~~~
[36mPlease answer the following questions correctly[0m 
 
[33mYour REAL first name  :[0m Piotr
Fun, same as me[B
[33mYour age and sex      :[0m m 19
[33mVoice number          :[0m +48-71-575825
[33mYour Modem Type       :[0m ZyXEL u1496e ROM v6.10
 
 
[33mWhere do you have this number from ?[0m FR¯M M•SÎLF
[33mAre you a sysop ([32my[33m/[32mN[33m) ?[0m y
[33m[BTell me something about your board, it's number(s) and name[0m 
Dixie BBS  - The Home of WiLD Tools - Taurus PHQ - Fear PHQ - Surprise Prod
PHQ - +48-71-575825
 
[33mAre You a member of any group ([32mY[33m/[32mN[33m) ?[0m y
[33m[BWrite which group You are in and what You are doing there [0m 
Taurus - /X Coder
[33mHave you ever heard of WiLDTools?[0m y
KewL MaN. 
 
[33mName 3 boards you're validated on [1/3]:[0m Last Outpost
[32m                                  [2/3]:[0m Inside Out 
[33m                                  [3/3]:[0m Ante Omnia
 
[33mName 3 guys for reference         [1/3]:[0m EMPiRE/MsT
[32m                                  [2/3]:[0m Bionic/•¯–ÎL
[33m                                  [3/3]:[0m C/\TÎ•Î/°NS‰NÎ
 
[36mDo you consider yourself as Elite ?[0m 
You must answer this question
[36mDo you consider yourself as Elite ?[0m OOOOOOOOOOOOOOOOOO YEAH
 
[33mWhat do the following shortcuts mean:[0m 
 
[33mPDX :[0m PaRa-DuCKZ
[33m[A[35CGOD :[0m Kl¯p‰l-Offert¯ZÎ
[32mSCX :[0m SkµµµµµPÎCKZ
[32m[A[35CTRZ :[0m TRSI & ZENITH
[33mBB  : [0m Blue Bug errr Box 
[33m[A[35CCC  :[0m C‰LL°NG C‰TZ er C‰RDZ
[32mMST :[0m M•ST°C
[32m[A[35CTAU :[0m T‰µ-RµS
 
 
