Forced re-optimization of dependencies

  VITE v5.4.21  ready in 956 ms

  ➜  Local:   http://localhost:5174/
  ➜  Network: use --host to expose
Error:   Failed to scan for dependencies from entries:
  /Users/spot/Code/amiexpress-web/web/frontend/index.html

  [31m✘ [41;31m[[41;97mERROR[41;31m][0m [1mCannot assign to "queue" because it is a constant[0m

    ../../packages/terminal/dist/rip/vendor/ripterm.js:2760:32:
[37m      2760 │                                 [32mqueue[37m = [];
           ╵                                 [32m~~~~~[0m

  The symbol "queue" was declared a constant here:

    ../../packages/terminal/dist/rip/vendor/ripterm.js:2756:34:
[37m      2756 │ ...                      const [32mqueue[37m = (this.mode === 1) ? outer...
           ╵                                [32m~~~~~[0m


    at failureErrorWithLog (/Users/spot/Code/amiexpress-web/web/frontend/node_modules/esbuild/lib/main.js:1472:15)
    at /Users/spot/Code/amiexpress-web/web/frontend/node_modules/esbuild/lib/main.js:945:25
    at runOnEndCallbacks (/Users/spot/Code/amiexpress-web/web/frontend/node_modules/esbuild/lib/main.js:1315:45)
    at buildResponseToResult (/Users/spot/Code/amiexpress-web/web/frontend/node_modules/esbuild/lib/main.js:943:7)
    at /Users/spot/Code/amiexpress-web/web/frontend/node_modules/esbuild/lib/main.js:955:9
    at new Promise (<anonymous>)
    at requestCallbacks.on-end (/Users/spot/Code/amiexpress-web/web/frontend/node_modules/esbuild/lib/main.js:954:54)
    at handleRequest (/Users/spot/Code/amiexpress-web/web/frontend/node_modules/esbuild/lib/main.js:647:17)
    at handleIncomingPacket (/Users/spot/Code/amiexpress-web/web/frontend/node_modules/esbuild/lib/main.js:672:7)
    at Socket.readFromStdout (/Users/spot/Code/amiexpress-web/web/frontend/node_modules/esbuild/lib/main.js:600:7)
17:00:41 [vite] hmr update /src/pages/TerminalPage.tsx
17:00:41 [vite] hmr update /src/pages/TerminalPage.tsx
17:00:41 [vite] hmr update /src/pages/TerminalPage.tsx
17:00:41 [vite] hmr update /src/pages/TerminalPage.tsx
17:00:41 [vite] hmr update /src/pages/TerminalPage.tsx
17:00:41 [vite] hmr update /src/pages/TerminalPage.tsx
17:00:41 [vite] hmr update /src/pages/TerminalPage.tsx
17:00:41 [vite] hmr update /src/pages/TerminalPage.tsx
17:00:41 [vite] hmr update /src/pages/TerminalPage.tsx
17:00:41 [vite] hmr update /src/pages/TerminalPage.tsx
17:00:41 [vite] hmr update /src/pages/TerminalPage.tsx
17:00:41 [vite] hmr update /src/pages/TerminalPage.tsx
17:00:41 [vite] hmr update /src/pages/TerminalPage.tsx
17:00:41 [vite] hmr update /src/pages/TerminalPage.tsx
17:00:41 [vite] hmr update /src/pages/TerminalPage.tsx
17:00:41 [vite] hmr update /src/pages/TerminalPage.tsx
17:00:41 [vite] hmr update /src/pages/TerminalPage.tsx
17:00:41 [vite] hmr update /src/pages/TerminalPage.tsx
17:00:41 [vite] hmr update /src/pages/TerminalPage.tsx
17:00:41 [vite] hmr update /src/pages/TerminalPage.tsx
17:00:42 [vite] hmr update /src/pages/TerminalPage.tsx
17:00:42 [vite] hmr update /src/pages/TerminalPage.tsx
17:00:42 [vite] hmr update /src/pages/TerminalPage.tsx
17:00:44 [vite] hmr update /src/pages/TerminalPage.tsx
17:00:44 [vite] hmr update /src/pages/TerminalPage.tsx
17:00:44 [vite] hmr update /src/pages/TerminalPage.tsx
17:00:44 [vite] hmr update /src/pages/TerminalPage.tsx
17:00:44 [vite] hmr update /src/pages/TerminalPage.tsx
17:00:44 [vite] hmr update /src/pages/TerminalPage.tsx
17:00:44 [vite] hmr update /src/pages/TerminalPage.tsx
17:00:44 [vite] hmr update /src/pages/TerminalPage.tsx
17:00:44 [vite] hmr update /src/pages/TerminalPage.tsx
17:00:44 [vite] hmr update /src/pages/TerminalPage.tsx
17:00:44 [vite] hmr update /src/pages/TerminalPage.tsx
17:00:44 [vite] hmr update /src/pages/TerminalPage.tsx
17:00:44 [vite] hmr update /src/pages/TerminalPage.tsx
17:00:44 [vite] hmr update /src/pages/TerminalPage.tsx
17:00:44 [vite] hmr update /src/pages/TerminalPage.tsx
17:00:44 [vite] hmr update /src/pages/TerminalPage.tsx
17:00:44 [vite] hmr update /src/pages/TerminalPage.tsx
17:00:44 [vite] hmr update /src/pages/TerminalPage.tsx
17:00:44 [vite] hmr update /src/pages/TerminalPage.tsx
17:00:44 [vite] hmr update /src/pages/TerminalPage.tsx
17:00:44 [vite] hmr update /src/pages/TerminalPage.tsx
17:00:44 [vite] hmr update /src/pages/TerminalPage.tsx
17:00:44 [vite] hmr update /src/pages/TerminalPage.tsx
17:02:01 [vite] hmr update /src/pages/TerminalPage.tsx
17:02:34 [vite] hmr update /src/pages/TerminalPage.tsx
17:02:34 [vite] hmr update /src/pages/TerminalPage.tsx
17:02:34 [vite] hmr update /src/pages/TerminalPage.tsx
17:02:34 [vite] hmr update /src/pages/TerminalPage.tsx
17:02:34 [vite] hmr update /src/pages/TerminalPage.tsx
17:02:34 [vite] hmr update /src/pages/TerminalPage.tsx
17:02:34 [vite] hmr update /src/pages/TerminalPage.tsx
17:02:34 [vite] hmr update /src/pages/TerminalPage.tsx
17:02:34 [vite] hmr update /src/pages/TerminalPage.tsx
17:02:34 [vite] hmr update /src/pages/TerminalPage.tsx
17:02:34 [vite] hmr update /src/pages/TerminalPage.tsx
17:02:34 [vite] hmr update /src/pages/TerminalPage.tsx
17:02:34 [vite] hmr update /src/pages/TerminalPage.tsx
17:02:34 [vite] hmr update /src/pages/TerminalPage.tsx
17:02:34 [vite] hmr update /src/pages/TerminalPage.tsx
17:02:34 [vite] hmr update /src/pages/TerminalPage.tsx
17:02:34 [vite] hmr update /src/pages/TerminalPage.tsx
17:02:34 [vite] hmr update /src/pages/TerminalPage.tsx
17:02:34 [vite] hmr update /src/pages/TerminalPage.tsx
17:02:34 [vite] hmr update /src/pages/TerminalPage.tsx
17:02:34 [vite] hmr update /src/pages/TerminalPage.tsx
17:02:34 [vite] hmr update /src/pages/TerminalPage.tsx
17:02:34 [vite] hmr update /src/pages/TerminalPage.tsx
17:02:36 [vite] hmr update /src/pages/TerminalPage.tsx
17:02:36 [vite] hmr update /src/pages/TerminalPage.tsx
17:02:36 [vite] hmr update /src/pages/TerminalPage.tsx
17:02:36 [vite] hmr update /src/pages/TerminalPage.tsx
17:02:36 [vite] hmr update /src/pages/TerminalPage.tsx
17:02:36 [vite] hmr update /src/pages/TerminalPage.tsx
17:02:36 [vite] hmr update /src/pages/TerminalPage.tsx
17:02:36 [vite] hmr update /src/pages/TerminalPage.tsx
17:02:36 [vite] hmr update /src/pages/TerminalPage.tsx
17:02:36 [vite] hmr update /src/pages/TerminalPage.tsx
17:02:36 [vite] hmr update /src/pages/TerminalPage.tsx
17:02:36 [vite] hmr update /src/pages/TerminalPage.tsx
17:02:36 [vite] hmr update /src/pages/TerminalPage.tsx
17:02:36 [vite] hmr update /src/pages/TerminalPage.tsx
17:02:36 [vite] hmr update /src/pages/TerminalPage.tsx
17:02:36 [vite] hmr update /src/pages/TerminalPage.tsx
17:02:36 [vite] hmr update /src/pages/TerminalPage.tsx
17:02:36 [vite] hmr update /src/pages/TerminalPage.tsx
17:02:36 [vite] hmr update /src/pages/TerminalPage.tsx
17:02:36 [vite] hmr update /src/pages/TerminalPage.tsx
17:02:36 [vite] hmr update /src/pages/TerminalPage.tsx
17:02:36 [vite] hmr update /src/pages/TerminalPage.tsx
17:02:36 [vite] hmr update /src/pages/TerminalPage.tsx
