
                       [34m==============================
                       [33mVan Helsing's [36mBaudChecker [32mv0.1
                       [34m==============================
                           [35mChecking speed[31m........                                [32mFast Enough[33m![0m          

