[H[2J[H[2J[1m __ _____ _____ _____ _____ _____ ______ _____ _____ _____ _____ _____ _____ __ [0m
[1m|__|_____|_____|_____|_____|_____|______|_____|_____|_____|_____|_____|_____|__|[0m
[1m|_____|_____|_____|                                          |_____|_____|_____|[0m
[1m|__|_____|_____|__| [0;31mc[32mO[33mL[34mO[35mR[36mW[37mA[31mL[32mL[0m v1.3 (w) bY [37msHADOW mAN[32m/[37maFL [33m`[32m94[0;1m |__|_____|_____|__|[0m
[1m|_____|_____|_____|__ _____ _____ ______ _____ _____ _____ __|_____|_____|_____|[0m
[1m|__|_____|_____|_____|_____|_____|______|_____|_____|_____|_____|_____|_____|__|[0m

[35m)=-=><=-=()=-=><=-=()=-=><=-=()=-=><=-=()=-=><=-=()=-=><=-=()=-=><=-=()=-=><=-=([0m















[35m)=-=><=-=()=-=><=-=()=-=><=-=()=-=><=-=()=-=><=-=()=-=><=-=()=-=><=-=()=-=><=-=([0m

[32mwOULD yOU wRITE aNY sHIT tO tHE wALL ?! [0m[[32my[0m/[31mN[0m] > [31mnO !!! gGGGGGRRRRR...[0m

[32mtHX fOR uSING [31mc[32mO[33mL[34mO[35mR[36mW[37mA[31mL[32mL[32m v1.3 wRITTEN iN C bY [37msHADOW mAN[32m/[37maFL [33m`[32m94[0m !
THIS VERSION IS REGISTRED FOR EVERYBODY !

