[4;33m                                                                             [0m[0m
[4;33;44mConference Top Uploaders (Conftop-II) Coded by REbEL/QTX                     [0m[0m

[2J[H[4;33m                                                                             [0m[0m
[4;33;44mConference Top Uploaders (Conftop-II) Coded by REbEL/QTX                     [0m[0m

[32mConference: [33mMain                                      [32mDay ([33m5/7 - 2 days left[32m)[0m[0m

[35mNo# Username (Handle)       Location (Group)         Files Uploaded Bytes[0m
[34m===-=======================-========================-=====-==================[0m
[32m 1.[0m
[32m 2.[0m
[32m 3.[0m
[32m 4.[0m
[32m 5.[0m            - NO UPLOADERS ARE AVAILABLE IN THIS CONFERENCE -[0m
[32m 6.[0m
[32m 7.[0m
[32m 8.[0m
[32m 9.[0m
[32m10.[0m

[35mTotal Uploaded Files[36m: [ [0m    0 [36m]   [35mTotal Uploaded Bytes[36m: [ [0m                0 [36m][0m[0m
[34m===-=======================-========================-=====-==================[0m
[33mTop Uploader Last Period[32m:[0m NONE             [33mBytes[32m:[0m               0 [33mFiles[32m: [0m   0[0m
[33mTop Uploader Record     [32m:[0m DeaTure          [33mBytes[32m:[0m   2,020,282,473 [33mFiles[32m: [0m  61[0m
