 
[4m[32m                                                                                
[24m[43m                                                                                
                        [34mDream [31mTag [30mWall [37mby [30mMadDoX [32m1995                           
[4m[31m                                                                                
[0m
[31my                                                                 [32m[[0msysop[32m]
[32my                                                                 [32m[[0msysop[32m]
[36mhello                                                             [32m[[0msysop[32m]
[31my                                                                 [32m[[0msysop[32m]
[0m                                                                  [32m[[0msysop[32m]
[30m[43m                                                                                
[0m
[32mDo you want to bomb the wall? (yes/No): [0m

[34m:>[0m 

[36mWhat color do you want on your line?

[0m1. [31mRED       [0m2. [32mGREEN
[0m3. [33mYELLOW    [0m4. [34mBLUE
[0m5. [35mPURPLE    [0m6. [36mCYAN
[0m7. [31mWHITE     [0m0. [0mNO COLOR

: > 

