[2J[H[9C[33m__[0m
[34m.-[1C-[1C---[33m_\/_[34m--÷[32mG[34m÷[32mL[34m÷[32mO[34m÷[32mB[34m÷[32mA[34m÷[32mL[34m÷--÷[32mT[34m÷[32mH[34m÷[32mE[34m÷[32mR[34m÷[32mM[34m÷[32mO[34m÷[32mN[34m÷[32mU[34m÷[32mC[34m÷[32mL[34m÷[32mE[34m÷[32mA[34m÷[32mR[34m÷--÷[32mW[34m÷[32mA[34m÷[32mL[34m÷[32mL[34m÷--÷[32mV[34m÷[32m1[34m÷[32mß[34m÷--.[0m
[34m![36mcOMMENt[33m\/\/[56C[36mhANDLE[34m¡[36mbBS[34m![0m
[34m¦-------[1C-[2C-[2C-[1C---[1C-[1C---[1C---------------------[1C------------[1C------------÷---¦[0m
[34m|[37m[35mThis site now has links to 3000 Amiga bbs doors[20C-REbEL[0m[34m¦[31mWWW[0m[34m|[0m
[34m|[37m[35mThanks to Up Rough for creating the repo[27C-REbEL[0m[34m¦[31mWWW[0m[34m|[0m
[34m|[37m[35mhttps://doors.uprough.net/[42C-Spot[0m[34m¦[31mASC[0m[34m|[0m
[34m|[37m[0;32mBadass! Great work.[42C-aNACHRONiST[0m[34m¦[31maBS[0m[34m|[0m
[34m|[37m[36mRight on, great door archive![30C-Karyn Roberts[0m[34m¦[31mTAU[0m[34m|[0m
[34m|[37m[32mwow .. i'm impressed ...[41C-aIRwORX[0m[34m¦[31mWWW[0m[34m|[0m
[34m|[37m[37mB0100000023be50[54C-DoA[0m[34m¦[31mM^I[0m[34m|[0m
[34m|[37m[31mdS![62C-orlingo[0m[34m¦[31mM^I[0m[34m|[0m
[34m|[37m[32mwhere am i[54C-somebody[0m[34m¦[31mSAN[0m[34m|[0m
[34m|[37m[31mDance to the Dekadence! ... arse![31C-somebody[0m[34m¦[31mM^I[0m[34m|[0m
[34m|[37m[33mHello.....[50C-David Bowman[0m[34m¦[31mARB[0m[34m|[0m
[34m`----[[32mREbEL/QTX[34m]-----[2C-[1C---[2C---[[37mK[1CsHOWS[1CbBS[1CkEY[34m]----[1C-[2C----[1C---[[32moRdYNe[34m]-[1C--'[0m[0m

[32mpUSH[1CtHE[1CbUTTON[1C?![1C[[33my[32m/[33mN[32m][0m 
[0m[0m

[0mok be like that...[0m

