 
[4m[32m                                                                           
[24m[44m                                                                           
                      [35mDD [32mH[33maC[32mk[36mC[33mhe[31mc[37mK [30mby [32m[40mMadDoX[44m/[35mhONEY  [31m1[37m9[33m9[32m5                   
[4m[31m                                                                           
[0m

[36mEnTe® thE laST foU® digiTs of youR VoiCe PhoneNumber!

[0m[0m
[32mDigits:[0m q[0m
[32mDigits:[0m q