[2J[H[4m[33m                                                                                [0m
[33m[44m-÷-+---+-÷-+---+-÷-+---+-HSTStat by v1.5 -fanta- & SøNÝ-+---+-÷-+---+-÷-+---+-÷-[0m[0m


[33mChoose the way calculations will be based on.[0m

1. Up and Download statistics
2. Calls statistics

[33mChoose a number :> [0m[33mChoose a node (return for current) :> [0m
[32mThe door was searcing for: [32m but couldn't find it....[0m

