[H[2J  [36m___/\  ___/\  ___/\  ___/\ ___/\  ___/\  ___/\  ___/\  ___/\  ___/\  ___/\
  \[35m_ [36m. \ \_ . \ \_ . \ \  __\\  __\ \_ . \ \  __\ \_ . \ \  . \ \  __\ \  __\
  [35m/  |__\/  |  \/  |  \/  ._l/  ._l_/  |__\/  ._l_/  |  \/  |__\/  ._l_/__.  \
 /   ¡   \  ¡   \  |   \  | /   ¡   \  .   \  ¡   \  |   \  ¡   \  ¡   \  ¡   \
 [34m\_____  /______/__¡_  /__¡ \_____  /__¡_  /____  /__¡_  /____  /____  /____  /
-------\/------------\/-----------\/-----\/-----\/[Ð!]-\/-----\/-----\/-----\/-
[34m.-----------------------------------------------------------------------------.
[34m+--------------------------------------+--------------------------------------+
|[38C [38C|
|[38C [38C|
|[38C [38C|
|[38C [38C|
|[38C [38C|
|[38C [38C|
|[38C [38C|
|[38C [38C|
|[38C [38C|
|[38C [38C|
|[38C [38C|
+--------------------------------------^--------------------------------------+
[34m|[77C|
`-----------------------------------------------------------------------------'
[H[19B
[1C                       [36mCURRENT CONFERENCE:  [0mLamer Zone

[57C[34m[[36mJoinCnf 4.0 - EMPiRE[34m]
[H[8B[20C                                      
[20C                                      
[20C                                      
[20C                                      
[20C                                      
[44m[20C[36m> [35m[[36m01[35m] [0m[44m.................. Lamer Zone [36m<[0m
[22C[35m[[36m02[35m] [0m................ Amiga Warez!
[22C[35m[[36m03[35m] [0m.............. Abandoned Apps
[22C[35m[[36m04[35m] [0m.................. /X Section
[22C[35m[[36m05[35m] [0m......................... C64
[22C[35m[[36m06[35m] [0m................. Scene Stuff
[H[22B[0mSelect Conference [35m[[36m1[34m-[36m14[35m] [35m[[36mEnter[35m][[36mQ[35m][34m=[0mQuit[34m:[0m      [5D

