[2J[H.------------------------------------------------------------------------------.
| [32mBoard Name...: [33mAmiExpress-Web                   [0m| [32mTask Priority...: [33m________ [0m|
| [32mSysop Name...: [33mSysop                            [0m| [32mChat Flag.......: [33mOFF      [0m|
| [32mLocation.....: [33m                                 [0m| [32mExpress Version.: [33mv5.6     [0m|
| [32mCPU Type.....: [33mMC68000                          [0m| [32mNode init.......: [33m115200   [0m|
| [32mNode Device..: [33mTCP:                             [0m|                            |
| [32mLocal time...: [33mWed 02-Sep-2026 12:06:47         [0m| [32mKickstart.......: [33m39.106   [0m|
| [32mActive Nodes.: [33m_________                        [0m| [32mWB Version......: [33m39.29    [0m|
|-------------------------------------------------+----------------------------|
| [32mUser.........: [33mSysop                            [0m| [32mFiles Up..: [33m               [0m|
| [32mLocation.....: [33mLocal Console                    [0m| [32mFiles Down: [33m               [0m|
| [32mPhone........: [33m                                 [0m|                            |
| [32mComputer Type: [33m                                 [0m| [32mBytes Up..: [33m               [0m|
| [32mSecurity.....: [33m255                              [0m| [32mBytes Down: [33m               [0m|
| [32mConf Axx.....: [33mSysop                            [0m|                            |
| [32mLast Time On.: [33mThu 01-Jan-1970 00:00:00         [0m| [32mRatio.....:                [0m|
| [32mCurrent Conf.:                                  [0m| [32mRatio Type:                [0m|
|                                                 |                            |
| [32mTimes Called.: [33m0                                [0m| [32mUpB4Dn Bytes:              [0m|
|-------------------------------------------------+ [32mUpB4Dn Files:              [0m|
|  All code by Json / KiNGDoM RoYaL /X DiViSioN   |                            |
|                                                 | [32mExpert Mode.....: [33mLamer    [0m|
|           /X Tough Stats Version 1.3            | [32mConnect Speed...: [33m115200   [0m|
|                                                 | [32mMessages Send...:          [0m|[0m
|     tnx to: Deature & Neurostorm / KiNGDoM      | [32mNode Number.....: [33m1        [0m|
`------------------------------------------------------------------------------'


