[2J[H
[37m               .  :[0m
          _____|  |  ___ ___.
         /     \  | |.  V   |
    .--°(   |   ) |¯¯| ._.  |°-------------------------------------\\-----.
    |  zy\_____/___  |__|   :    WarOLM V0.3 By Wardancer/Vanity    \\    |
    `------------`---'--:   !----------------------------------------\\---'
    ÷----.-(·USER·)----------.-(·LOCATION·)------------.-(·ACTION·)-------÷
  --|----+-------------------+-------------------------+------------------|--
    | 00 | ================= | ======================= | No Node Present  |
    | 01 | Sysop             | Local Console           | Using A Door     |
    | 02 |                   |                         | Idle             |
    | 03 |                   |                         | Idle             |
    |----^-------------------^-------------------------^------------------|
    |[31m[47m  Use Cursor Keys To Choose, <-' Enter To Select,  Q or ESC To Quit  [37m[40m|[0m
    `---------------------------------------------------------------------'
[7A[5C [2C 
[5B
[7A[5C[31m>[2C<[37m[0m
[5B
[7A[5C [2C 
[5B
[7A[5C[31m>[2C<[37m[0m
[5B
[7A[5C [2C 
[5B
[7A[5C[31m>[2C<[37m[0m
[5B

[33m[44m    Thank you for using WarOLM V0.3                Coded by Wardancer/Vanity    [0m
           uNREGISTERED eVALUATION cOPY, pLEASE cONSIDER rEGISTERING            
[37m[40m[0m
