    [34m.--------------------------------------.
    [34m|       [m5[36mD[m_Page [32mv[m0[32m.[m01 [32mby [36msNoW !       [34m |
[36m.-----------------------------------------------------------.
[36m|                                                           [34m|
[36m| [36mPlease enter your page reason[35m:                           [34m |
[36m|[34m --------------------------------------------------------- [34m|
[36m|[33m                                                           [34m|
[36m|[34m --------------------------------------------------------- [34m|
[36m`[34m-----------------------------------------------------------'
    [34m| [36mRegistered [34mto[35m: [m    Public version [34m   |
    [34m`--------------------------------------'[m
[5A[2C






