[0m
[34m      uSeR nAME: [36mSysop                  [34mdOWNLoADeD tODaY: [36m0 bYTeS
[34m          rATiO: [36mdISABLEd!              [34m rEMAiNiNG tODaY: [36m0 bYTeS
[34m        uPLoADS: [36m0                      [34m       dOWNLoADS: [36m0              
[34m bYTES uPLoADeD: [36m0 bYTeS                [34mbYTES dOWNLoADeD: [36m0 bYTeS        

[34m    yOUR rATiNG: [36mhOW bOUT a bIT oF tRADING mATE!
[0m [1;33m_____________________________________________________________________________
[0m [4;44;33m       Ratio Report V1.7 - (c) 1995 Captain Caveman/Psychad/Atomic /X!       [0m

