[2J[H
[34m==============================================================================[0m
[44m   [35m[34;45m[35;44m[34;45m [33mS!X Stat V2.0 [08.02.1995] [36m(100% ASM) [32m- © 1995 b WHiZ/LOGiC -[35m[34;45m[35;44m[34;45m[44m   [0m
[34m==============================================================================[0m
[0;36m.------------------------------------..--------------------------------------.
[36m|[32m Handle: [33;44mSysop                     [0;36m ||[32m Location: [33;44mLocal Console             [0;36m |
·------------------------------------··-------------------------------------·
| [32mConnected to Node [33;44m1[0;32m at [33;44m115200[0;32m Baud [36m|| [`------------------------------------'`--------------------------------------'

            .--------------------------------------------------.
            | [35mYou made [37;44m    0[0;35m Uploads, counting [37;44m        0[0;35m Bytes[0;36m |
            | [35mYou made [37;44m    0[0;35m D'loads, counting [37;44m        0[0;3m Bytes[0;36m |
            `--------------------------------------------------'

[35m                     ([34m1234567890123456789012345[35m)
[33mConference Access[36m...[33m: [44;32mSysop                    [0m
[33mTotal Nodes[36m.........[33m:[31m _________                
[33mByte Limit[36m..........[33m:[32m 0         [17C[33mSlot Number[36m...........[33m:[35m 0   
[33mCurrent Ratio[36m.......[33m:[35m DISABLED  [17C[33mMessages[36m..............[33m:[32m 0   
[33mSecurity Level[36m......[33m:[32m > System Operator < [7C[33mTotal Calls[36m..........[33m:[35m 0   
[33mLast Called[36m.........[33m:[35m %[33mSysop Status[36m........[33m: [32mSysop is absent!         [2C[33mExpert Mode[36m...........[33m:[35m OFF
[33mCalls Today[36m.........[33m:[35m 0 [25C[33mConference Accounting[6m.[33m:[32m 0  
[33mS!X Version[36m.........[33m:[32m 