
[36mSizeCheck v1.1 by Eric The RED/bAD kARMA

[35mChecking Dirs [32m1-2[35m...
[36m    Directory [0m1[36m: Loading... Counting... [0m      5000 [36mBytes in [0m    2 [36mFiles.
[36m    Directory [0m2[36m: Loading... Counting... [0m    650450 [36mBytes in [0m  104 [36mFiles.

[35mTotal Bytes: [32m655450 [35m= [32m640K [35m= [32m0M [35m([32m104 [35mFiles)

