[2J[H[0p [4m[35m                                                                              [0m[0m
 [4m[35m[44m                  = [Super Stats V1.4 By Etrigan/Intellect] =                 [0m
[24m[40m    [34m.[0m
  __|_____ _         _ __ ______|_______________ _____ __   _   _
    |                           |
    · [35mHANDLE.....: [36mSysop                     [35mSLOT NUMBER.: [36m0          
      [35mLOCATION...: [36mLocal Console             [35mSEC LEVEL...: [36mSysop      
    [34m= =========== = ======================= = ===================== =[0m
      [32mMESSAGES...: [36m0                         [32mCALLS.......: [36m0          
      [32mBYTES UP...: [36m0                         [32mBYTES DOWN..: [36m0          [34m.[0m
      [32mFILES UP...: [36m0                         [32mFILES DOWN..: [36m0          
    [34m= =========== = ======================= = ===================== = ·[0m
      [32mRATIO......: [36mDISABLED                  [32mRATIO TYPE..: [36mBytes      [34m:[0m
      [32mLAST ON....: [36mThu 01-Jan-1970 00:00:00  [32mACCESS......: [36m255        [34m|[0m
     .[32mBYTE LIMIT.: [36m0                         [32mCHAT MODE...: [36mOff        [34m|[0m
 _ __|_________ ___ _ _                                 ___ _ ________|___ _
     |      [32m.                                                 .       [34m|[0m
     ·    [32m.::.........    [33m[[35mD-zign  by Recall/-U![33m]     [32m........::.     [34m:[0m
         [32m·:::::::::::::::... .[33m[[35mUnregistered![33m][32m. ...:::::::::::::::·    [34m.[0m
           [32m·:                                                 :·[0m
[0m[0m
