[2J[H
[36m             .--------------------------------------------------.
.------------+ [33mSysInfo [35mv2.3 [36m(1oo% ASM) [0m- [35m© 1994 by [37mWHiZ[32m/eQUiNOX [36m+------------.
|            `--------------------------------------------------'            |
+---------------------------------------..-----------------------------------+
| [32mHandle: [33;44mSysop                        [0;36m || [32mLocation: [33;44mLocal Console          [0;36m |
`---------------------------------------'`-----------------------------------
.----------..---------------------------..-----------------------------------.
| [34mNode [36m.----------..---------------------------..-----------------------------------.
| [33mPort #[32;44m0 [0;36m || [33mInit Baud is: [32;44m115200[0;33m Baud[36m || [33mSysop Status: [32;4mBusy at the Moment![0;36m |
`----------'`--------------------    .--------------------------------------------------------------------.
    | [32mSoftware Running: [34mKickstart 40.68 Workbench 40.42                 [36m |
    `-------------------------------------------------------------------'
               [36m.-----------------------------------------------.
               | [34m    ACP [35;44mKickstart 40.68 Workbench 40.42      [0;36m |
               | [34mExpress [35;44mKickstart 40.68 Workbench 40.42      [0;36m |
               `-----------------------------------------------'

[0;32m([33mPause[32m)[34m...[32mContinue ([33mY[32m/[33mn[32m)[32m?[33m: [0mn
Returning Back To AmiExpress-Web

