[2J[H
[36m     WHo [0mV2.0 [36mby Spy [0m([36mMySTiC[0m/[36mX-DESiGN[0m) GfX [36mby Byteandi [0m([36mMySTiC[0m/[36mX-DESiGN[0m)
[0m
  [32mND[33m#[0m/[32mCalls    [32mUser[0m/[32mPhoneNumber                [32mLocation[0m/[32mAction
[34m-============================================================================-
[0m