   115.4ms (setup:1113): 2025-11-17 16:45:24
   115.5ms (setup:1114): /opt/homebrew/bin/pipx install amitools
   115.5ms (setup:1115): pipx version is 1.8.0
   115.5ms (setup:1116): Default python interpreter is '/opt/homebrew/opt/python@3.13/libexec/bin/python'
   117.0ms (package_name_from_spec:381): Determined package name: amitools
   117.0ms (package_name_from_spec:382): Package name determined in 0.0s
   117.1ms (create_venv:164): Creating virtual environment
   117.1ms (run_subprocess:175): running /opt/homebrew/opt/python@3.13/libexec/bin/python -m venv --without-pip /Users/spot/Code/amiexpress-web/.pipx/venvs/amitools
   186.8ms (run_subprocess:195): stdout:
   186.9ms (run_subprocess:197): stderr:
   187.0ms (run_subprocess:198): returncode: 0
   187.4ms (run_subprocess:175): running /opt/homebrew/opt/python@3.13/libexec/bin/python -m venv --clear /Users/spot/Code/amiexpress-web/.pipx/shared
  2703.3ms (run_subprocess:195): stdout:
  2703.5ms (run_subprocess:197): stderr:
  2703.5ms (run_subprocess:198): returncode: 0
  2703.9ms (run_subprocess:175): running <checking pip's availability>
  2736.3ms (run_subprocess:195): stdout: ModuleSpec(name='pip', loader=<_frozen_importlib_external.SourceFileLoader object at 0x104c2e530>, origin='/Users/spot/Code/amiexpress-web/.pipx/shared/lib/python3.13/site-packages/pip/__init__.py', submodule_search_locations=['/Users/spot/Code/amiexpress-web/.pipx/shared/lib/python3.13/site-packages/pip'])
  2736.4ms (run_subprocess:198): returncode: 0
  2736.7ms (upgrade:119): Upgrading shared libraries in /Users/spot/Code/amiexpress-web/.pipx/shared
  2736.9ms (run_subprocess:175): running /Users/spot/Code/amiexpress-web/.pipx/shared/bin/python -m pip --no-input --disable-pip-version-check install --force-reinstall -q --upgrade pip >= 23.1
 10738.3ms (run_subprocess:195): stdout:
 10738.5ms (run_subprocess:197): stderr: WARNING: The directory '/Users/spot/Library/Caches/pip' or its parent directory is not owned or is not writable by the current user. The cache has been disabled. Check the permissions and owner of that directory. If executing pip with sudo, you should use sudo's -H flag.
WARNING: Retrying (Retry(total=4, connect=None, read=None, redirect=None, status=None)) after connection broken by 'NewConnectionError('<pip._vendor.urllib3.connection.HTTPSConnection object at 0x106ab0c20>: Failed to establish a new connection: [Errno 8] nodename nor servname provided, or not known')': /simple/pip/
WARNING: Retrying (Retry(total=3, connect=None, read=None, redirect=None, status=None)) after connection broken by 'NewConnectionError('<pip._vendor.urllib3.connection.HTTPSConnection object at 0x106a69a90>: Failed to establish a new connection: [Errno 8] nodename nor servname provided, or not known')': /simple/pip/
WARNING: Retrying (Retry(total=2, connect=None, read=None, redirect=None, status=None)) after connection broken by 'NewConnectionError('<pip._vendor.urllib3.connection.HTTPSConnection object at 0x106a69d10>: Failed to establish a new connection: [Errno 8] nodename nor servname provided, or not known')': /simple/pip/
WARNING: Retrying (Retry(total=1, connect=None, read=None, redirect=None, status=None)) after connection broken by 'NewConnectionError('<pip._vendor.urllib3.connection.HTTPSConnection object at 0x106a69f90>: Failed to establish a new connection: [Errno 8] nodename nor servname provided, or not known')': /simple/pip/
WARNING: Retrying (Retry(total=0, connect=None, read=None, redirect=None, status=None)) after connection broken by 'NewConnectionError('<pip._vendor.urllib3.connection.HTTPSConnection object at 0x106a6a210>: Failed to establish a new connection: [Errno 8] nodename nor servname provided, or not known')': /simple/pip/
ERROR: Could not find a version that satisfies the requirement pip>=23.1 (from versions: none)
ERROR: No matching distribution found for pip>=23.1
 10738.5ms (run_subprocess:198): returncode: 1
 10738.7ms (upgrade:146): Failed to upgrade shared libraries
 10738.8ms (rmdir:56): removing directory /Users/spot/Code/amiexpress-web/.pipx/venvs/amitools
 10743.5ms (cli:1184): PipxError: '/Users/spot/Code/amiexpress-web/.pipx/shared/bin/python -m pip --no-input
--disable-pip-version-check install --force-reinstall -q --upgrade pip >=
23.1' failed
Traceback (most recent call last):
  File "/opt/homebrew/Cellar/pipx/1.8.0/libexec/lib/python3.13/site-packages/pipx/main.py", line 1181, in cli
    return run_pipx_command(parsed_pipx_args, subparsers)
  File "/opt/homebrew/Cellar/pipx/1.8.0/libexec/lib/python3.13/site-packages/pipx/main.py", line 282, in run_pipx_command
    return commands.install(
           ~~~~~~~~~~~~~~~~^
        None,
        ^^^^^
    ...<13 lines>...
        python_flag_passed=python_flag_passed,
        ^^^^^^^^^^^^^^^^^^^^^^^^^^^^^^^^^^^^^^
    )
    ^
  File "/opt/homebrew/Cellar/pipx/1.8.0/libexec/lib/python3.13/site-packages/pipx/commands/install.py", line 96, in install
    venv.create_venv(venv_args, pip_args, override_shared)
    ~~~~~~~~~~~~~~~~^^^^^^^^^^^^^^^^^^^^^^^^^^^^^^^^^^^^^^
  File "/opt/homebrew/Cellar/pipx/1.8.0/libexec/lib/python3.13/site-packages/pipx/venv.py", line 172, in create_venv
    shared_libs.create(verbose=self.verbose, pip_args=pip_args)
    ~~~~~~~~~~~~~~~~~~^^^^^^^^^^^^^^^^^^^^^^^^^^^^^^^^^^^^^^^^^
  File "/opt/homebrew/Cellar/pipx/1.8.0/libexec/lib/python3.13/site-packages/pipx/shared_libs.py", line 72, in create
    self.upgrade(pip_args=pip_args, verbose=verbose, raises=True)
    ~~~~~~~~~~~~^^^^^^^^^^^^^^^^^^^^^^^^^^^^^^^^^^^^^^^^^^^^^^^^^
  File "/opt/homebrew/Cellar/pipx/1.8.0/libexec/lib/python3.13/site-packages/pipx/shared_libs.py", line 140, in upgrade
    subprocess_post_check(upgrade_process)
    ~~~~~~~~~~~~~~~~~~~~~^^^^^^^^^^^^^^^^^
  File "/opt/homebrew/Cellar/pipx/1.8.0/libexec/lib/python3.13/site-packages/pipx/util.py", line 210, in subprocess_post_check
    raise PipxError(f"{' '.join([str(x) for x in completed_process.args])!r} failed")
pipx.util.PipxError: '/Users/spot/Code/amiexpress-web/.pipx/shared/bin/python -m pip --no-input
--disable-pip-version-check install --force-reinstall -q --upgrade pip >=
23.1' failed
 10745.7ms (cli:1192): pipx finished.
