~~~~~~~~~~~~~~~~~~~~~~~~~~~~~~~~~~~~~~~~~~~~~~~~~~~~~~~~~
WiLDNeW questionaire answered by jaba
                              on Sat Nov 06 23:07:27 1993
~~~~~~~~~~~~~~~~~~~~~~~~~~~~~~~~~~~~~~~~~~~~~~~~~~~~~~~~~
Please answer to all questions                          
What is your first real name ? dsgfs
    
Local Fucker, what ?  
    
Have you ever heard of WiLDTools? yes
Hey, that's great
    
Did you enter everything correctly ? yes
Great
