~~~~~~~~~~~~~~~~~~~~~~~~~~~~~~~~~~~~~~~~~~~~~~~~~~~~~~~~~
WiLDNeW questionaire answered by Krasnal
                              on Thu Nov 11 23:46:55 1993
~~~~~~~~~~~~~~~~~~~~~~~~~~~~~~~~~~~~~~~~~~~~~~~~~~~~~~~~~
  
  
  
  
Please answer the following questions: 
                             
What is your first real name ? TOMASZ
  
  
What is your phone number ? 0-5923683
  
    
    
What kind of modem do you have ? ZOOM 14400 V32"
  
  
Are you a member of any group, if so of which? MYSTIC
Doo Wop, coooool
   
   
What is your occupation in your group (coder/gfx/sounds/trader) ? TRADER
Are you a good one ? I DUNNO
  
  
Do you have a board, if so what is the number? NOP
   
    
Have you ever heard of WiLDTools? OFCOURSE
  
  
Name 3 boards you're validated on [1/3]: CRAZY WORLD
                                  [2/3]: MAMBA
                                  [3/3]: LIFE
    
 
Okee, now let's see if you now the scene. Tell me what the following mean: 
MAN:  U
