~~~~~~~~~~~~~~~~~~~~~~~~~~~~~~~~~~~~~~~~~~~~~~~~~~~~~~~~~
WiLDNeW questionaire answered by Spec
                              on Sun Nov 14 01:19:32 1993
~~~~~~~~~~~~~~~~~~~~~~~~~~~~~~~~~~~~~~~~~~~~~~~~~~~~~~~~~
  
  
  
  
Please answer the following questions: 
                             
What is your first real name ? Adam
  
  
What is your phone number ? 0-5928988
  
    
    
What kind of modem do you have ? 14400 v32 bis
  
  
Are you a member of any group, if so of which? Mannassas
Yeah, dude then you're right here
   
   
What is your occupation in your group (coder/gfx/sounds/trader) ? all
  
  
Do you have a board, if so what is the number? no
   
    
Have you ever heard of WiLDTools? dzikie narzedzia   ooo taaakk
  
  
Name 3 boards you're validated on [1/3]: 
You must answer this question
Name 3 boards you're validated on [1/3]: 
You must answer this question
Name 3 boards you're validated on [1/3]: moj
                                  [2/3]: twoj
                                  [3/3]: i jego
    
 
Okee, now let's see if you now the scene. Tell me what the following mean: 
MAN:  mannassas
GooD, I thought you'd know it
MST:  mystic
Nice..
PDX:  paradox
SCX:  scoopex
  
  
Did you enter everything correctly (yes/no) ? y
Great, then you can go on.
