~~~~~~~~~~~~~~~~~~~~~~~~~~~~~~~~~~~~~~~~~~~~~~~~~~~~~~~~~
WiLDNeW questionaire answered by UFOk
                              on Sun Nov 14 21:30:22 1993
~~~~~~~~~~~~~~~~~~~~~~~~~~~~~~~~~~~~~~~~~~~~~~~~~~~~~~~~~
  
  
  
  
Please answer the following questions: 
                             
What is your first real name ? Andrzej Kowalski
  
  
What is your phone number ? +48 89 181920
  
    
    
What kind of modem do you have ? ???
  
  
Are you a member of any group, if so of which? no
   
   
What is your occupation in your group (coder/gfx/sounds/trader) ? no
  
  
Do you have a board, if so what is the number? ???
   
    
Have you ever heard of WiLDTools? ???
  
  
Name 3 boards you're validated on [1/3]: ?
                                  [2/3]: ?
                                  [3/3]: ?
    
 
Okee, now let's see if you now the scene. Tell me what the following mean: 
MAN:  ?
MST:  ?
PDX:  ?
SCX:  ?
  
  
Did you enter everything correctly (yes/no) ? y
Great, then you can go on.
