run door: DOORS:EmP_Tools/Bulls
msg request: 1 (JH_REGISTER)
data: 2
string: 
msg request: 501 (RAWARROW) - enable/disable raw keyboard cursor controls
data: 0
string: 
msg request: 177 (SV_NEWMSG) - set env string - shown in /X console
data: 0
string: Bulls 2.2
msg request: 100 (DT_NAME) - get logged on users name
data: 1
string: Bulls 2.2
msg request: 122 (DT_LINELENGTH) - get logged on users screen height
data: 1
string: REBEL
msg request: 131 (BB_MAINLINE) - read command line
data: 1
string: 29
msg request: 152 (EXPRESS_VERSION) - get /X version string
data: 1
string: EB
msg request: 510 (BB_CONFNUM) - get current conf num
data: 1
string: v5.3
msg request: 525 (BB_NONSTOPTEXT) - set nonstop text output
data: 1
string: 
msg request: 4 (JH_SM) - print text
data: 0
string: 
msg request: 4 (JHSM) - print text
data: 0
string:      __  __  __
msg request: 4
data: 0
string: 
msg request: 4
data: 1
string: 
msg request: 4
data: 0
string:      ___   \    /  \    /\ \    /\ \       _    __   \       \
msg request: 4
data: 1
string: 
msg request: 4
data: 0
string:      //  /   //  /   //  / / //  / / //  __//   /_//   //  /   /   /__/\
msg request: 4
data: 1
string: 
msg request: 4
data: 0
string:     //     //  /   //  ////  ////  __// /   / ///   //  /   /_   _/
msg request: 4
data: 1
string: 
msg request: 4
data: 0
string:   //  /   //  /   //  /   //  /   //      / /   / ///   //  /   /   /   /\
msg request: 4
data: 1
string: 
msg request: 4
data: 0
string:   ___/___/_/_/___/ /_/ / _/_//_/ /
msg request: 4
data: 1
string: 
msg request: 4
data: 0
string:    _/_/_/_/_/  _/   __/_/_/
msg request: 4
data: 1
string: 
msg request: 4
data: 0
string: --------------------------------------------------------------------------
msg request: 4
data: 0
string: ----- 