Connecting to sanctuary.zapto.org (port 1541)...
CONNECT FULL SPEED

/X Native Telnet:  Searching for free node...
/X Native Telnet:  Successful connection to node 1

CONNECT 19200
**EMSI_IRQ8E08

Welcome to Sanctuary - FAiRLiGHT SHQ, located in Sweden

Running AmiExpress 5.6.1 Copyright ⌐2018-2023 Darren Coles
Registration Sandman/FAiRLiGHT. You are connected to Node 1 at 19200 baud
Connection occured at Sat 15-Nov-2025 20:08:44.

Node 0:  Somebody
Node 1:  You
Node 2:  Waiting
Node 3:  Waiting
Node 4:  Waiting
Node 5:  Waiting
Node 6:  Waiting
Node 7:  Shutdown
ANSI, RIP or No graphics (A/r/n)?




Enter your Name: korven

The name korven is not used on this BBS.
[R]etry your name or [C]ontinue as a new user?




This BBS is a PRIVATE SYSTEM. Only private citizens who are not
involved in government or law enforcement activities are authorized to use
it. The users are not authorized to divulge any information gained from
this system to any government or law enforcement agency or employee.
    No person is to violate FCC, copyright, or other lawful regulations.
All data that is received is assumed within the Public Domain. Should anyone
advise us to the contrary, we will investigate and remove materials
not compatible with these regulations and is our sole extent of liability.
    Again; access to this system by ANY law enforcement agency
(Federal, State, Local or other), software company, telephone company,
government agency, or anyone affiliated with the above is NOT ALLOWED. This
is a private system; the above rules are in place to assure members rights
are not violated.

Everything here is atleast 20 years old and here for educational purposes.
The BBS is for old farts to re-live a part of their youth,
when none of us had jobs, bills and mortgages.

If this is ok for you, press enter to continue otherwhise disconnect!


(Pause)...Space To Resume:



Now, part one of our questioning..!


(Pause)...Space To Resume:



Blank line to retreat

Enter your Name: korven

Checking for duplicate name...Ok!

City, State: korvbyn
Phone Number: 123
E-Mail Address: korv@korv.com
Enter a PassWord:
Reenter a Password:




 23
 22
 21
 20
 19
 18
 17
 16
 15
 14
 13
 12
 11
 10
 9
 8
 7
 6
 5
 4
 3
 2

Enter the number you see at the top of your screen (or 0 for Auto):



Enter the number you see at the top of your screen (or 0 for Auto):

1 > AMiGA 500                          2 > AMiGA 2000
3 > AMiGA 3000                         4 > AMiGA 4000
5 > AMiGA 1200                         6 > PC
7 > mAC                                8 > OTHER!

Choose computer type: 5

You want Screen Clears after Messages ? No!

Handle: korven
City, St.: korvbyn
Phone Num: 123
E-Mail   : korv@korv.com
Num Lines: Auto
PassWord : ENCRYPTED
Computer : AMiGA 1200
Scrn Clr : NO

Is the above Correct? Yes..

What is your real name: korv
What is your sex,age: 19

Now to the tricky part... . .

What is FLT an abbrevation of: fairlight
What is PDX an abbrevation of: paradox
What is PDY ab abbrevation of: prodigy

Where did you find the information about this BBS: sandman, det är spot som test
ar

That was all for now. Now the Sysop will go through
your answers and decide if we let you in or not.

If you leave too many fields blank, it may result
in no access to the system.

Is the above Correct? Yes..



(Pause)...Space To Resume:

                                                              _______
 _______      _             ╖ lAST cALLERS ╖       _        _|     _/  Mo!/aC!
|     _/______\_______________________  _________  /_______| |    _|_______
|     |    _   \    ________  _______/ /   _____/_/   _    | |    \   ____/___
|     |    _    \______    /   |      /    /     /    _    | |     \______   /
|     |____|_____\________/    |     /__________/_____|____| |_____|________/
l_____|_         _\     _|_____|               /_          l_____|
      :                  :

 Super-AmiLog by P0T-NOoDLE of ANTHROX                    (C)1993 Gods'Gift

Baud N Name             Group / Location    On-Time  Actions  H:MM Up-K Dn-K
----------------------------------------------------------------------------
19.2 1 KayPirinha       Somewhere           18:32:20 [------] 0:01    0    0
19.2 1 z00l             Trondheim, Norway   16:33:29 [---D--] 0:46    0 1686
19.2 1 MaRWic           [bADkARMA&hOODLUM]  09:34:05 [----U-] 0:07 LOTS    0
19.2 1 KayPirinha       Somewhere           05:05:12 [------] 0:00    0    0
19.2 1 Ransom1122       Aus                 04:06:50 [-C----] 0:10    0    0
19.2 1 Ransom1122       Aus                 02:05:18 [------] 0:00    0    0
19.2 1 stratos!          * H O O D L U M *  17:39:10 [---D--] 0:03    0  815
19.2 1 stratos!          * H O O D L U M *  17:02:44 [---D--] 0:27    0 54mb
19.2 1 KayPirinha       Somewhere           04:51:56 [------] 0:01    0    0
19.2 1 stratos!          * H O O D L U M *  14:30:46 [---D--] 0:16    0 16mb
19.2 1 pulse            Crimson Corporation 10:03:42 [H-----] 0:20    0    0
19.2 1 MaRWic           [bADkARMA&hOODLUM]  08:11:42 [----U-] 0:02 LOTS    0
19.2 1 Ransom1122       Aus                 00:51:27 [-C-D--] 0:10    0 1942
----------------------------------------------------------------------------
           I can't believe the things you say, the price WE pay.
                                                                      v2.00
 Calls:    6 / Y'day:    4 | U:    6 /  646mb | D:    1 /  1686k | Hrs:   1
 The Records - Calls:  275 | U:  286 / D775mb | D: 3745 / @402mb | Hrs:  30

 ------------ [D/d] Download/Fail  [D/u] Upload/Fail..  [-S-] Sysop Command

(Pause)...Space To Resume:


         __
.- - ---_\/_--≈G≈L≈O≈B≈A≈L≈--≈T≈H≈E≈R≈M≈O≈N≈U≈C≈L≈E≈A≈R≈--≈W≈A≈L≈L≈--≈V≈1≈▀≈--.
!cOMMENt\/\/                                                        hANDLEíbBS!
ª------- -  -  - --- - --- --------------------- ------------ ------------≈---ª
|test                                                                -testªWWW|
|hi ta all , what u tnk to make a sysop reunionn..               -jAcKtOrYªCLO|
|question> there is a way to find new user interested            -jAcKtOrYªCLO|
|our Bbs world...                                                -jAcKtOrYªCLO|
|Agree                                                             -strawaªPHA|
|Haven't been here for about 30 years, loving it                  -pfezzyoªMBS|
|We all do man, we all do ;)                                     -somebodyªNBT|
|I posted the bbs list on: https://eab.abime.net                  -sandmanªWWW|
|is this thing on? it was showing a blank wall              -Night StalkerªINT|
|Pop that pussy! Heyyy! Pop that pussy, baby!                    ->>tRSi<<ªWWW|
|greeetz from germany                                               -smartªMBS|
|GWALL working fine here!                                         -VampireªARB|
|.pL suxx! :P                                                    ->>tRSi<<ªWWW|
`----[REbEL/QTX]-----  - ---  ---[K sHOWS bBS kEY]---- -  ---- ---[oRdYNe]- --'

pUSH tHE bUTTON ?! [y/N]







   ____________/\__  /\_______________/\    /\  /\___  ______   ___/\ ______
   \SP _      /  \/ /  \     _     \    \  /  \/    / /   ___\__\    \\    /
    \  /|____/    \/    \   |/     /    / /   /    /__\   \      \  / \\  /
    /\/ ___//  |  /     /   /   __/    /_/    \   //   \   \      \/   \\/
   /     | /   _  \    /    \    \    /  \     \ /_/    \         /     \
   \____ |/ ___|   \__ \___ |\____\  _    \__  /\_______/\___\   /\_____ \
        \|\/   |______\/   \|      \/ \___/  \/               \_/       \/

                       _
          /_       .  // -/-     ,   -/- ,_   _,_ ,__,   __   _   ,_
        _/_)_(_/__/__(/__/_    _/_)__/__/ (__(_/_/ / (__(_/__(/__/ (_
                                                        _/_
                      _                    _           (/
         -/- _,_     // __,   ,   -/-     //  _,_ ,__,   __   _   ,_
        _/__(_/    _(/_(_/(__/_)__/_    _(/__(_/_/ / (__(_/__(/__/ (_
                                                        _/_
                                                       (/

(Pause)...Space To Resume:





                       ........                                    .
  _ ______     ________:___   :     S  A  N  C  T  U  A  R  Y      .
_ __     /____/   ._      /...:....................................:..
  /     /    /.  _|/     /                                         :.:.. .  .
 /     /|     |  \_.____/__________  ________ _ _______   ________ |   |______
 \____________|____|  ._/   _     /_/   ._   \_ __    /___    _.  \.   ._     \
.. .   . ..:..        |    _/    /__    |/     |/    /   /.   \|   |   |/     /
:          :.:........|    \            |      |    /|    |    \__ |   |     /_
:. cRb/e^D ..:        |_____\__________________|__________|\_____/ |___|_____ _
             .         :       : ..... .... ... .. .          \____|
                       :.......: :...: :..: :.: :: :

                    S W E D I S H   H E A D Q U A R T E R S
(Pause)...Space To Resume:


Last 07 Days Files in >> Amiga Warez! << :      (Files: 55, Fakes: 00, Megs: 79.
2)
Yesterdays Statistics : 58 Files, 00 Fakes, 75.1 Megs !

     LILCLM28.LHA  O-CV1511.ZIP  VAMI44B5.ZIP  AGDEFNL.ZIP   BOOKH188.LHA
     AMIM3532.LHA  SEVGI185.LHA  WAYF106.LHA   WP-CZ11E.LHA  WP-CZ11A.LHA
     WP-CNY10.LHA  WP-CL15E.LHA  WP-CL15S.LHA  WP-CL15F.LHA  MUIDV340.LHA
     O-WASCD.LHA   O-WORDCD.LHA  EAR-BTZN.ZIP  O-BLK103.LHA  O-EMANCD.LHA
     O-YET104.LHA  ISOMT338.LHA  AMIA3532.LHA  AMIC3532.LHA  EASYR623.LHA
     ARXLIB12.LHA  F1GP25BR.LHA  GC-DKSTR.ZIP  W4101P02.ZIP  W4101B02.ZIP
     J-TNF106.DMS  J-TNF106.LHA  FIX-B103.DMS  FIX-B103.LHA  ILL-THCW.LHA
     WP-CNI15.LHA  WP-CGR10.LHA  WP-CBQ22.LHA  FUSION74.ZIP  BERUSR17.LHA
     STTGR227.ZIP  SPRMD02A.ZIP  O-BLK101.LHA  J-RGCR10.LHA  TESTP664.ZIP
     CPUM035.LHA   ODUNR935.LHA  ARSCM258.LHA  UADER213.LHA  MUPN1995.ZIP
     TLTL1010.LHA  LOVER080.LHA  FIX-THCB.DMS  O-THCCD.LHA   HLM-PHP.LHA

Last 07 Days Files in >> Abandoned Applications << :        (Files: 00, Fakes: 0
0, Megs: 00.0)
Yesterdays Statistics : 00 Files, 00 Fakes, 00.0 Megs !

Last 07 Days Files in >> /X Section << :        (Files: 00, Fakes: 00, Megs: 00.
0)
Yesterdays Statistics : 00 Files, 00 Fakes, 00.0 Megs !

Last 07 Days Files in >> C64 << :        (Files: 08, Fakes: 00, Megs: 00.3)

     FLT-DGDS.ZIP  LXT-DF2C.ZIP  ZITGC6D.ZIP   WFX-S1DH.ZIP  LXT-ZGC6.ZIP
     HFE-VC2D.ZIP  3AD-ADVP.ZIP  SHD-ECPV.ZIP

Last 07 Days Files in >> Scene Stuff << :        (Files: 00, Fakes: 00, Megs: 00
.0)
Yesterdays Statistics : 00 Files, 00 Fakes, 00.0 Megs !

Last 07 Days Files in   Chip Tunes << :        (Files: 00, Fakes: 00, Megs: 00.0
)
Yesterdays Statistics : 00 Files, 00 Fakes, 00.0 Megs !

Last 07 Days Files in >> Requests << :        (Files: 00, Fakes: 00, Megs: 00.0)

Yesterdays Statistics : 02 Files, 00 Fakes, 06.6 Megs !

Last 07 Days Files in >> TOCEC Apps << :        (Files: 00, Fakes: 00, Megs: 00.
0)
Yesterdays Statistics : 00 Files, 00 Fakes, 00.0 Megs !

Last 07 Days Files in >> ASCII & ANSI << :        (Files: 00, Fakes: 00, Megs: 0
0.0)
Yesterdays Statistics : 00 Files, 00 Fakes, 00.0 Megs !

Last 07 Days Files in >> Demo Dungeon Dir1 << :        (Files: 00, Fakes: 00, Me
gs: 00.0)
Yesterdays Statistics : 00 Files, 00 Fakes, 00.0 Megs !

Last 07 Days Files in >> Demo Dungeon Dir2 << :        (Files: 00, Fakes: 00, Me
gs: 00.0)
Yesterdays Statistics : 00 Files, 00 Fakes, 00.0 Megs !

Last 07 Days Files in >> Demo Dungeon Dir2 << :        (Files: 00, Fakes: 00, Me
gs: 00.0)
Yesterdays Statistics : 00 Files, 00 Fakes, 00.0 Megs !

  QuickNew V2.2 by Calypso/GOD & REbEL/QTX Date : 11-15-25   Time : 18:33:10


(Pause)...Space To Resume:


Scanning conferences for mail...

Scanning Conference: Lamer Zone - No mail today!
Scanning Conference: Amiga Warez! -

Type     From                           Subject                Msg
-------  -----------------------------  ---------------------  -------
Public   SANDMAN                        FTP Enabled            000002
Public   DINO                           tjena..                000026
Public   DINO                           DEMO PARTY IN SWEDEN   000070
Public   Sandman                        Results from Conftop!  000138
Public   Sandman                        Results from Conftop!  000139
Public   Sandman                        Results from Conftop!  000140
Public   Sandman                        Results from Conftop!  000141
Public   Sandman                        Results from Conftop!  000142
Public   Sandman                        Results from Conftop!  000143
Public   Sandman                        Results from Conftop!  000147
Public   Sandman                        Results from Conftop!  000149
Public   Sandman                        Results from Conftop!  000150
Public   Sandman                        Results from Conftop!  000152
Public   Sandman                        Results from Conftop!  000154
Public   Sandman                        Results from Conftop!  000156
Public   Sandman                        Results from Conftop!  000158
Public   Sandman                        Results from Conftop!  000159
Public   Sandman                        Results from Conftop!  000163
Public   Sandman                        Results from Conftop!  000168
Public   Sandman                        Results from Conftop!  000169
Public   Sandman                        Results from Conftop!  000174
Public   Sandman                        Results from Conftop!  000175
Public   Sandman                        Results from Conftop!  000177
Public   Sandman                        Results from Conftop!  000178
Public   Sandman                        Results from Conftop!  000223
Public   Sandman                        Results from Conftop!  000227
Public   Sandman                        Results from Conftop!  000228
Public   Sandman                        Results from Conftop!  000229
Public   Sandman                        Results from Conftop!  000231
Public   Sandman                        Results from Conftop!  000232
Public   Sandman                        Results from Conftop!  000233
Public   Sandman                        Results from Conftop!  000234
Public   Sandman                        Results from Conftop!  000239
Public   SANDMAN                        Global Elite BBS List  000240
Public   Sandman                        Results from Conftop!  000241
Public   Sandman                        Results from Conftop!  000242
Public   Sandman                        Results from Conftop!  000245
Public   Sandman                        Results from Conftop!  000249
Public   SANDMAN                        Global Elite BBS Onli  000250
Public   Sandman                        Results from Conftop!  000253
Public   Sandman                        Results from Conftop!  000255
Public   Sandman                        Results from Conftop!  000261

Would you like to read it now (Y/n)?

Public   Sandman                        Results from Conftop!  000255
Public   Sandman                        Results from Conftop!  000261

Would you like to read it now (Y/n)? Yes

Date   : Sat 24-Jun-2023 14:40:18         Number: 2
To     : KORVEN (ALL)                     Recv'd: No
From   : SANDMAN                          Status: Public Message
Subject: FTP Enabled

Hi, I have enabled FTP on the BBS. I'm aware that some users uploading alot to
Sanctuary so you might want to use the FTP for that?

If so, you can connect via ftp for up/download: sanctuary.zapto.org:1542

If you encounter any problems with this, please contact me and I will try to
solve it.

Up/download only is available in Amiga Warez! and C64 areas.

/Sandman


Msg. Options: A,D,F,R,L,Q,?,??,<CR> ( 140 ) >: q


Scanning Conference: Abandoned Apps - No mail today!
Scanning Conference: /X Section -

Type     From                           Subject                Msg
-------  -----------------------------  ---------------------  -------
Public   Sandman                        AmiExpress             000003
Public   Sandman                        Results from Conftop!  000023
Public   Sandman                        Results from Conftop!  000024
Public   Sandman                        Results from Conftop!  000025
Public   Sandman                        Results from Conftop!  000026
Public   Sandman                        Results from Conftop!  000027
Public   Sandman                        Results from Conftop!  000028
Public   Sandman                        Results from Conftop!  000029
Public   Sandman                        Results from Conftop!  000033

Would you like to read it now (Y/n)? No

Scanning Conference: C64 -

Type     From                           Subject                Msg
-------  -----------------------------  ---------------------  -------
Public   Sandman                        Fairlight release      000002
Public   Sandman                        New Fairlight release  000004
Public   Sandman                        New Release!           000007
Public   Sandman                        New FLT C64 Release    000008
Public   Sandman                        New FLT Release        000009
Public   Sandman                        New FLT c64 releases   000011
(Pause)...More(y/n/ns)? n
Scanning Conference: Scene Stuff -

Type     From                           Subject                Msg
-------  -----------------------------  ---------------------  -------
Public   Sandman                        New Release!           000004

(Pause)...More(y/n/ns)? n
Scanning Conference: Scene Stuff -

Type     From                           Subject                Msg
-------  -----------------------------  ---------------------  -------
Public   Sandman                        New Release!           000004

Would you like to read it now (Y/n)? No

Scanning Conference: Chip Tunes -

Type     From                           Subject                Msg
-------  -----------------------------  ---------------------  -------
Public   Sandman                        Up Rough Release       000007

Would you like to read it now (Y/n)? No

Scanning Conference: Requests -

Type     From                           Subject                Msg
-------  -----------------------------  ---------------------  -------
Public   Biotech                        Do this freak a favou  000022
Public   Sandman                        Do this freak a favou  000023
Public   Sandman                        Request door           000037
Public   Sandman                        REQUEST                000038
Public   Demon                          REQUEST                000040
Public   aNACHRONiST                    REQUEST                000045
Public   Sandancer                      REQUEST                000050
Public   R/\DIOSITY                     Apple Silicon & QEMU   000051
Public   Mic-NsT                        REQUEST                000053
(Pause)...More(y/n/ns)? n
Scanning Conference: ADF Area -

Type     From                           Subject                Msg
-------  -----------------------------  ---------------------  -------
Public   Sandman                        Bamiga Sector One!     000006

Would you like to read it now (Y/n)? No

Scanning Conference: ASCII & ANSI -

Type     From                           Subject                Msg
-------  -----------------------------  ---------------------  -------
Public   Sandman                        Results from Conftop!  000020

Would you like to read it now (Y/n)? No

Scanning Conference: Demo Dungeon - No mail today!
Scanning Conference: Beavis Collection -

Type     From                           Subject                Msg
-------  -----------------------------  ---------------------  -------
Public   Sandman                        Beavis CD Collection   000001

Would you like to read it now (Y/n)? No


(Pause)...Space To Resume:


                                       __                 __
                _  _ __ ____  /\  ____\\  * AMiGA WAREZ *  //______._
                             /  \                                  |
          ________/\ _ ___  /   \\   ___     _______/\  _ ______/\ :
         /    .__  \\     \/      \ (___)__.\\  ___ //____  .__  \\
      __/_    __/    \    \/       \       |_   \_ \/     \ __/    \
   _//___/____|       \_ _||        \_ ___ '/_____________/_|       \_
              |________/   |_________/    \/                |________/
               .______                                             .
         _____.|      \ _ ____/\ _ ___/\  _ ________   _________   |
        /     ||      \\  .__  \\ ___  \\       ___/ __\  _    /___:
       /      /\        \ __/    \  /  _/____  __)______\/ ___/    \_ ___ _
       \______/\________/_|       \_\        \_ _____  /____________//__//
                      yop |________/ \________/      \/            .
                                                               ____|_
                              _  _ __ ____ ___________________\\   '

                  <--  We Bring the Amiga back to Life  -->


(Pause)...Space To Resume:

Conference Top Uploaders (Version 2.3) Coded by Bobo/Mystic and Looby/Insane!

Conference: Amiga Warez!                              Day (6/7 - 1 days left)

No# Username (Handle)         Location (Group)           Files Uploaded Bytes
===-=========================-==========================-=====-==============
 1. MaRWic                    [bADkARMA&hOODLUM]            41    888.404.459
 2. R/\DIOSITY                HOODLUM                        3      1.987.964
 3.
 4.
 5.
 6.
 7.
 8.
 9.
10.
11.
12.
13.
14.
15.
16.
17.
18.
19.
20.

Total Uploaded Files: [    44 ]       Total Uploaded Bytes: [   890.392.423 ]
===-=========================-==========================-=====-==============
Top Uploader Last Period: MaRWic               Bytes: 1.740.060.649 Files:   65
Top Uploader Record     : DeaTure              Bytes: 2.088.282.473 Files:   61


(Pause)...Space To Resume:

(Pause)...Space To Resume:



Caller Num.: 20504
Lst Date On: Sat 15-Nov-2025 20:09:21
Security Lv: 50
# Times On : 1
Times Today: 1
Msgs Posted: 0
Online Baud: 19200
Rate CPS UP: 0
Rate CPS DN: 0
Screen  Clr: NO
Protocol   : /X Zmodem
Sysop  Here: NO

              Uploads                 Downloads

    Conf  Files    Bytes          Files    Bytes          Bytes Avail  Ratio
    ----  -------  -------------- -------  -------------- -----------  -----
       2>       0               0       0               0    Infinite  DSBLD



Conference 2: Amiga Warez! Auto-ReJoined

Total messages           : 262

Last message auto scanned: 140
Last message read        : 2

(Pause)...Space To Resume:


                       . __                   :            .
____ _________ __ /\   |\\/__________________ |\____:_____/|______: ________
.  __\_______ \\//  \__| \/   _______.__ _   \|     |.     |      | .  __  .
|  \/  _|    \ \/ .    |_     ___)___|_    \  \     ||     |      | |  \/  |
______ \  ____\  /____  /___________  /____|\  _____|_____________| ________
        \/     \/     \/            \/     : \/Sk!n
- -- --- ------------------------------------------------------------- -- - -
  [E].......eNTER MESSAGE  [FR]......rEVERSE FILES  [G].............gOODBYE
  [R].......rEAD MESSAGES  [N]......nEW FILES SCAN  [RZ].....iNSTANT UPLOAD
  [C]....cOMMENT TO SYSOP  [F].....fULL FILE LISTS  [X].........eXPERT MODE
  [J].....jOIN CONFERENCE  [CS]....cONFERENCE SCAN  [T]................tIME
  [CF].........cONF FLAGS  [Z]........zIPPY SEARCH  [WALL].............wALL
  [GAMES]....oNLINE gAMES  [REQ].....rEQUEST FILES  [TLIST] gLOBAL BBS LIST
  [MRC]..mULTI rELAY cHAT  [WHAT]cURRENT tRANSFERS  [ULIST] ......User List
  [CHAT]........nODE cHAT  [DD].dOWNLOAD fILE dIRS  [N S U] ......nEW fILES
  [O]..........pAGE SYSOP  [D]......dOWNLOAD FILES  [ZOOM]......gATHER MAIL
  [B]...........bULLETINS  [U]........uPLOAD FILES  [M].........aNSI ON/OFF
  [W]....cHANGE USER INFO  [A].....eDIT FILE FLAGS  [S]..........uSER STATS
- -- --- ------------------------------------------------------------- -- - -
Now attending to user: korven
- -- --- ------------------------------------------------------------- -- - -

Sanctuary - FAiRLiGHT SHQ [2:Amiga Warez!] Menu (16666652 mins. left):