=== 68K Door Session Log ===
Door: dRE!WAll
Started: 2026-01-21T21:48:28.626Z
Node: 2
Log: /Users/spot/Code/amiexpress-web/logs/door-68k-dRE_WAll-20260121214828.-N2.log
==================================================

[+0000.041s] [INFO] Session initialized for /Users/spot/Code/amiexpress-web/doors/dRE/dRE!WAll/dRE!WAll
[+0000.043s] [INFO] Log file: /Users/spot/Code/amiexpress-web/logs/door-68k-dRE_WAll-20260121214828.-N2.log
[+0000.374s] [INFO] Binary loaded: 11416 bytes
[+0000.375s] [INFO] Parsed 2 segments
[+0000.378s] [HUNK] Segment 0: CODE at 0x2008, size=9636 bytes
[+0000.380s] [HUNK] Segment 1: DATA at 0x4608, size=2104 bytes
[+0000.386s] [INFO] Entry point: 0x2008
[+0000.392s] [CPU] PC=0x2008 D0=0x2 A0=0xf0100 SP=0x5e54 A4=0xc606 A5=0x5e60 A6=0x80000
[+0000.489s] [INFO] Args: "2
" len=2
[+0008.727s] [INFO] Door completed: dRE!WAll status=ok
[+0101.395s] [INFO] Terminating session...

==================================================
Session ended after 101.40s
Reason: Session terminated
==================================================
