=== 68K Door Session Log ===
Door: dRE!WAll
Started: 2026-01-21T21:19:12.237Z
Node: 1
Log: /Users/spot/Code/amiexpress-web/logs/door-68k-dRE_WAll-20260121211912.-N1.log
==================================================

[+0000.014s] [INFO] Session initialized for /Users/spot/Code/amiexpress-web/doors/dRE/dRE!WAll/dRE!WAll
[+0000.017s] [INFO] Log file: /Users/spot/Code/amiexpress-web/logs/door-68k-dRE_WAll-20260121211912.-N1.log
[+0000.456s] [INFO] Binary loaded: 11416 bytes
[+0000.474s] [INFO] Parsed 2 segments
[+0000.496s] [HUNK] Segment 0: CODE at 0x2008, size=9636 bytes
[+0000.503s] [HUNK] Segment 1: DATA at 0x4608, size=2104 bytes
[+0000.512s] [INFO] Entry point: 0x2008
[+0000.524s] [CPU] PC=0x2008 D0=0x2 A0=0xf0100 SP=0x5e54 A4=0xc606 A5=0x5e60 A6=0x80000
[+0000.531s] [INFO] Args: "1
" len=2
[+0009.619s] [INFO] Door completed: dRE!WAll status=ok
[+0425.441s] [INFO] Terminating session...

==================================================
Session ended after 425.45s
Reason: Session terminated
==================================================
