=== 68K Door Session Log ===
Door: WALL
Started: 2026-01-21T21:40:41.435Z
Node: 1
Log: /Users/spot/Code/amiexpress-web/logs/door-68k-WALL-20260121214041.-N1.log
==================================================

[+0002.630s] [XIM] RX cmd=1 (JH_REGISTER) data=2 str=""
[+0004.008s] [XIM] RX cmd=3 (JH_WRITE) data=0 str="
"
[+0004.492s] [XIM] RX cmd=8 (JH_SF (Show File)) data=0 str="dOORS:dRE/dRE!WAll/dRE!WAll.StYlE.2"
[+0004.800s] [XIM] RX cmd=3 (JH_WRITE) data=0 str="[0 p"
[+0005.367s] [XIM] RX cmd=3 (JH_WRITE) data=0 str="[1 p"
[+0005.703s] [XIM] RX cmd=3 (JH_WRITE) data=0 str="
"
[+0006.096s] [XIM] RX cmd=8 (JH_SF (Show File)) data=0 str="dOORS:dRE/dRE!WAll/dRE!WAll.StYlE.2"
[+0006.449s] [XIM] RX cmd=3 (JH_WRITE) data=0 str="[22;0H [36mdRE[0m![36mWAll[0m v[33m2.0 [34m[[32mUNREGiStEREd VERSiON[34m][0m ([37mC[0m) [33m1994[0m bY [36mdR.dRE[0m ([36mtRSi [0m/[36mX[0m·[36miNNOVAtiON[0m)"
[+0006.687s] [XIM] RX cmd=3 (JH_WRITE) data=0 str="[23;1H[36mEnter a Line to the Wall [32m([33mY[34m/[33mn[32m)[0m :"
[+0007.080s] [XIM] RX cmd=6 (JH_HK (Hotkey)) data=73 str=""
[+0007.487s] [XIM] RX cmd=3 (JH_WRITE) data=0 str="[23;1H                                [23;1H"
[+0007.707s] [XIM] RX cmd=105 (DT_SECSTATUS) data=1 str="[23;1H                                [23;1H"
[+0007.884s] [XIM] RX cmd=3 (JH_WRITE) data=0 str="[36mWrite Anonymous ? [32m([33mN[34m/[33my[32m)[0m :"
[+0008.193s] [XIM] RX cmd=6 (JH_HK (Hotkey)) data=59 str=""
