=== 68K Door Session Log ===
Door: dRE!WAll
Started: 2026-01-21T21:46:51.526Z
Node: 1
Log: /Users/spot/Code/amiexpress-web/logs/door-68k-dRE_WAll-20260121214651.-N1.log
==================================================

[+0000.049s] [INFO] Session initialized for /Users/spot/Code/amiexpress-web/doors/dRE/dRE!WAll/dRE!WAll
[+0000.051s] [INFO] Log file: /Users/spot/Code/amiexpress-web/logs/door-68k-dRE_WAll-20260121214651.-N1.log
[+0000.519s] [INFO] Binary loaded: 11416 bytes
[+0000.526s] [INFO] Parsed 2 segments
[+0000.529s] [HUNK] Segment 0: CODE at 0x2008, size=9636 bytes
[+0000.542s] [HUNK] Segment 1: DATA at 0x4608, size=2104 bytes
[+0000.683s] [INFO] Entry point: 0x2008
[+0000.693s] [CPU] PC=0x2008 D0=0x2 A0=0xf0100 SP=0x5e54 A4=0xc606 A5=0x5e60 A6=0x80000
[+0000.701s] [INFO] Args: "1
" len=2
[+0016.654s] [INFO] Door completed: dRE!WAll status=ok
[+0084.787s] [INFO] Terminating session...

==================================================
Session ended after 84.80s
Reason: Session terminated
==================================================
