**************************************************************
 () >> Node 1 <<
Password failure by user #0: Sysop from Local Console
Connect string: >Error reading CallersLog!<
**************************************************************
 () >> Node 1 <<
Password failure by user #0: Sysop from Local Console
Connect string: >Error reading CallersLog!<
**************************************************************
 () >> Node 1 <<
Password failure by user #0: Sysop from Local Console
Connect string: >Error reading CallersLog!<
**************************************************************
 () >> Node 1 <<
Password failure by user #1: sysop from Test Lab
Connect string: >Error reading CallersLog!<
**************************************************************
 () >> Node 1 <<
Password failure by user #1: sysop from Test Lab
Connect string: >Error reading CallersLog!<
**************************************************************
 () >> Node 1 <<
Password failure by user #1: sysop from Test Lab
Connect string: >Error reading CallersLog!<
**************************************************************
 () >> Node 1 <<
Password failure by user #1: sysop from Test Lab
Connect string: >Error reading CallersLog!<
**************************************************************
 () >> Node 1 <<
Password failure by user #1: sysop from Test Lab
Connect string: >Error reading CallersLog!<
**************************************************************
 () >> Node 1 <<
Password failure by user #1: sysop from Test Lab
Connect string: >Error reading CallersLog!<
**************************************************************
 () >> Node 1 <<
Password failure by user #1: sysop from Test Lab
Connect string: >Error reading CallersLog!<
**************************************************************
 () >> Node 1 <<
Password failure by user #1: sysop from Test Lab
Connect string: >Error reading CallersLog!<
**************************************************************
 () >> Node 1 <<
Password failure by user #1: sysop from Test Lab
Connect string: >Error reading CallersLog!<
**************************************************************
 () >> Node 1 <<
Password failure by user #1: sysop from Test Lab
Connect string: >Error reading CallersLog!<
**************************************************************
 () >> Node 1 <<
Password failure by user #1: sysop from Test Lab
Connect string: >Error reading CallersLog!<
**************************************************************
 () >> Node 1 <<
Password failure by user #1: sysop from Test Lab
Connect string: >Error reading CallersLog!<
**************************************************************
 () >> Node 1 <<
Password failure by user #1: sysop from Test Lab
Connect string: >Error reading CallersLog!<
**************************************************************
 () >> Node 1 <<
Password failure by user #1: sysop from Test Lab
Connect string: >Error reading CallersLog!<
**************************************************************
 () >> Node 1 <<
Password failure by user #1: sysop from Test Lab
Connect string: >Error reading CallersLog!<
