// Jest Snapshot v1, https://goo.gl/fbAQLP

exports[`80-column baseline: painted buffers centered bordered modal (modal-centring-shaped) 1`] = `
[
  "00 chr |                                                                                |",
  "00 att 3fe00*80",
  "01 chr |                                                                                |",
  "01 att 3fe00*80",
  "02 chr |                                                                                |",
  "02 att 3fe00*80",
  "03 chr |                                                                                |",
  "03 att 3fe00*80",
  "04 chr |                                                                                |",
  "04 att 3fe00*80",
  "05 chr |                                                                                |",
  "05 att 3fe00*80",
  "06 chr |                                                                                |",
  "06 att 3fe00*80",
  "07 chr |               .------------------------------------------------.               |",
  "07 att 3fe00*15 3ffff*50 3fe00*15",
  "08 chr |               |                                                |               |",
  "08 att 3fe00*15 3ffff*1 3fe00*48 3ffff*1 3fe00*15",
  "09 chr |               |                                                |               |",
  "09 att 3fe00*15 3ffff*1 3fe00*48 3ffff*1 3fe00*15",
  "10 chr |               |                                                |               |",
  "10 att 3fe00*15 3ffff*1 3fe00*48 3ffff*1 3fe00*15",
  "11 chr |               |       Are you sure you want to continue?       |               |",
  "11 att 3fe00*15 3ffff*1 3fe00*48 3ffff*1 3fe00*15",
  "12 chr |               |                                                |               |",
  "12 att 3fe00*15 3ffff*1 3fe00*48 3ffff*1 3fe00*15",
  "13 chr |               |                                                |               |",
  "13 att 3fe00*15 3ffff*1 3fe00*48 3ffff*1 3fe00*15",
  "14 chr |               |                                                |               |",
  "14 att 3fe00*15 3ffff*1 3fe00*48 3ffff*1 3fe00*15",
  "15 chr |               |                                                |               |",
  "15 att 3fe00*15 3ffff*1 3fe00*48 3ffff*1 3fe00*15",
  "16 chr |               \`------------------------------------------------'               |",
  "16 att 3fe00*15 3ffff*50 3fe00*15",
  "17 chr |                                                                                |",
  "17 att 3fe00*80",
  "18 chr |                                                                                |",
  "18 att 3fe00*80",
  "19 chr |                                                                                |",
  "19 att 3fe00*80",
  "20 chr |                                                                                |",
  "20 att 3fe00*80",
  "21 chr |                                                                                |",
  "21 att 3fe00*80",
  "22 chr |                                                                                |",
  "22 att 3fe00*80",
  "23 chr |                                                                                |",
  "23 att 3fe00*80",
]
`;

exports[`80-column baseline: painted buffers full-width list with selection 1`] = `
[
  "00 chr |  Item number 1 with some descriptive text                                      |",
  "00 att 3fe00*80",
  "01 chr |  Item number 2 with some descriptive text                                      |",
  "01 att 3fe00*80",
  "02 chr |  Item number 3 with some descriptive text                                      |",
  "02 att 3fe00*80",
  "03 chr |> Item number 4 with some descriptive text                                      |",
  "03 att 3fe00*80",
  "04 chr |  Item number 5 with some descriptive text                                      |",
  "04 att 3fe00*80",
  "05 chr |  Item number 6 with some descriptive text                                      |",
  "05 att 3fe00*80",
  "06 chr |  Item number 7 with some descriptive text                                      |",
  "06 att 3fe00*80",
  "07 chr |  Item number 8 with some descriptive text                                      |",
  "07 att 3fe00*80",
  "08 chr |  Item number 9 with some descriptive text                                      |",
  "08 att 3fe00*80",
  "09 chr |  Item number 10 with some descriptive text                                     |",
  "09 att 3fe00*80",
  "10 chr |                                                                                |",
  "10 att 3fe00*80",
  "11 chr |                                                                                |",
  "11 att 3fe00*80",
  "12 chr |                                                                                |",
  "12 att 3fe00*80",
  "13 chr |                                                                                |",
  "13 att 3fe00*80",
  "14 chr |                                                                                |",
  "14 att 3fe00*80",
  "15 chr |                                                                                |",
  "15 att 3fe00*80",
  "16 chr |                                                                                |",
  "16 att 3fe00*80",
  "17 chr |                                                                                |",
  "17 att 3fe00*80",
  "18 chr |                                                                                |",
  "18 att 3fe00*80",
  "19 chr |                                                                                |",
  "19 att 3fe00*80",
  "20 chr |                                                                                |",
  "20 att 3fe00*80",
  "21 chr |                                                                                |",
  "21 att 3fe00*80",
  "22 chr |                                                                                |",
  "22 att 3fe00*80",
  "23 chr |                                                                                |",
  "23 att 3fe00*80",
]
`;

exports[`80-column baseline: painted buffers masthead + footer + list/detail panel layout (doorman-shaped) 1`] = `
[
  "00 chr |.------------------------------------------------------------------------------.|",
  "00 att 3ffff*80",
  "01 chr ||                                                                              ||",
  "01 att 3ffff*1 e00*78 3ffff*1",
  "02 chr |\`------------------------------------------------------------------------------'|",
  "02 att 3ffff*80",
  "03 chr |.--------------------------..--------------------------------------------------.|",
  "03 att 3ffff*80",
  "04 chr ||                          ||Detail panel content, eighty columns wide.        ||",
  "04 att 3ffff*1 e00*26 3ffff*2 3fe00*50 3ffff*1",
  "05 chr || > Alpha Door             ||                                                  ||",
  "05 att 3ffff*1 e00*1 3fe00*24 e00*1 3ffff*2 3fe00*50 3ffff*1",
  "06 chr ||   Beta Door              ||                                                  ||",
  "06 att 3ffff*1 e00*1 3fe00*24 e00*1 3ffff*2 3fe00*50 3ffff*1",
  "07 chr ||   Gamma Door             ||                                                  ||",
  "07 att 3ffff*1 e00*1 3fe00*24 e00*1 3ffff*2 3fe00*50 3ffff*1",
  "08 chr ||   Delta Door             ||                                                  ||",
  "08 att 3ffff*1 e00*1 3fe00*24 e00*1 3ffff*2 3fe00*50 3ffff*1",
  "09 chr ||                          ||                                                  ||",
  "09 att 3ffff*1 e00*1 3fe00*24 e00*1 3ffff*2 3fe00*50 3ffff*1",
  "10 chr ||                          ||                                                  ||",
  "10 att 3ffff*1 e00*1 3fe00*24 e00*1 3ffff*2 3fe00*50 3ffff*1",
  "11 chr ||                          ||                                                  ||",
  "11 att 3ffff*1 e00*1 3fe00*24 e00*1 3ffff*2 3fe00*50 3ffff*1",
  "12 chr ||                          ||                                                  ||",
  "12 att 3ffff*1 e00*1 3fe00*24 e00*1 3ffff*2 3fe00*50 3ffff*1",
  "13 chr ||                          ||                                                  ||",
  "13 att 3ffff*1 e00*1 3fe00*24 e00*1 3ffff*2 3fe00*50 3ffff*1",
  "14 chr ||                          ||                                                  ||",
  "14 att 3ffff*1 e00*1 3fe00*24 e00*1 3ffff*2 3fe00*50 3ffff*1",
  "15 chr ||                          ||                                                  ||",
  "15 att 3ffff*1 e00*1 3fe00*24 e00*1 3ffff*2 3fe00*50 3ffff*1",
  "16 chr ||                          ||                                                  ||",
  "16 att 3ffff*1 e00*1 3fe00*24 e00*1 3ffff*2 3fe00*50 3ffff*1",
  "17 chr ||                          ||                                                  ||",
  "17 att 3ffff*1 e00*1 3fe00*24 e00*1 3ffff*2 3fe00*50 3ffff*1",
  "18 chr ||                          ||                                                  ||",
  "18 att 3ffff*1 e00*1 3fe00*24 e00*1 3ffff*2 3fe00*50 3ffff*1",
  "19 chr ||                          ||                                                  ||",
  "19 att 3ffff*1 e00*26 3ffff*2 3fe00*50 3ffff*1",
  "20 chr |\`--------------------------'\`--------------------------------------------------'|",
  "20 att 3ffff*80",
  "21 chr |.------------------------------------------------------------------------------.|",
  "21 att 3ffff*80",
  "22 chr ||                                                                              ||",
  "22 att 3ffff*1 e00*78 3ffff*1",
  "23 chr |\`------------------------------------------------------------------------------'|",
  "23 att 3ffff*80",
]
`;
