// Jest Snapshot v1, https://goo.gl/fbAQLP

exports[`40-column baseline: painted buffers centered bordered modal at the XXS dialog width 1`] = `
[
  "00 chr |                                        |",
  "00 att 3fe00*40",
  "01 chr |                                        |",
  "01 att 3fe00*40",
  "02 chr |                                        |",
  "02 att 3fe00*40",
  "03 chr |                                        |",
  "03 att 3fe00*40",
  "04 chr |                                        |",
  "04 att 3fe00*40",
  "05 chr |                                        |",
  "05 att 3fe00*40",
  "06 chr |                                        |",
  "06 att 3fe00*40",
  "07 chr | .------------------------------------. |",
  "07 att 3fe00*1 3ffff*38 3fe00*1",
  "08 chr | |                                    | |",
  "08 att 3fe00*1 3ffff*1 3fe00*36 3ffff*1 3fe00*1",
  "09 chr | |                                    | |",
  "09 att 3fe00*1 3ffff*1 3fe00*36 3ffff*1 3fe00*1",
  "10 chr | |                                    | |",
  "10 att 3fe00*1 3ffff*1 3fe00*36 3ffff*1 3fe00*1",
  "11 chr | | Are you sure you want to continue? | |",
  "11 att 3fe00*1 3ffff*1 3fe00*36 3ffff*1 3fe00*1",
  "12 chr | |                                    | |",
  "12 att 3fe00*1 3ffff*1 3fe00*36 3ffff*1 3fe00*1",
  "13 chr | |                                    | |",
  "13 att 3fe00*1 3ffff*1 3fe00*36 3ffff*1 3fe00*1",
  "14 chr | |                                    | |",
  "14 att 3fe00*1 3ffff*1 3fe00*36 3ffff*1 3fe00*1",
  "15 chr | |                                    | |",
  "15 att 3fe00*1 3ffff*1 3fe00*36 3ffff*1 3fe00*1",
  "16 chr | \`------------------------------------' |",
  "16 att 3fe00*1 3ffff*38 3fe00*1",
  "17 chr |                                        |",
  "17 att 3fe00*40",
  "18 chr |                                        |",
  "18 att 3fe00*40",
  "19 chr |                                        |",
  "19 att 3fe00*40",
  "20 chr |                                        |",
  "20 att 3fe00*40",
  "21 chr |                                        |",
  "21 att 3fe00*40",
  "22 chr |                                        |",
  "22 att 3fe00*40",
  "23 chr |                                        |",
  "23 att 3fe00*40",
  "24 chr |                                        |",
  "24 att 3fe00*40",
]
`;

exports[`40-column baseline: painted buffers full-width list with selection 1`] = `
[
  "00 chr |  Item number 1 with some descriptive t |",
  "00 att 3fe00*40",
  "01 chr |  ext                                   |",
  "01 att 3fe00*40",
  "02 chr |  Item number 2 with some descriptive t |",
  "02 att 3fe00*40",
  "03 chr |  ext                                   |",
  "03 att 3fe00*40",
  "04 chr |  Item number 3 with some descriptive t |",
  "04 att 3fe00*40",
  "05 chr |  ext                                   |",
  "05 att 3fe00*40",
  "06 chr |> Item number 4 with some descriptive t |",
  "06 att 3fe00*40",
  "07 chr |  ext                                   |",
  "07 att 3fe00*40",
  "08 chr |  Item number 5 with some descriptive t |",
  "08 att 3fe00*40",
  "09 chr |  ext                                   |",
  "09 att 3fe00*40",
  "10 chr |  Item number 6 with some descriptive t |",
  "10 att 3fe00*40",
  "11 chr |  ext                                   |",
  "11 att 3fe00*40",
  "12 chr |  Item number 7 with some descriptive t |",
  "12 att 3fe00*40",
  "13 chr |  ext                                   |",
  "13 att 3fe00*40",
  "14 chr |  Item number 8 with some descriptive t |",
  "14 att 3fe00*40",
  "15 chr |  ext                                   |",
  "15 att 3fe00*40",
  "16 chr |  Item number 9 with some descriptive t |",
  "16 att 3fe00*40",
  "17 chr |  ext                                   |",
  "17 att 3fe00*40",
  "18 chr |  Item number 10 with some descriptive  |",
  "18 att 3fe00*40",
  "19 chr |  text                                  |",
  "19 att 3fe00*40",
  "20 chr |                                        |",
  "20 att 3fe00*40",
  "21 chr |                                        |",
  "21 att 3fe00*40",
  "22 chr |                                        |",
  "22 att 3fe00*40",
  "23 chr |                                        |",
  "23 att 3fe00*40",
  "24 chr |                                        |",
  "24 att 3fe00*40",
]
`;

exports[`40-column baseline: painted buffers masthead + footer + list/detail panel layout (doorman-shaped, via createScreen) 1`] = `
[
  "00 chr |.--------------------------------------.|",
  "00 att 3ffff*40",
  "01 chr ||                                      ||",
  "01 att 3ffff*1 e00*38 3ffff*1",
  "02 chr |\`--------------------------------------'|",
  "02 att 3ffff*40",
  "03 chr |.------------..------------------------.|",
  "03 att 3ffff*40",
  "04 chr ||            ||Detail panel, forty colu||",
  "04 att 3ffff*1 e00*12 3ffff*2 3fe00*24 3ffff*1",
  "05 chr || > Alpha D  ||mns wide.               ||",
  "05 att 3ffff*1 e00*1 3fe00*10 e00*1 3ffff*2 3fe00*24 3ffff*1",
  "06 chr ||   oor      ||                        ||",
  "06 att 3ffff*1 e00*1 3fe00*10 e00*1 3ffff*2 3fe00*24 3ffff*1",
  "07 chr ||   Beta Do  ||                        ||",
  "07 att 3ffff*1 e00*1 3fe00*10 e00*1 3ffff*2 3fe00*24 3ffff*1",
  "08 chr ||   or       ||                        ||",
  "08 att 3ffff*1 e00*1 3fe00*10 e00*1 3ffff*2 3fe00*24 3ffff*1",
  "09 chr ||   Gamma D  ||                        ||",
  "09 att 3ffff*1 e00*1 3fe00*10 e00*1 3ffff*2 3fe00*24 3ffff*1",
  "10 chr ||   oor      ||                        ||",
  "10 att 3ffff*1 e00*1 3fe00*10 e00*1 3ffff*2 3fe00*24 3ffff*1",
  "11 chr ||   Delta D  ||                        ||",
  "11 att 3ffff*1 e00*1 3fe00*10 e00*1 3ffff*2 3fe00*24 3ffff*1",
  "12 chr ||   oor      ||                        ||",
  "12 att 3ffff*1 e00*1 3fe00*10 e00*1 3ffff*2 3fe00*24 3ffff*1",
  "13 chr ||            ||                        ||",
  "13 att 3ffff*1 e00*1 3fe00*10 e00*1 3ffff*2 3fe00*24 3ffff*1",
  "14 chr ||            ||                        ||",
  "14 att 3ffff*1 e00*1 3fe00*10 e00*1 3ffff*2 3fe00*24 3ffff*1",
  "15 chr ||            ||                        ||",
  "15 att 3ffff*1 e00*1 3fe00*10 e00*1 3ffff*2 3fe00*24 3ffff*1",
  "16 chr ||            ||                        ||",
  "16 att 3ffff*1 e00*1 3fe00*10 e00*1 3ffff*2 3fe00*24 3ffff*1",
  "17 chr ||            ||                        ||",
  "17 att 3ffff*1 e00*1 3fe00*10 e00*1 3ffff*2 3fe00*24 3ffff*1",
  "18 chr ||            ||                        ||",
  "18 att 3ffff*1 e00*1 3fe00*10 e00*1 3ffff*2 3fe00*24 3ffff*1",
  "19 chr ||            ||                        ||",
  "19 att 3ffff*1 e00*1 3fe00*10 e00*1 3ffff*2 3fe00*24 3ffff*1",
  "20 chr ||            ||                        ||",
  "20 att 3ffff*1 e00*12 3ffff*2 3fe00*24 3ffff*1",
  "21 chr |\`------------'\`------------------------'|",
  "21 att 3ffff*40",
  "22 chr |.--------------------------------------.|",
  "22 att 3ffff*40",
  "23 chr ||                                      ||",
  "23 att 3ffff*1 e00*38 3ffff*1",
  "24 chr |\`--------------------------------------'|",
  "24 att 3ffff*40",
]
`;
