            _ __/\_________ _  _ __/\______. ___ ________/\___ _
           \\\\_ _   \_ _  \\\\\\\_ ______ | \_ )     ___ ___////
           :::/__/   /  |__/:::::/  _)__/  |_/  \\_/  |/  _)___::
           ::/ \____/   !  \::::/       /  |  \  \/   /       /::
           ::\___|::\_______\:::\____  /______/__/____\____  /:::
           >=========================\/================cgr=\/===<

Conference Top Uploaders v2.2 by Bobo (Mystic/X-Design) & Looby (Insane/X Dev)
Conference: »0-DaY pC-sTuFf«                          Day: (5/7 - 3 days left)

No# Username (Handle)          Location (Group)           Files Uploaded Bytes
===-==========================-==========================-=====-==============
 1. Petrol Pedro               Terbo? Me2!                   18     21.114.929
 2. ScazzI                     íON MY OWNí                   11     10.099.460
 3. EAZ                        -*-iN THe BeToNG-*-            8      6.490.431
 4. GRENdEL                    -=+ T.R.G +=-                  5      5.904.097
 5. il cattino                 /\ Dark Force /\               8      4.371.578
 6. ZEBULON                    -> pC rULeS <-                13      3.373.802
 7. BoOmErAnG                  .:iNDEPENDENT:.                2      3.124.073
 8. SAVAGE                     SToCKHoLM                      5      2.785.016
 9. Bear                       /:/ DARK FORCE \:\             2      2.366.753
10. Bad Karma                  No, Not Me Again!...           3      1.479.141

- Total Uploaded files: [     101]     Total Uploaded bytes: [   64.177.440] -
==============================-==========================-=====-==============
Top Uploader last period: Bad Karma            Bytes:  41.409.942  Files:   46
Top Uploader record     : SCREWBALL            Bytes:  49.903.021  Files:   39
